Archive member included to satisfy reference by file (symbol)

d:/program files (x86)/atmel/studio/7.0/toolchain/avr8/avr8-gnu-toolchain/bin/../lib/gcc/avr/4.9.2/avr51\libgcc.a(_exit.o)
                              D:/Program Files (x86)/Atmel/Studio/7.0/Packs/atmel/ATmega_DFP/1.0.106/gcc/dev/atmega1284/avr51/crtatmega1284.o (exit)
d:/program files (x86)/atmel/studio/7.0/toolchain/avr8/avr8-gnu-toolchain/bin/../lib/gcc/avr/4.9.2/avr51\libgcc.a(_clear_bss.o)
                              includes/lcd.o (__do_clear_bss)
d:/program files (x86)/atmel/studio/7.0/toolchain/avr8/avr8-gnu-toolchain/bin/../lib/gcc/avr/4.9.2/../../../../avr/lib/avr51\libc.a(itoa_ncheck.o)
                              includes/uart.o (__itoa_ncheck)
d:/program files (x86)/atmel/studio/7.0/toolchain/avr8/avr8-gnu-toolchain/bin/../lib/gcc/avr/4.9.2/../../../../avr/lib/avr51\libc.a(utoa_ncheck.o)
                              d:/program files (x86)/atmel/studio/7.0/toolchain/avr8/avr8-gnu-toolchain/bin/../lib/gcc/avr/4.9.2/../../../../avr/lib/avr51\libc.a(itoa_ncheck.o) (__utoa_common)
d:/program files (x86)/atmel/studio/7.0/toolchain/avr8/avr8-gnu-toolchain/bin/../lib/gcc/avr/4.9.2/../../../../avr/lib/avr51\libc.a(strrev.o)
                              d:/program files (x86)/atmel/studio/7.0/toolchain/avr8/avr8-gnu-toolchain/bin/../lib/gcc/avr/4.9.2/../../../../avr/lib/avr51\libc.a(utoa_ncheck.o) (strrev)

Allocating common symbols
Common symbol       size              file

uart_outfifo        0x8               includes/uart.o
uart_outbuf         0x40              includes/uart.o
uart_infifo         0x8               includes/uart.o
uart_inbuf          0x10              includes/uart.o
lcd_framebuffer     0x400             includes/lcd.o

Discarded input sections

 .data          0x00000000        0x0 D:/Program Files (x86)/Atmel/Studio/7.0/Packs/atmel/ATmega_DFP/1.0.106/gcc/dev/atmega1284/avr51/crtatmega1284.o
 .bss           0x00000000        0x0 D:/Program Files (x86)/Atmel/Studio/7.0/Packs/atmel/ATmega_DFP/1.0.106/gcc/dev/atmega1284/avr51/crtatmega1284.o
 .text          0x00000000        0x0 001.o
 .data          0x00000000        0x0 001.o
 .bss           0x00000000        0x0 001.o
 .progmem.data.emg_logo
                0x00000000      0x280 001.o
 .text          0x00000000        0x0 includes/dataflash.o
 .data          0x00000000        0x0 includes/dataflash.o
 .bss           0x00000000        0x0 includes/dataflash.o
 .text.dataflash_opcode_and_address
                0x00000000       0x40 includes/dataflash.o
 .text.dataflash_wait
                0x00000000       0x16 includes/dataflash.o
 .text.dataflash_init
                0x00000000        0xa includes/dataflash.o
 .text.dataflash_buffer_to_page
                0x00000000       0x38 includes/dataflash.o
 .text.dataflash_page_to_buffer
                0x00000000       0x38 includes/dataflash.o
 .text.dataflash_buffer_read
                0x00000000       0x68 includes/dataflash.o
 .text.dataflash_buffer_write
                0x00000000       0x66 includes/dataflash.o
 .text.dataflash_read
                0x00000000       0x56 includes/dataflash.o
 .text.dataflash_chip_erase
                0x00000000       0x22 includes/dataflash.o
 .debug_info    0x00000000      0x53e includes/dataflash.o
 .debug_abbrev  0x00000000       0xf4 includes/dataflash.o
 .debug_loc     0x00000000      0x654 includes/dataflash.o
 .debug_aranges
                0x00000000       0x60 includes/dataflash.o
 .debug_ranges  0x00000000       0x50 includes/dataflash.o
 .debug_line    0x00000000      0x2bc includes/dataflash.o
 .debug_str     0x00000000      0x295 includes/dataflash.o
 .comment       0x00000000       0x31 includes/dataflash.o
 .debug_frame   0x00000000      0x148 includes/dataflash.o
 .text          0x00000000        0x0 includes/fifo.o
 .data          0x00000000        0x0 includes/fifo.o
 .bss           0x00000000        0x0 includes/fifo.o
 .text.fifo_init
                0x00000000       0x14 includes/fifo.o
 .text.fifo_get_wait
                0x00000000       0x10 includes/fifo.o
 .text          0x00000000        0x0 includes/lcd.o
 .data          0x00000000        0x0 includes/lcd.o
 .bss           0x00000000        0x0 includes/lcd.o
 .text.LCD_Send
                0x00000000        0x6 includes/lcd.o
 .text.LCD_Update
                0x00000000       0x9e includes/lcd.o
 .text.LCD_Clear
                0x00000000       0x2e includes/lcd.o
 .text.LCD_DrawPixel
                0x00000000       0x90 includes/lcd.o
 .text.LCD_DrawLine
                0x00000000       0xf8 includes/lcd.o
 .text.LCD_DrawCircle
                0x00000000      0x114 includes/lcd.o
 .text.LCD_PutChar
                0x00000000       0x94 includes/lcd.o
 .text.LCD_PutString
                0x00000000       0x1e includes/lcd.o
 .text.LCD_PutString_P
                0x00000000       0x24 includes/lcd.o
 .text.LCD_GotoXY
                0x00000000        0xa includes/lcd.o
 .text.LCD_WipeLine
                0x00000000       0x46 includes/lcd.o
 .text.Backlight_Off
                0x00000000       0x34 includes/lcd.o
 .text.LCD_Init
                0x00000000       0x64 includes/lcd.o
 .text.Backlight_LED
                0x00000000       0x22 includes/lcd.o
 .text.Backlight_PWM
                0x00000000       0x40 includes/lcd.o
 .text.LCD_SavePage
                0x00000000       0x52 includes/lcd.o
 .text.LCD_LoadPage
                0x00000000       0x54 includes/lcd.o
 .bss.lcd_texty
                0x00000000        0x1 includes/lcd.o
 .bss.lcd_textx
                0x00000000        0x1 includes/lcd.o
 .bss.lcd_frameupdate
                0x00000000        0x1 includes/lcd.o
 .progmem.data.font
                0x00000000      0x600 includes/lcd.o
 .debug_info    0x00000000      0xd35 includes/lcd.o
 .debug_abbrev  0x00000000      0x27c includes/lcd.o
 .debug_loc     0x00000000      0xc3f includes/lcd.o
 .debug_aranges
                0x00000000       0xa0 includes/lcd.o
 .debug_ranges  0x00000000       0xa8 includes/lcd.o
 .debug_line    0x00000000      0x5d1 includes/lcd.o
 .debug_str     0x00000000      0x3ad includes/lcd.o
 .comment       0x00000000       0x31 includes/lcd.o
 .debug_frame   0x00000000      0x24c includes/lcd.o
 COMMON         0x00000000      0x400 includes/lcd.o
 .text          0x00000000        0x0 includes/spi.o
 .data          0x00000000        0x0 includes/spi.o
 .bss           0x00000000        0x0 includes/spi.o
 .text.SPI_MasterInit
                0x00000000       0x24 includes/spi.o
 .text.SPI_MasterTransfer
                0x00000000        0xa includes/spi.o
 .text.SPI_MasterTransferRead
                0x00000000        0xc includes/spi.o
 .bss.SPI_flag  0x00000000        0x2 includes/spi.o
 .debug_info    0x00000000       0xee includes/spi.o
 .debug_abbrev  0x00000000       0xb6 includes/spi.o
 .debug_loc     0x00000000       0x1f includes/spi.o
 .debug_aranges
                0x00000000       0x30 includes/spi.o
 .debug_ranges  0x00000000       0x20 includes/spi.o
 .debug_line    0x00000000      0x111 includes/spi.o
 .debug_str     0x00000000      0x1c6 includes/spi.o
 .comment       0x00000000       0x31 includes/spi.o
 .debug_frame   0x00000000       0x44 includes/spi.o
 .text          0x00000000        0x0 includes/twi.o
 .data          0x00000000        0x0 includes/twi.o
 .bss           0x00000000        0x0 includes/twi.o
 .text.TWI_Init
                0x00000000       0x28 includes/twi.o
 .text.TWI_Start
                0x00000000       0x36 includes/twi.o
 .text.TWI_Address_RW
                0x00000000       0x3a includes/twi.o
 .text.TWI_Write
                0x00000000       0x3a includes/twi.o
 .text.TWI_Stop
                0x00000000        0xe includes/twi.o
 .text          0x00000000        0x0 includes/uart.o
 .data          0x00000000        0x0 includes/uart.o
 .bss           0x00000000        0x0 includes/uart.o
 .text.UART_Init
                0x00000000       0x3c includes/uart.o
 .text.UART_PutChar
                0x00000000       0x16 includes/uart.o
 .text.UART_GetChar
                0x00000000        0xa includes/uart.o
 .text.UART_GetChar_Wait
                0x00000000        0xa includes/uart.o
 .text.UART_PutString
                0x00000000       0x24 includes/uart.o
 .text.UART_PutInteger
                0x00000000       0x3a includes/uart.o
 .text          0x00000000        0x0 d:/program files (x86)/atmel/studio/7.0/toolchain/avr8/avr8-gnu-toolchain/bin/../lib/gcc/avr/4.9.2/avr51\libgcc.a(_exit.o)
 .data          0x00000000        0x0 d:/program files (x86)/atmel/studio/7.0/toolchain/avr8/avr8-gnu-toolchain/bin/../lib/gcc/avr/4.9.2/avr51\libgcc.a(_exit.o)
 .bss           0x00000000        0x0 d:/program files (x86)/atmel/studio/7.0/toolchain/avr8/avr8-gnu-toolchain/bin/../lib/gcc/avr/4.9.2/avr51\libgcc.a(_exit.o)
 .text.libgcc.mul
                0x00000000        0x0 d:/program files (x86)/atmel/studio/7.0/toolchain/avr8/avr8-gnu-toolchain/bin/../lib/gcc/avr/4.9.2/avr51\libgcc.a(_exit.o)
 .text.libgcc.div
                0x00000000        0x0 d:/program files (x86)/atmel/studio/7.0/toolchain/avr8/avr8-gnu-toolchain/bin/../lib/gcc/avr/4.9.2/avr51\libgcc.a(_exit.o)
 .text.libgcc   0x00000000        0x0 d:/program files (x86)/atmel/studio/7.0/toolchain/avr8/avr8-gnu-toolchain/bin/../lib/gcc/avr/4.9.2/avr51\libgcc.a(_exit.o)
 .text.libgcc.prologue
                0x00000000        0x0 d:/program files (x86)/atmel/studio/7.0/toolchain/avr8/avr8-gnu-toolchain/bin/../lib/gcc/avr/4.9.2/avr51\libgcc.a(_exit.o)
 .text.libgcc.builtins
                0x00000000        0x0 d:/program files (x86)/atmel/studio/7.0/toolchain/avr8/avr8-gnu-toolchain/bin/../lib/gcc/avr/4.9.2/avr51\libgcc.a(_exit.o)
 .text.libgcc.fmul
                0x00000000        0x0 d:/program files (x86)/atmel/studio/7.0/toolchain/avr8/avr8-gnu-toolchain/bin/../lib/gcc/avr/4.9.2/avr51\libgcc.a(_exit.o)
 .text.libgcc.fixed
                0x00000000        0x0 d:/program files (x86)/atmel/studio/7.0/toolchain/avr8/avr8-gnu-toolchain/bin/../lib/gcc/avr/4.9.2/avr51\libgcc.a(_exit.o)
 .text          0x00000000        0x0 d:/program files (x86)/atmel/studio/7.0/toolchain/avr8/avr8-gnu-toolchain/bin/../lib/gcc/avr/4.9.2/avr51\libgcc.a(_clear_bss.o)
 .data          0x00000000        0x0 d:/program files (x86)/atmel/studio/7.0/toolchain/avr8/avr8-gnu-toolchain/bin/../lib/gcc/avr/4.9.2/avr51\libgcc.a(_clear_bss.o)
 .bss           0x00000000        0x0 d:/program files (x86)/atmel/studio/7.0/toolchain/avr8/avr8-gnu-toolchain/bin/../lib/gcc/avr/4.9.2/avr51\libgcc.a(_clear_bss.o)
 .text.libgcc.mul
                0x00000000        0x0 d:/program files (x86)/atmel/studio/7.0/toolchain/avr8/avr8-gnu-toolchain/bin/../lib/gcc/avr/4.9.2/avr51\libgcc.a(_clear_bss.o)
 .text.libgcc.div
                0x00000000        0x0 d:/program files (x86)/atmel/studio/7.0/toolchain/avr8/avr8-gnu-toolchain/bin/../lib/gcc/avr/4.9.2/avr51\libgcc.a(_clear_bss.o)
 .text.libgcc   0x00000000        0x0 d:/program files (x86)/atmel/studio/7.0/toolchain/avr8/avr8-gnu-toolchain/bin/../lib/gcc/avr/4.9.2/avr51\libgcc.a(_clear_bss.o)
 .text.libgcc.prologue
                0x00000000        0x0 d:/program files (x86)/atmel/studio/7.0/toolchain/avr8/avr8-gnu-toolchain/bin/../lib/gcc/avr/4.9.2/avr51\libgcc.a(_clear_bss.o)
 .text.libgcc.builtins
                0x00000000        0x0 d:/program files (x86)/atmel/studio/7.0/toolchain/avr8/avr8-gnu-toolchain/bin/../lib/gcc/avr/4.9.2/avr51\libgcc.a(_clear_bss.o)
 .text.libgcc.fmul
                0x00000000        0x0 d:/program files (x86)/atmel/studio/7.0/toolchain/avr8/avr8-gnu-toolchain/bin/../lib/gcc/avr/4.9.2/avr51\libgcc.a(_clear_bss.o)
 .text.libgcc.fixed
                0x00000000        0x0 d:/program files (x86)/atmel/studio/7.0/toolchain/avr8/avr8-gnu-toolchain/bin/../lib/gcc/avr/4.9.2/avr51\libgcc.a(_clear_bss.o)
 .text          0x00000000        0x0 d:/program files (x86)/atmel/studio/7.0/toolchain/avr8/avr8-gnu-toolchain/bin/../lib/gcc/avr/4.9.2/../../../../avr/lib/avr51\libc.a(itoa_ncheck.o)
 .data          0x00000000        0x0 d:/program files (x86)/atmel/studio/7.0/toolchain/avr8/avr8-gnu-toolchain/bin/../lib/gcc/avr/4.9.2/../../../../avr/lib/avr51\libc.a(itoa_ncheck.o)
 .bss           0x00000000        0x0 d:/program files (x86)/atmel/studio/7.0/toolchain/avr8/avr8-gnu-toolchain/bin/../lib/gcc/avr/4.9.2/../../../../avr/lib/avr51\libc.a(itoa_ncheck.o)
 .text.avr-libc
                0x00000000       0x16 d:/program files (x86)/atmel/studio/7.0/toolchain/avr8/avr8-gnu-toolchain/bin/../lib/gcc/avr/4.9.2/../../../../avr/lib/avr51\libc.a(itoa_ncheck.o)
 .text          0x00000000        0x0 d:/program files (x86)/atmel/studio/7.0/toolchain/avr8/avr8-gnu-toolchain/bin/../lib/gcc/avr/4.9.2/../../../../avr/lib/avr51\libc.a(utoa_ncheck.o)
 .data          0x00000000        0x0 d:/program files (x86)/atmel/studio/7.0/toolchain/avr8/avr8-gnu-toolchain/bin/../lib/gcc/avr/4.9.2/../../../../avr/lib/avr51\libc.a(utoa_ncheck.o)
 .bss           0x00000000        0x0 d:/program files (x86)/atmel/studio/7.0/toolchain/avr8/avr8-gnu-toolchain/bin/../lib/gcc/avr/4.9.2/../../../../avr/lib/avr51\libc.a(utoa_ncheck.o)
 .text.avr-libc
                0x00000000       0x34 d:/program files (x86)/atmel/studio/7.0/toolchain/avr8/avr8-gnu-toolchain/bin/../lib/gcc/avr/4.9.2/../../../../avr/lib/avr51\libc.a(utoa_ncheck.o)
 .text          0x00000000        0x0 d:/program files (x86)/atmel/studio/7.0/toolchain/avr8/avr8-gnu-toolchain/bin/../lib/gcc/avr/4.9.2/../../../../avr/lib/avr51\libc.a(strrev.o)
 .data          0x00000000        0x0 d:/program files (x86)/atmel/studio/7.0/toolchain/avr8/avr8-gnu-toolchain/bin/../lib/gcc/avr/4.9.2/../../../../avr/lib/avr51\libc.a(strrev.o)
 .bss           0x00000000        0x0 d:/program files (x86)/atmel/studio/7.0/toolchain/avr8/avr8-gnu-toolchain/bin/../lib/gcc/avr/4.9.2/../../../../avr/lib/avr51\libc.a(strrev.o)
 .text.avr-libc
                0x00000000       0x20 d:/program files (x86)/atmel/studio/7.0/toolchain/avr8/avr8-gnu-toolchain/bin/../lib/gcc/avr/4.9.2/../../../../avr/lib/avr51\libc.a(strrev.o)

Memory Configuration

Name             Origin             Length             Attributes
text             0x00000000         0x00020000         xr
data             0x00800100         0x0000ff00         rw !x
eeprom           0x00810000         0x00010000         rw !x
fuse             0x00820000         0x00000400         rw !x
lock             0x00830000         0x00000400         rw !x
signature        0x00840000         0x00000400         rw !x
user_signatures  0x00850000         0x00000400         rw !x
*default*        0x00000000         0xffffffff

Linker script and memory map

Address of section .data set to 0x800100
LOAD D:/Program Files (x86)/Atmel/Studio/7.0/Packs/atmel/ATmega_DFP/1.0.106/gcc/dev/atmega1284/avr51/crtatmega1284.o
LOAD 001.o
LOAD includes/dataflash.o
LOAD includes/fifo.o
LOAD includes/lcd.o
LOAD includes/spi.o
LOAD includes/twi.o
LOAD includes/uart.o
START GROUP
LOAD d:/program files (x86)/atmel/studio/7.0/toolchain/avr8/avr8-gnu-toolchain/bin/../lib/gcc/avr/4.9.2/../../../../avr/lib/avr51\libm.a
END GROUP
START GROUP
LOAD d:/program files (x86)/atmel/studio/7.0/toolchain/avr8/avr8-gnu-toolchain/bin/../lib/gcc/avr/4.9.2/avr51\libgcc.a
LOAD d:/program files (x86)/atmel/studio/7.0/toolchain/avr8/avr8-gnu-toolchain/bin/../lib/gcc/avr/4.9.2/../../../../avr/lib/avr51\libm.a
LOAD d:/program files (x86)/atmel/studio/7.0/toolchain/avr8/avr8-gnu-toolchain/bin/../lib/gcc/avr/4.9.2/../../../../avr/lib/avr51\libc.a
LOAD D:/Program Files (x86)/Atmel/Studio/7.0/Packs/atmel/ATmega_DFP/1.0.106/gcc/dev/atmega1284/avr51\libatmega1284.a
END GROUP
                0x00020000                __TEXT_REGION_LENGTH__ = DEFINED (__TEXT_REGION_LENGTH__)?__TEXT_REGION_LENGTH__:0x20000
                0x0000ff00                __DATA_REGION_LENGTH__ = DEFINED (__DATA_REGION_LENGTH__)?__DATA_REGION_LENGTH__:0xff00
                0x00010000                __EEPROM_REGION_LENGTH__ = DEFINED (__EEPROM_REGION_LENGTH__)?__EEPROM_REGION_LENGTH__:0x10000
                0x00000400                __FUSE_REGION_LENGTH__ = DEFINED (__FUSE_REGION_LENGTH__)?__FUSE_REGION_LENGTH__:0x400
                0x00000400                __LOCK_REGION_LENGTH__ = DEFINED (__LOCK_REGION_LENGTH__)?__LOCK_REGION_LENGTH__:0x400
                0x00000400                __SIGNATURE_REGION_LENGTH__ = DEFINED (__SIGNATURE_REGION_LENGTH__)?__SIGNATURE_REGION_LENGTH__:0x400
                0x00000400                __USER_SIGNATURE_REGION_LENGTH__ = DEFINED (__USER_SIGNATURE_REGION_LENGTH__)?__USER_SIGNATURE_REGION_LENGTH__:0x400

.hash
 *(.hash)

.dynsym
 *(.dynsym)

.dynstr
 *(.dynstr)

.gnu.version
 *(.gnu.version)

.gnu.version_d
 *(.gnu.version_d)

.gnu.version_r
 *(.gnu.version_r)

.rel.init
 *(.rel.init)

.rela.init
 *(.rela.init)

.rel.text
 *(.rel.text)
 *(.rel.text.*)
 *(.rel.gnu.linkonce.t*)

.rela.text
 *(.rela.text)
 *(.rela.text.*)
 *(.rela.gnu.linkonce.t*)

.rel.fini
 *(.rel.fini)

.rela.fini
 *(.rela.fini)

.rel.rodata
 *(.rel.rodata)
 *(.rel.rodata.*)
 *(.rel.gnu.linkonce.r*)

.rela.rodata
 *(.rela.rodata)
 *(.rela.rodata.*)
 *(.rela.gnu.linkonce.r*)

.rel.data
 *(.rel.data)
 *(.rel.data.*)
 *(.rel.gnu.linkonce.d*)

.rela.data
 *(.rela.data)
 *(.rela.data.*)
 *(.rela.gnu.linkonce.d*)

.rel.ctors
 *(.rel.ctors)

.rela.ctors
 *(.rela.ctors)

.rel.dtors
 *(.rel.dtors)

.rela.dtors
 *(.rela.dtors)

.rel.got
 *(.rel.got)

.rela.got
 *(.rela.got)

.rel.bss
 *(.rel.bss)

.rela.bss
 *(.rela.bss)

.rel.plt
 *(.rel.plt)

.rela.plt
 *(.rela.plt)

.text           0x00000000      0x264
 *(.vectors)
 .vectors       0x00000000       0x8c D:/Program Files (x86)/Atmel/Studio/7.0/Packs/atmel/ATmega_DFP/1.0.106/gcc/dev/atmega1284/avr51/crtatmega1284.o
                0x00000000                __vector_default
                0x00000000                __vectors
 *(.vectors)
 *(.progmem.gcc*)
                0x0000008c                . = ALIGN (0x2)
                0x0000008c                __trampolines_start = .
 *(.trampolines)
 .trampolines   0x0000008c        0x0 linker stubs
 *(.trampolines*)
                0x0000008c                __trampolines_end = .
 *(.progmem*)
                0x0000008c                . = ALIGN (0x2)
 *(.jumptables)
 *(.jumptables*)
 *(.lowtext)
 *(.lowtext*)
                0x0000008c                __ctors_start = .
 *(.ctors)
                0x0000008c                __ctors_end = .
                0x0000008c                __dtors_start = .
 *(.dtors)
                0x0000008c                __dtors_end = .
 SORT(*)(.ctors)
 SORT(*)(.dtors)
 *(.init0)
 .init0         0x0000008c        0x0 D:/Program Files (x86)/Atmel/Studio/7.0/Packs/atmel/ATmega_DFP/1.0.106/gcc/dev/atmega1284/avr51/crtatmega1284.o
                0x0000008c                __init
 *(.init0)
 *(.init1)
 *(.init1)
 *(.init2)
 .init2         0x0000008c        0xc D:/Program Files (x86)/Atmel/Studio/7.0/Packs/atmel/ATmega_DFP/1.0.106/gcc/dev/atmega1284/avr51/crtatmega1284.o
 *(.init2)
 *(.init3)
 *(.init3)
 *(.init4)
 .init4         0x00000098       0x10 d:/program files (x86)/atmel/studio/7.0/toolchain/avr8/avr8-gnu-toolchain/bin/../lib/gcc/avr/4.9.2/avr51\libgcc.a(_clear_bss.o)
                0x00000098                __do_clear_bss
 *(.init4)
 *(.init5)
 *(.init5)
 *(.init6)
 *(.init6)
 *(.init7)
 *(.init7)
 *(.init8)
 *(.init8)
 *(.init9)
 .init9         0x000000a8        0x4 D:/Program Files (x86)/Atmel/Studio/7.0/Packs/atmel/ATmega_DFP/1.0.106/gcc/dev/atmega1284/avr51/crtatmega1284.o
 *(.init9)
 *(.text)
 .text          0x000000ac        0x2 D:/Program Files (x86)/Atmel/Studio/7.0/Packs/atmel/ATmega_DFP/1.0.106/gcc/dev/atmega1284/avr51/crtatmega1284.o
                0x000000ac                __vector_22
                0x000000ac                __vector_28
                0x000000ac                __vector_1
                0x000000ac                __vector_32
                0x000000ac                __vector_34
                0x000000ac                __vector_24
                0x000000ac                __vector_12
                0x000000ac                __bad_interrupt
                0x000000ac                __vector_6
                0x000000ac                __vector_31
                0x000000ac                __vector_3
                0x000000ac                __vector_23
                0x000000ac                __vector_30
                0x000000ac                __vector_25
                0x000000ac                __vector_11
                0x000000ac                __vector_13
                0x000000ac                __vector_17
                0x000000ac                __vector_19
                0x000000ac                __vector_7
                0x000000ac                __vector_27
                0x000000ac                __vector_5
                0x000000ac                __vector_33
                0x000000ac                __vector_4
                0x000000ac                __vector_2
                0x000000ac                __vector_15
                0x000000ac                __vector_29
                0x000000ac                __vector_8
                0x000000ac                __vector_26
                0x000000ac                __vector_14
                0x000000ac                __vector_10
                0x000000ac                __vector_16
                0x000000ac                __vector_18
                0x000000ae                . = ALIGN (0x2)
 *(.text.*)
 .text.main     0x000000ae       0x30 001.o
                0x000000ae                main
 .text._fifo_get
                0x000000de       0x2e includes/fifo.o
 .text.fifo_get_nowait
                0x0000010c       0x14 includes/fifo.o
                0x0000010c                fifo_get_nowait
 .text.fifo_put
                0x00000120       0x3c includes/fifo.o
                0x00000120                fifo_put
 .text.__vector_9
                0x0000015c       0x44 includes/twi.o
                0x0000015c                __vector_9
 .text.__vector_20
                0x000001a0       0x56 includes/uart.o
                0x000001a0                __vector_20
 .text.__vector_21
                0x000001f6       0x6a includes/uart.o
                0x000001f6                __vector_21
                0x00000260                . = ALIGN (0x2)
 *(.fini9)
 .fini9         0x00000260        0x0 d:/program files (x86)/atmel/studio/7.0/toolchain/avr8/avr8-gnu-toolchain/bin/../lib/gcc/avr/4.9.2/avr51\libgcc.a(_exit.o)
                0x00000260                _exit
                0x00000260                exit
 *(.fini9)
 *(.fini8)
 *(.fini8)
 *(.fini7)
 *(.fini7)
 *(.fini6)
 *(.fini6)
 *(.fini5)
 *(.fini5)
 *(.fini4)
 *(.fini4)
 *(.fini3)
 *(.fini3)
 *(.fini2)
 *(.fini2)
 *(.fini1)
 *(.fini1)
 *(.fini0)
 .fini0         0x00000260        0x4 d:/program files (x86)/atmel/studio/7.0/toolchain/avr8/avr8-gnu-toolchain/bin/../lib/gcc/avr/4.9.2/avr51\libgcc.a(_exit.o)
 *(.fini0)
                0x00000264                _etext = .

.data           0x00800100        0x0 load address 0x00000264
                [!provide]                PROVIDE (__data_start, .)
 *(.data)
 *(.data*)
 *(.rodata)
 *(.rodata*)
 *(.gnu.linkonce.d*)
                0x00800100                . = ALIGN (0x2)
                0x00800100                _edata = .
                [!provide]                PROVIDE (__data_end, .)

.bss            0x00800100       0x61
                0x00800100                PROVIDE (__bss_start, .)
 *(.bss)
 *(.bss*)
 .bss.twi_timeout
                0x00800100        0x1 includes/twi.o
                0x00800100                twi_timeout
 *(COMMON)
 COMMON         0x00800101       0x60 includes/uart.o
                0x00800101                uart_outfifo
                0x00800109                uart_outbuf
                0x00800149                uart_infifo
                0x00800151                uart_inbuf
                0x00800161                PROVIDE (__bss_end, .)
                0x00000264                __data_load_start = LOADADDR (.data)
                0x00000264                __data_load_end = (__data_load_start + SIZEOF (.data))

.noinit         0x00800161        0x0
                [!provide]                PROVIDE (__noinit_start, .)
 *(.noinit*)
                [!provide]                PROVIDE (__noinit_end, .)
                0x00800161                _end = .
                [!provide]                PROVIDE (__heap_start, .)

.eeprom         0x00810000        0x0
 *(.eeprom*)
                0x00810000                __eeprom_end = .

.fuse
 *(.fuse)
 *(.lfuse)
 *(.hfuse)
 *(.efuse)

.lock
 *(.lock*)

.signature
 *(.signature*)

.user_signatures
 *(.user_signatures*)

.stab
 *(.stab)

.stabstr
 *(.stabstr)

.stab.excl
 *(.stab.excl)

.stab.exclstr
 *(.stab.exclstr)

.stab.index
 *(.stab.index)

.stab.indexstr
 *(.stab.indexstr)

.comment        0x00000000       0x30
 *(.comment)
 .comment       0x00000000       0x30 001.o
                                 0x31 (size before relaxing)
 .comment       0x00000030       0x31 includes/fifo.o
 .comment       0x00000030       0x31 includes/twi.o
 .comment       0x00000030       0x31 includes/uart.o

.note.gnu.avr.deviceinfo
                0x00000000       0x40
 .note.gnu.avr.deviceinfo
                0x00000000       0x40 D:/Program Files (x86)/Atmel/Studio/7.0/Packs/atmel/ATmega_DFP/1.0.106/gcc/dev/atmega1284/avr51/crtatmega1284.o

.note.gnu.build-id
 *(.note.gnu.build-id)

.debug
 *(.debug)

.line
 *(.line)

.debug_srcinfo
 *(.debug_srcinfo)

.debug_sfnames
 *(.debug_sfnames)

.debug_aranges  0x00000000      0x100
 *(.debug_aranges)
 .debug_aranges
                0x00000000       0x20 001.o
 .debug_aranges
                0x00000020       0x40 includes/fifo.o
 .debug_aranges
                0x00000060       0x48 includes/twi.o
 .debug_aranges
                0x000000a8       0x58 includes/uart.o

.debug_pubnames
 *(.debug_pubnames)

.debug_info     0x00000000      0xa43
 *(.debug_info .gnu.linkonce.wi.*)
 .debug_info    0x00000000      0x14a 001.o
 .debug_info    0x0000014a      0x289 includes/fifo.o
 .debug_info    0x000003d3      0x147 includes/twi.o
 .debug_info    0x0000051a      0x529 includes/uart.o

.debug_abbrev   0x00000000      0x50a
 *(.debug_abbrev)
 .debug_abbrev  0x00000000       0xfd 001.o
 .debug_abbrev  0x000000fd      0x138 includes/fifo.o
 .debug_abbrev  0x00000235       0xc6 includes/twi.o
 .debug_abbrev  0x000002fb      0x20f includes/uart.o

.debug_line     0x00000000      0x6f2
 *(.debug_line .debug_line.* .debug_line_end)
 .debug_line    0x00000000      0x130 001.o
 .debug_line    0x00000130      0x1d8 includes/fifo.o
 .debug_line    0x00000308      0x20d includes/twi.o
 .debug_line    0x00000515      0x1dd includes/uart.o

.debug_frame    0x00000000      0x260
 *(.debug_frame)
 .debug_frame   0x00000000       0x24 001.o
 .debug_frame   0x00000024       0x64 includes/fifo.o
 .debug_frame   0x00000088       0x90 includes/twi.o
 .debug_frame   0x00000118      0x148 includes/uart.o

.debug_str      0x00000000      0x395
 *(.debug_str)
 .debug_str     0x00000000      0x184 001.o
                                0x1b8 (size before relaxing)
 .debug_str     0x00000184       0xcf includes/fifo.o
                                0x1f8 (size before relaxing)
 .debug_str     0x00000253       0x66 includes/twi.o
                                0x1d2 (size before relaxing)
 .debug_str     0x000002b9       0xdc includes/uart.o
                                0x2cc (size before relaxing)

.debug_loc      0x00000000      0x586
 *(.debug_loc)
 .debug_loc     0x00000000       0x41 001.o
 .debug_loc     0x00000041      0x179 includes/fifo.o
 .debug_loc     0x000001ba       0xb0 includes/twi.o
 .debug_loc     0x0000026a      0x31c includes/uart.o

.debug_macinfo
 *(.debug_macinfo)

.debug_weaknames
 *(.debug_weaknames)

.debug_funcnames
 *(.debug_funcnames)

.debug_typenames
 *(.debug_typenames)

.debug_varnames
 *(.debug_varnames)

.debug_pubtypes
 *(.debug_pubtypes)

.debug_ranges   0x00000000       0xc0
 *(.debug_ranges)
 .debug_ranges  0x00000000       0x10 001.o
 .debug_ranges  0x00000010       0x30 includes/fifo.o
 .debug_ranges  0x00000040       0x38 includes/twi.o
 .debug_ranges  0x00000078       0x48 includes/uart.o

.debug_macro
 *(.debug_macro)
OUTPUT(001.elf elf32-avr)
LOAD linker stubs
