Archive member included to satisfy reference by file (symbol)

d:/program files (x86)/atmel/studio/7.0/toolchain/avr8/avr8-gnu-toolchain/bin/../lib/gcc/avr/4.9.2/../../../../avr/lib/avr51\libm.a(divsf3.o)
                              dss_0708.o (__divsf3)
d:/program files (x86)/atmel/studio/7.0/toolchain/avr8/avr8-gnu-toolchain/bin/../lib/gcc/avr/4.9.2/../../../../avr/lib/avr51\libm.a(divsf3x.o)
                              d:/program files (x86)/atmel/studio/7.0/toolchain/avr8/avr8-gnu-toolchain/bin/../lib/gcc/avr/4.9.2/../../../../avr/lib/avr51\libm.a(divsf3.o) (__divsf3x)
d:/program files (x86)/atmel/studio/7.0/toolchain/avr8/avr8-gnu-toolchain/bin/../lib/gcc/avr/4.9.2/../../../../avr/lib/avr51\libm.a(fixunssfsi.o)
                              dss_0708.o (__fixunssfsi)
d:/program files (x86)/atmel/studio/7.0/toolchain/avr8/avr8-gnu-toolchain/bin/../lib/gcc/avr/4.9.2/../../../../avr/lib/avr51\libm.a(floatsisf.o)
                              dss_0708.o (__floatunsisf)
d:/program files (x86)/atmel/studio/7.0/toolchain/avr8/avr8-gnu-toolchain/bin/../lib/gcc/avr/4.9.2/../../../../avr/lib/avr51\libm.a(fp_inf.o)
                              d:/program files (x86)/atmel/studio/7.0/toolchain/avr8/avr8-gnu-toolchain/bin/../lib/gcc/avr/4.9.2/../../../../avr/lib/avr51\libm.a(divsf3x.o) (__fp_inf)
d:/program files (x86)/atmel/studio/7.0/toolchain/avr8/avr8-gnu-toolchain/bin/../lib/gcc/avr/4.9.2/../../../../avr/lib/avr51\libm.a(fp_nan.o)
                              d:/program files (x86)/atmel/studio/7.0/toolchain/avr8/avr8-gnu-toolchain/bin/../lib/gcc/avr/4.9.2/../../../../avr/lib/avr51\libm.a(divsf3x.o) (__fp_nan)
d:/program files (x86)/atmel/studio/7.0/toolchain/avr8/avr8-gnu-toolchain/bin/../lib/gcc/avr/4.9.2/../../../../avr/lib/avr51\libm.a(fp_pscA.o)
                              d:/program files (x86)/atmel/studio/7.0/toolchain/avr8/avr8-gnu-toolchain/bin/../lib/gcc/avr/4.9.2/../../../../avr/lib/avr51\libm.a(divsf3x.o) (__fp_pscA)
d:/program files (x86)/atmel/studio/7.0/toolchain/avr8/avr8-gnu-toolchain/bin/../lib/gcc/avr/4.9.2/../../../../avr/lib/avr51\libm.a(fp_pscB.o)
                              d:/program files (x86)/atmel/studio/7.0/toolchain/avr8/avr8-gnu-toolchain/bin/../lib/gcc/avr/4.9.2/../../../../avr/lib/avr51\libm.a(divsf3x.o) (__fp_pscB)
d:/program files (x86)/atmel/studio/7.0/toolchain/avr8/avr8-gnu-toolchain/bin/../lib/gcc/avr/4.9.2/../../../../avr/lib/avr51\libm.a(fp_round.o)
                              d:/program files (x86)/atmel/studio/7.0/toolchain/avr8/avr8-gnu-toolchain/bin/../lib/gcc/avr/4.9.2/../../../../avr/lib/avr51\libm.a(divsf3.o) (__fp_round)
d:/program files (x86)/atmel/studio/7.0/toolchain/avr8/avr8-gnu-toolchain/bin/../lib/gcc/avr/4.9.2/../../../../avr/lib/avr51\libm.a(fp_split3.o)
                              d:/program files (x86)/atmel/studio/7.0/toolchain/avr8/avr8-gnu-toolchain/bin/../lib/gcc/avr/4.9.2/../../../../avr/lib/avr51\libm.a(divsf3x.o) (__fp_split3)
d:/program files (x86)/atmel/studio/7.0/toolchain/avr8/avr8-gnu-toolchain/bin/../lib/gcc/avr/4.9.2/../../../../avr/lib/avr51\libm.a(fp_zero.o)
                              d:/program files (x86)/atmel/studio/7.0/toolchain/avr8/avr8-gnu-toolchain/bin/../lib/gcc/avr/4.9.2/../../../../avr/lib/avr51\libm.a(fixunssfsi.o) (__fp_zero)
d:/program files (x86)/atmel/studio/7.0/toolchain/avr8/avr8-gnu-toolchain/bin/../lib/gcc/avr/4.9.2/../../../../avr/lib/avr51\libm.a(mulsf3.o)
                              dss_0708.o (__mulsf3)
d:/program files (x86)/atmel/studio/7.0/toolchain/avr8/avr8-gnu-toolchain/bin/../lib/gcc/avr/4.9.2/../../../../avr/lib/avr51\libm.a(mulsf3x.o)
                              d:/program files (x86)/atmel/studio/7.0/toolchain/avr8/avr8-gnu-toolchain/bin/../lib/gcc/avr/4.9.2/../../../../avr/lib/avr51\libm.a(mulsf3.o) (__mulsf3x)
d:/program files (x86)/atmel/studio/7.0/toolchain/avr8/avr8-gnu-toolchain/bin/../lib/gcc/avr/4.9.2/avr51\libgcc.a(_exit.o)
                              D:/Program Files (x86)/Atmel/Studio/7.0/Packs/atmel/ATmega_DFP/1.0.106/gcc/dev/atmega1284/avr51/crtatmega1284.o (exit)
d:/program files (x86)/atmel/studio/7.0/toolchain/avr8/avr8-gnu-toolchain/bin/../lib/gcc/avr/4.9.2/avr51\libgcc.a(_copy_data.o)
                              dss_0708.o (__do_copy_data)
d:/program files (x86)/atmel/studio/7.0/toolchain/avr8/avr8-gnu-toolchain/bin/../lib/gcc/avr/4.9.2/avr51\libgcc.a(_clear_bss.o)
                              dss_0708.o (__do_clear_bss)
d:/program files (x86)/atmel/studio/7.0/toolchain/avr8/avr8-gnu-toolchain/bin/../lib/gcc/avr/4.9.2/avr51\libgcc.a(_umulhisi3.o)
                              dss_0708.o (__umulhisi3)
d:/program files (x86)/atmel/studio/7.0/toolchain/avr8/avr8-gnu-toolchain/bin/../lib/gcc/avr/4.9.2/../../../../avr/lib/avr51\libc.a(itoa_ncheck.o)
                              dss_0708.o (__itoa_ncheck)
d:/program files (x86)/atmel/studio/7.0/toolchain/avr8/avr8-gnu-toolchain/bin/../lib/gcc/avr/4.9.2/../../../../avr/lib/avr51\libc.a(utoa_ncheck.o)
                              d:/program files (x86)/atmel/studio/7.0/toolchain/avr8/avr8-gnu-toolchain/bin/../lib/gcc/avr/4.9.2/../../../../avr/lib/avr51\libc.a(itoa_ncheck.o) (__utoa_common)
d:/program files (x86)/atmel/studio/7.0/toolchain/avr8/avr8-gnu-toolchain/bin/../lib/gcc/avr/4.9.2/../../../../avr/lib/avr51\libc.a(strrev.o)
                              d:/program files (x86)/atmel/studio/7.0/toolchain/avr8/avr8-gnu-toolchain/bin/../lib/gcc/avr/4.9.2/../../../../avr/lib/avr51\libc.a(utoa_ncheck.o) (strrev)

Allocating common symbols
Common symbol       size              file

frequency           0x1               dss_0708.o
hex2asciiBuffer     0x4               dss_0708.o
voltage             0x2               dss_0708.o
data_frame_in       0xa0              includes/uart.o
lcd_framebuffer     0x400             includes/lcd.o
ADCvalue            0x2               dss_0708.o

Discarded input sections

 .data          0x00000000        0x0 D:/Program Files (x86)/Atmel/Studio/7.0/Packs/atmel/ATmega_DFP/1.0.106/gcc/dev/atmega1284/avr51/crtatmega1284.o
 .bss           0x00000000        0x0 D:/Program Files (x86)/Atmel/Studio/7.0/Packs/atmel/ATmega_DFP/1.0.106/gcc/dev/atmega1284/avr51/crtatmega1284.o
 .text          0x00000000        0x0 dss_0708.o
 .data          0x00000000        0x0 dss_0708.o
 .bss           0x00000000        0x0 dss_0708.o
 .text.test     0x00000000       0x84 dss_0708.o
 .text.fillDataLcdBuffer
                0x00000000        0xc dss_0708.o
 .bss.freq      0x00000000        0x2 dss_0708.o
 .bss.Ypos      0x00000000        0x1 dss_0708.o
 .bss.voltageType
                0x00000000        0x1 dss_0708.o
 .text          0x00000000        0x0 includes/dataflash.o
 .data          0x00000000        0x0 includes/dataflash.o
 .bss           0x00000000        0x0 includes/dataflash.o
 .text.dataflash_opcode_and_address
                0x00000000       0x40 includes/dataflash.o
 .text.dataflash_wait
                0x00000000       0x16 includes/dataflash.o
 .text.dataflash_buffer_to_page
                0x00000000       0x38 includes/dataflash.o
 .text.dataflash_page_to_buffer
                0x00000000       0x38 includes/dataflash.o
 .text.dataflash_buffer_read
                0x00000000       0x68 includes/dataflash.o
 .text.dataflash_buffer_write
                0x00000000       0x66 includes/dataflash.o
 .text.dataflash_read
                0x00000000       0x56 includes/dataflash.o
 .text.dataflash_chip_erase
                0x00000000       0x22 includes/dataflash.o
 .text          0x00000000        0x0 includes/fifo.o
 .data          0x00000000        0x0 includes/fifo.o
 .bss           0x00000000        0x0 includes/fifo.o
 .text._fifo_get
                0x00000000       0x2e includes/fifo.o
 .text.fifo_init
                0x00000000       0x14 includes/fifo.o
 .text.fifo_get_wait
                0x00000000       0x10 includes/fifo.o
 .text.fifo_get_nowait
                0x00000000       0x16 includes/fifo.o
 .text.fifo_put
                0x00000000       0x3c includes/fifo.o
 .debug_info    0x00000000      0x289 includes/fifo.o
 .debug_abbrev  0x00000000      0x138 includes/fifo.o
 .debug_loc     0x00000000      0x179 includes/fifo.o
 .debug_aranges
                0x00000000       0x40 includes/fifo.o
 .debug_ranges  0x00000000       0x30 includes/fifo.o
 .debug_line    0x00000000      0x1d8 includes/fifo.o
 .debug_str     0x00000000      0x1fc includes/fifo.o
 .comment       0x00000000       0x31 includes/fifo.o
 .debug_frame   0x00000000       0x64 includes/fifo.o
 .text          0x00000000        0x0 includes/lcd.o
 .data          0x00000000        0x0 includes/lcd.o
 .bss           0x00000000        0x0 includes/lcd.o
 .text.LCD_Send
                0x00000000        0x6 includes/lcd.o
 .text.LCD_DrawLine
                0x00000000       0xf8 includes/lcd.o
 .text.LCD_DrawCircle
                0x00000000      0x114 includes/lcd.o
 .text.LCD_WipeLine
                0x00000000       0x46 includes/lcd.o
 .text.Backlight_PWM
                0x00000000       0x40 includes/lcd.o
 .text.LCD_SavePage
                0x00000000       0x52 includes/lcd.o
 .text.LCD_LoadPage
                0x00000000       0x54 includes/lcd.o
 .text          0x00000000        0x0 includes/spi.o
 .data          0x00000000        0x0 includes/spi.o
 .bss           0x00000000        0x0 includes/spi.o
 .text.SPI_MasterTransferRead
                0x00000000        0xc includes/spi.o
 .text          0x00000000        0x0 includes/twi.o
 .data          0x00000000        0x0 includes/twi.o
 .bss           0x00000000        0x0 includes/twi.o
 .text          0x00000000        0x0 includes/uart.o
 .data          0x00000000        0x0 includes/uart.o
 .bss           0x00000000        0x0 includes/uart.o
 .text.uart_init0
                0x00000000       0x20 includes/uart.o
 .text.get_num_from_ascii
                0x00000000      0x1c6 includes/uart.o
 .text.get_h_from_ascii
                0x00000000       0x1a includes/uart.o
 .text.get_min_from_ascii
                0x00000000       0x1a includes/uart.o
 .text.uart_tx_byte
                0x00000000       0x14 includes/uart.o
 .text.uart0_tx_frame
                0x00000000       0x10 includes/uart.o
 .text.uart_tx_string
                0x00000000       0x2c includes/uart.o
 .text.uart_tx_command
                0x00000000       0x12 includes/uart.o
 .text.uart_tx_hex8
                0x00000000       0x42 includes/uart.o
 .text.uart_tx_hex16
                0x00000000       0x92 includes/uart.o
 .text.uart_tx_num16
                0x00000000       0xa4 includes/uart.o
 .rodata.str1.1
                0x00000000        0xd includes/uart.o
 .text.uart_tx_number2
                0x00000000      0x13c includes/uart.o
 .text.uart_tx_number
                0x00000000      0x10e includes/uart.o
 .text.uart_tx_time
                0x00000000       0x60 includes/uart.o
 .text.uart_tx_temperature
                0x00000000       0xd4 includes/uart.o
 .text.uart_tx_line_break
                0x00000000        0xe includes/uart.o
 .text.print_string_flash
                0x00000000       0x24 includes/uart.o
 .rodata.device_address
                0x00000000        0x1 includes/uart.o
 .text          0x00000000        0x0 d:/program files (x86)/atmel/studio/7.0/toolchain/avr8/avr8-gnu-toolchain/bin/../lib/gcc/avr/4.9.2/../../../../avr/lib/avr51\libm.a(divsf3.o)
 .data          0x00000000        0x0 d:/program files (x86)/atmel/studio/7.0/toolchain/avr8/avr8-gnu-toolchain/bin/../lib/gcc/avr/4.9.2/../../../../avr/lib/avr51\libm.a(divsf3.o)
 .bss           0x00000000        0x0 d:/program files (x86)/atmel/studio/7.0/toolchain/avr8/avr8-gnu-toolchain/bin/../lib/gcc/avr/4.9.2/../../../../avr/lib/avr51\libm.a(divsf3.o)
 .text          0x00000000        0x0 d:/program files (x86)/atmel/studio/7.0/toolchain/avr8/avr8-gnu-toolchain/bin/../lib/gcc/avr/4.9.2/../../../../avr/lib/avr51\libm.a(divsf3x.o)
 .data          0x00000000        0x0 d:/program files (x86)/atmel/studio/7.0/toolchain/avr8/avr8-gnu-toolchain/bin/../lib/gcc/avr/4.9.2/../../../../avr/lib/avr51\libm.a(divsf3x.o)
 .bss           0x00000000        0x0 d:/program files (x86)/atmel/studio/7.0/toolchain/avr8/avr8-gnu-toolchain/bin/../lib/gcc/avr/4.9.2/../../../../avr/lib/avr51\libm.a(divsf3x.o)
 .text          0x00000000        0x0 d:/program files (x86)/atmel/studio/7.0/toolchain/avr8/avr8-gnu-toolchain/bin/../lib/gcc/avr/4.9.2/../../../../avr/lib/avr51\libm.a(fixunssfsi.o)
 .data          0x00000000        0x0 d:/program files (x86)/atmel/studio/7.0/toolchain/avr8/avr8-gnu-toolchain/bin/../lib/gcc/avr/4.9.2/../../../../avr/lib/avr51\libm.a(fixunssfsi.o)
 .bss           0x00000000        0x0 d:/program files (x86)/atmel/studio/7.0/toolchain/avr8/avr8-gnu-toolchain/bin/../lib/gcc/avr/4.9.2/../../../../avr/lib/avr51\libm.a(fixunssfsi.o)
 .text          0x00000000        0x0 d:/program files (x86)/atmel/studio/7.0/toolchain/avr8/avr8-gnu-toolchain/bin/../lib/gcc/avr/4.9.2/../../../../avr/lib/avr51\libm.a(floatsisf.o)
 .data          0x00000000        0x0 d:/program files (x86)/atmel/studio/7.0/toolchain/avr8/avr8-gnu-toolchain/bin/../lib/gcc/avr/4.9.2/../../../../avr/lib/avr51\libm.a(floatsisf.o)
 .bss           0x00000000        0x0 d:/program files (x86)/atmel/studio/7.0/toolchain/avr8/avr8-gnu-toolchain/bin/../lib/gcc/avr/4.9.2/../../../../avr/lib/avr51\libm.a(floatsisf.o)
 .text          0x00000000        0x0 d:/program files (x86)/atmel/studio/7.0/toolchain/avr8/avr8-gnu-toolchain/bin/../lib/gcc/avr/4.9.2/../../../../avr/lib/avr51\libm.a(fp_inf.o)
 .data          0x00000000        0x0 d:/program files (x86)/atmel/studio/7.0/toolchain/avr8/avr8-gnu-toolchain/bin/../lib/gcc/avr/4.9.2/../../../../avr/lib/avr51\libm.a(fp_inf.o)
 .bss           0x00000000        0x0 d:/program files (x86)/atmel/studio/7.0/toolchain/avr8/avr8-gnu-toolchain/bin/../lib/gcc/avr/4.9.2/../../../../avr/lib/avr51\libm.a(fp_inf.o)
 .text          0x00000000        0x0 d:/program files (x86)/atmel/studio/7.0/toolchain/avr8/avr8-gnu-toolchain/bin/../lib/gcc/avr/4.9.2/../../../../avr/lib/avr51\libm.a(fp_nan.o)
 .data          0x00000000        0x0 d:/program files (x86)/atmel/studio/7.0/toolchain/avr8/avr8-gnu-toolchain/bin/../lib/gcc/avr/4.9.2/../../../../avr/lib/avr51\libm.a(fp_nan.o)
 .bss           0x00000000        0x0 d:/program files (x86)/atmel/studio/7.0/toolchain/avr8/avr8-gnu-toolchain/bin/../lib/gcc/avr/4.9.2/../../../../avr/lib/avr51\libm.a(fp_nan.o)
 .text          0x00000000        0x0 d:/program files (x86)/atmel/studio/7.0/toolchain/avr8/avr8-gnu-toolchain/bin/../lib/gcc/avr/4.9.2/../../../../avr/lib/avr51\libm.a(fp_pscA.o)
 .data          0x00000000        0x0 d:/program files (x86)/atmel/studio/7.0/toolchain/avr8/avr8-gnu-toolchain/bin/../lib/gcc/avr/4.9.2/../../../../avr/lib/avr51\libm.a(fp_pscA.o)
 .bss           0x00000000        0x0 d:/program files (x86)/atmel/studio/7.0/toolchain/avr8/avr8-gnu-toolchain/bin/../lib/gcc/avr/4.9.2/../../../../avr/lib/avr51\libm.a(fp_pscA.o)
 .text          0x00000000        0x0 d:/program files (x86)/atmel/studio/7.0/toolchain/avr8/avr8-gnu-toolchain/bin/../lib/gcc/avr/4.9.2/../../../../avr/lib/avr51\libm.a(fp_pscB.o)
 .data          0x00000000        0x0 d:/program files (x86)/atmel/studio/7.0/toolchain/avr8/avr8-gnu-toolchain/bin/../lib/gcc/avr/4.9.2/../../../../avr/lib/avr51\libm.a(fp_pscB.o)
 .bss           0x00000000        0x0 d:/program files (x86)/atmel/studio/7.0/toolchain/avr8/avr8-gnu-toolchain/bin/../lib/gcc/avr/4.9.2/../../../../avr/lib/avr51\libm.a(fp_pscB.o)
 .text          0x00000000        0x0 d:/program files (x86)/atmel/studio/7.0/toolchain/avr8/avr8-gnu-toolchain/bin/../lib/gcc/avr/4.9.2/../../../../avr/lib/avr51\libm.a(fp_round.o)
 .data          0x00000000        0x0 d:/program files (x86)/atmel/studio/7.0/toolchain/avr8/avr8-gnu-toolchain/bin/../lib/gcc/avr/4.9.2/../../../../avr/lib/avr51\libm.a(fp_round.o)
 .bss           0x00000000        0x0 d:/program files (x86)/atmel/studio/7.0/toolchain/avr8/avr8-gnu-toolchain/bin/../lib/gcc/avr/4.9.2/../../../../avr/lib/avr51\libm.a(fp_round.o)
 .text          0x00000000        0x0 d:/program files (x86)/atmel/studio/7.0/toolchain/avr8/avr8-gnu-toolchain/bin/../lib/gcc/avr/4.9.2/../../../../avr/lib/avr51\libm.a(fp_split3.o)
 .data          0x00000000        0x0 d:/program files (x86)/atmel/studio/7.0/toolchain/avr8/avr8-gnu-toolchain/bin/../lib/gcc/avr/4.9.2/../../../../avr/lib/avr51\libm.a(fp_split3.o)
 .bss           0x00000000        0x0 d:/program files (x86)/atmel/studio/7.0/toolchain/avr8/avr8-gnu-toolchain/bin/../lib/gcc/avr/4.9.2/../../../../avr/lib/avr51\libm.a(fp_split3.o)
 .text          0x00000000        0x0 d:/program files (x86)/atmel/studio/7.0/toolchain/avr8/avr8-gnu-toolchain/bin/../lib/gcc/avr/4.9.2/../../../../avr/lib/avr51\libm.a(fp_zero.o)
 .data          0x00000000        0x0 d:/program files (x86)/atmel/studio/7.0/toolchain/avr8/avr8-gnu-toolchain/bin/../lib/gcc/avr/4.9.2/../../../../avr/lib/avr51\libm.a(fp_zero.o)
 .bss           0x00000000        0x0 d:/program files (x86)/atmel/studio/7.0/toolchain/avr8/avr8-gnu-toolchain/bin/../lib/gcc/avr/4.9.2/../../../../avr/lib/avr51\libm.a(fp_zero.o)
 .text          0x00000000        0x0 d:/program files (x86)/atmel/studio/7.0/toolchain/avr8/avr8-gnu-toolchain/bin/../lib/gcc/avr/4.9.2/../../../../avr/lib/avr51\libm.a(mulsf3.o)
 .data          0x00000000        0x0 d:/program files (x86)/atmel/studio/7.0/toolchain/avr8/avr8-gnu-toolchain/bin/../lib/gcc/avr/4.9.2/../../../../avr/lib/avr51\libm.a(mulsf3.o)
 .bss           0x00000000        0x0 d:/program files (x86)/atmel/studio/7.0/toolchain/avr8/avr8-gnu-toolchain/bin/../lib/gcc/avr/4.9.2/../../../../avr/lib/avr51\libm.a(mulsf3.o)
 .text          0x00000000        0x0 d:/program files (x86)/atmel/studio/7.0/toolchain/avr8/avr8-gnu-toolchain/bin/../lib/gcc/avr/4.9.2/../../../../avr/lib/avr51\libm.a(mulsf3x.o)
 .data          0x00000000        0x0 d:/program files (x86)/atmel/studio/7.0/toolchain/avr8/avr8-gnu-toolchain/bin/../lib/gcc/avr/4.9.2/../../../../avr/lib/avr51\libm.a(mulsf3x.o)
 .bss           0x00000000        0x0 d:/program files (x86)/atmel/studio/7.0/toolchain/avr8/avr8-gnu-toolchain/bin/../lib/gcc/avr/4.9.2/../../../../avr/lib/avr51\libm.a(mulsf3x.o)
 .text          0x00000000        0x0 d:/program files (x86)/atmel/studio/7.0/toolchain/avr8/avr8-gnu-toolchain/bin/../lib/gcc/avr/4.9.2/avr51\libgcc.a(_exit.o)
 .data          0x00000000        0x0 d:/program files (x86)/atmel/studio/7.0/toolchain/avr8/avr8-gnu-toolchain/bin/../lib/gcc/avr/4.9.2/avr51\libgcc.a(_exit.o)
 .bss           0x00000000        0x0 d:/program files (x86)/atmel/studio/7.0/toolchain/avr8/avr8-gnu-toolchain/bin/../lib/gcc/avr/4.9.2/avr51\libgcc.a(_exit.o)
 .text.libgcc.mul
                0x00000000        0x0 d:/program files (x86)/atmel/studio/7.0/toolchain/avr8/avr8-gnu-toolchain/bin/../lib/gcc/avr/4.9.2/avr51\libgcc.a(_exit.o)
 .text.libgcc.div
                0x00000000        0x0 d:/program files (x86)/atmel/studio/7.0/toolchain/avr8/avr8-gnu-toolchain/bin/../lib/gcc/avr/4.9.2/avr51\libgcc.a(_exit.o)
 .text.libgcc   0x00000000        0x0 d:/program files (x86)/atmel/studio/7.0/toolchain/avr8/avr8-gnu-toolchain/bin/../lib/gcc/avr/4.9.2/avr51\libgcc.a(_exit.o)
 .text.libgcc.prologue
                0x00000000        0x0 d:/program files (x86)/atmel/studio/7.0/toolchain/avr8/avr8-gnu-toolchain/bin/../lib/gcc/avr/4.9.2/avr51\libgcc.a(_exit.o)
 .text.libgcc.builtins
                0x00000000        0x0 d:/program files (x86)/atmel/studio/7.0/toolchain/avr8/avr8-gnu-toolchain/bin/../lib/gcc/avr/4.9.2/avr51\libgcc.a(_exit.o)
 .text.libgcc.fmul
                0x00000000        0x0 d:/program files (x86)/atmel/studio/7.0/toolchain/avr8/avr8-gnu-toolchain/bin/../lib/gcc/avr/4.9.2/avr51\libgcc.a(_exit.o)
 .text.libgcc.fixed
                0x00000000        0x0 d:/program files (x86)/atmel/studio/7.0/toolchain/avr8/avr8-gnu-toolchain/bin/../lib/gcc/avr/4.9.2/avr51\libgcc.a(_exit.o)
 .text          0x00000000        0x0 d:/program files (x86)/atmel/studio/7.0/toolchain/avr8/avr8-gnu-toolchain/bin/../lib/gcc/avr/4.9.2/avr51\libgcc.a(_copy_data.o)
 .data          0x00000000        0x0 d:/program files (x86)/atmel/studio/7.0/toolchain/avr8/avr8-gnu-toolchain/bin/../lib/gcc/avr/4.9.2/avr51\libgcc.a(_copy_data.o)
 .bss           0x00000000        0x0 d:/program files (x86)/atmel/studio/7.0/toolchain/avr8/avr8-gnu-toolchain/bin/../lib/gcc/avr/4.9.2/avr51\libgcc.a(_copy_data.o)
 .text.libgcc.mul
                0x00000000        0x0 d:/program files (x86)/atmel/studio/7.0/toolchain/avr8/avr8-gnu-toolchain/bin/../lib/gcc/avr/4.9.2/avr51\libgcc.a(_copy_data.o)
 .text.libgcc.div
                0x00000000        0x0 d:/program files (x86)/atmel/studio/7.0/toolchain/avr8/avr8-gnu-toolchain/bin/../lib/gcc/avr/4.9.2/avr51\libgcc.a(_copy_data.o)
 .text.libgcc   0x00000000        0x0 d:/program files (x86)/atmel/studio/7.0/toolchain/avr8/avr8-gnu-toolchain/bin/../lib/gcc/avr/4.9.2/avr51\libgcc.a(_copy_data.o)
 .text.libgcc.prologue
                0x00000000        0x0 d:/program files (x86)/atmel/studio/7.0/toolchain/avr8/avr8-gnu-toolchain/bin/../lib/gcc/avr/4.9.2/avr51\libgcc.a(_copy_data.o)
 .text.libgcc.builtins
                0x00000000        0x0 d:/program files (x86)/atmel/studio/7.0/toolchain/avr8/avr8-gnu-toolchain/bin/../lib/gcc/avr/4.9.2/avr51\libgcc.a(_copy_data.o)
 .text.libgcc.fmul
                0x00000000        0x0 d:/program files (x86)/atmel/studio/7.0/toolchain/avr8/avr8-gnu-toolchain/bin/../lib/gcc/avr/4.9.2/avr51\libgcc.a(_copy_data.o)
 .text.libgcc.fixed
                0x00000000        0x0 d:/program files (x86)/atmel/studio/7.0/toolchain/avr8/avr8-gnu-toolchain/bin/../lib/gcc/avr/4.9.2/avr51\libgcc.a(_copy_data.o)
 .text          0x00000000        0x0 d:/program files (x86)/atmel/studio/7.0/toolchain/avr8/avr8-gnu-toolchain/bin/../lib/gcc/avr/4.9.2/avr51\libgcc.a(_clear_bss.o)
 .data          0x00000000        0x0 d:/program files (x86)/atmel/studio/7.0/toolchain/avr8/avr8-gnu-toolchain/bin/../lib/gcc/avr/4.9.2/avr51\libgcc.a(_clear_bss.o)
 .bss           0x00000000        0x0 d:/program files (x86)/atmel/studio/7.0/toolchain/avr8/avr8-gnu-toolchain/bin/../lib/gcc/avr/4.9.2/avr51\libgcc.a(_clear_bss.o)
 .text.libgcc.mul
                0x00000000        0x0 d:/program files (x86)/atmel/studio/7.0/toolchain/avr8/avr8-gnu-toolchain/bin/../lib/gcc/avr/4.9.2/avr51\libgcc.a(_clear_bss.o)
 .text.libgcc.div
                0x00000000        0x0 d:/program files (x86)/atmel/studio/7.0/toolchain/avr8/avr8-gnu-toolchain/bin/../lib/gcc/avr/4.9.2/avr51\libgcc.a(_clear_bss.o)
 .text.libgcc   0x00000000        0x0 d:/program files (x86)/atmel/studio/7.0/toolchain/avr8/avr8-gnu-toolchain/bin/../lib/gcc/avr/4.9.2/avr51\libgcc.a(_clear_bss.o)
 .text.libgcc.prologue
                0x00000000        0x0 d:/program files (x86)/atmel/studio/7.0/toolchain/avr8/avr8-gnu-toolchain/bin/../lib/gcc/avr/4.9.2/avr51\libgcc.a(_clear_bss.o)
 .text.libgcc.builtins
                0x00000000        0x0 d:/program files (x86)/atmel/studio/7.0/toolchain/avr8/avr8-gnu-toolchain/bin/../lib/gcc/avr/4.9.2/avr51\libgcc.a(_clear_bss.o)
 .text.libgcc.fmul
                0x00000000        0x0 d:/program files (x86)/atmel/studio/7.0/toolchain/avr8/avr8-gnu-toolchain/bin/../lib/gcc/avr/4.9.2/avr51\libgcc.a(_clear_bss.o)
 .text.libgcc.fixed
                0x00000000        0x0 d:/program files (x86)/atmel/studio/7.0/toolchain/avr8/avr8-gnu-toolchain/bin/../lib/gcc/avr/4.9.2/avr51\libgcc.a(_clear_bss.o)
 .text          0x00000000        0x0 d:/program files (x86)/atmel/studio/7.0/toolchain/avr8/avr8-gnu-toolchain/bin/../lib/gcc/avr/4.9.2/avr51\libgcc.a(_umulhisi3.o)
 .data          0x00000000        0x0 d:/program files (x86)/atmel/studio/7.0/toolchain/avr8/avr8-gnu-toolchain/bin/../lib/gcc/avr/4.9.2/avr51\libgcc.a(_umulhisi3.o)
 .bss           0x00000000        0x0 d:/program files (x86)/atmel/studio/7.0/toolchain/avr8/avr8-gnu-toolchain/bin/../lib/gcc/avr/4.9.2/avr51\libgcc.a(_umulhisi3.o)
 .text.libgcc.div
                0x00000000        0x0 d:/program files (x86)/atmel/studio/7.0/toolchain/avr8/avr8-gnu-toolchain/bin/../lib/gcc/avr/4.9.2/avr51\libgcc.a(_umulhisi3.o)
 .text.libgcc   0x00000000        0x0 d:/program files (x86)/atmel/studio/7.0/toolchain/avr8/avr8-gnu-toolchain/bin/../lib/gcc/avr/4.9.2/avr51\libgcc.a(_umulhisi3.o)
 .text.libgcc.prologue
                0x00000000        0x0 d:/program files (x86)/atmel/studio/7.0/toolchain/avr8/avr8-gnu-toolchain/bin/../lib/gcc/avr/4.9.2/avr51\libgcc.a(_umulhisi3.o)
 .text.libgcc.builtins
                0x00000000        0x0 d:/program files (x86)/atmel/studio/7.0/toolchain/avr8/avr8-gnu-toolchain/bin/../lib/gcc/avr/4.9.2/avr51\libgcc.a(_umulhisi3.o)
 .text.libgcc.fmul
                0x00000000        0x0 d:/program files (x86)/atmel/studio/7.0/toolchain/avr8/avr8-gnu-toolchain/bin/../lib/gcc/avr/4.9.2/avr51\libgcc.a(_umulhisi3.o)
 .text.libgcc.fixed
                0x00000000        0x0 d:/program files (x86)/atmel/studio/7.0/toolchain/avr8/avr8-gnu-toolchain/bin/../lib/gcc/avr/4.9.2/avr51\libgcc.a(_umulhisi3.o)
 .text          0x00000000        0x0 d:/program files (x86)/atmel/studio/7.0/toolchain/avr8/avr8-gnu-toolchain/bin/../lib/gcc/avr/4.9.2/../../../../avr/lib/avr51\libc.a(itoa_ncheck.o)
 .data          0x00000000        0x0 d:/program files (x86)/atmel/studio/7.0/toolchain/avr8/avr8-gnu-toolchain/bin/../lib/gcc/avr/4.9.2/../../../../avr/lib/avr51\libc.a(itoa_ncheck.o)
 .bss           0x00000000        0x0 d:/program files (x86)/atmel/studio/7.0/toolchain/avr8/avr8-gnu-toolchain/bin/../lib/gcc/avr/4.9.2/../../../../avr/lib/avr51\libc.a(itoa_ncheck.o)
 .text          0x00000000        0x0 d:/program files (x86)/atmel/studio/7.0/toolchain/avr8/avr8-gnu-toolchain/bin/../lib/gcc/avr/4.9.2/../../../../avr/lib/avr51\libc.a(utoa_ncheck.o)
 .data          0x00000000        0x0 d:/program files (x86)/atmel/studio/7.0/toolchain/avr8/avr8-gnu-toolchain/bin/../lib/gcc/avr/4.9.2/../../../../avr/lib/avr51\libc.a(utoa_ncheck.o)
 .bss           0x00000000        0x0 d:/program files (x86)/atmel/studio/7.0/toolchain/avr8/avr8-gnu-toolchain/bin/../lib/gcc/avr/4.9.2/../../../../avr/lib/avr51\libc.a(utoa_ncheck.o)
 .text          0x00000000        0x0 d:/program files (x86)/atmel/studio/7.0/toolchain/avr8/avr8-gnu-toolchain/bin/../lib/gcc/avr/4.9.2/../../../../avr/lib/avr51\libc.a(strrev.o)
 .data          0x00000000        0x0 d:/program files (x86)/atmel/studio/7.0/toolchain/avr8/avr8-gnu-toolchain/bin/../lib/gcc/avr/4.9.2/../../../../avr/lib/avr51\libc.a(strrev.o)
 .bss           0x00000000        0x0 d:/program files (x86)/atmel/studio/7.0/toolchain/avr8/avr8-gnu-toolchain/bin/../lib/gcc/avr/4.9.2/../../../../avr/lib/avr51\libc.a(strrev.o)

Memory Configuration

Name             Origin             Length             Attributes
text             0x00000000         0x00020000         xr
data             0x00800100         0x0000ff00         rw !x
eeprom           0x00810000         0x00010000         rw !x
fuse             0x00820000         0x00000400         rw !x
lock             0x00830000         0x00000400         rw !x
signature        0x00840000         0x00000400         rw !x
user_signatures  0x00850000         0x00000400         rw !x
*default*        0x00000000         0xffffffff

Linker script and memory map

Address of section .data set to 0x800100
LOAD D:/Program Files (x86)/Atmel/Studio/7.0/Packs/atmel/ATmega_DFP/1.0.106/gcc/dev/atmega1284/avr51/crtatmega1284.o
LOAD dss_0708.o
LOAD includes/dataflash.o
LOAD includes/fifo.o
LOAD includes/lcd.o
LOAD includes/spi.o
LOAD includes/twi.o
LOAD includes/uart.o
START GROUP
LOAD d:/program files (x86)/atmel/studio/7.0/toolchain/avr8/avr8-gnu-toolchain/bin/../lib/gcc/avr/4.9.2/../../../../avr/lib/avr51\libm.a
END GROUP
START GROUP
LOAD d:/program files (x86)/atmel/studio/7.0/toolchain/avr8/avr8-gnu-toolchain/bin/../lib/gcc/avr/4.9.2/avr51\libgcc.a
LOAD d:/program files (x86)/atmel/studio/7.0/toolchain/avr8/avr8-gnu-toolchain/bin/../lib/gcc/avr/4.9.2/../../../../avr/lib/avr51\libm.a
LOAD d:/program files (x86)/atmel/studio/7.0/toolchain/avr8/avr8-gnu-toolchain/bin/../lib/gcc/avr/4.9.2/../../../../avr/lib/avr51\libc.a
LOAD D:/Program Files (x86)/Atmel/Studio/7.0/Packs/atmel/ATmega_DFP/1.0.106/gcc/dev/atmega1284/avr51\libatmega1284.a
END GROUP
                0x00020000                __TEXT_REGION_LENGTH__ = DEFINED (__TEXT_REGION_LENGTH__)?__TEXT_REGION_LENGTH__:0x20000
                0x0000ff00                __DATA_REGION_LENGTH__ = DEFINED (__DATA_REGION_LENGTH__)?__DATA_REGION_LENGTH__:0xff00
                0x00010000                __EEPROM_REGION_LENGTH__ = DEFINED (__EEPROM_REGION_LENGTH__)?__EEPROM_REGION_LENGTH__:0x10000
                0x00000400                __FUSE_REGION_LENGTH__ = DEFINED (__FUSE_REGION_LENGTH__)?__FUSE_REGION_LENGTH__:0x400
                0x00000400                __LOCK_REGION_LENGTH__ = DEFINED (__LOCK_REGION_LENGTH__)?__LOCK_REGION_LENGTH__:0x400
                0x00000400                __SIGNATURE_REGION_LENGTH__ = DEFINED (__SIGNATURE_REGION_LENGTH__)?__SIGNATURE_REGION_LENGTH__:0x400
                0x00000400                __USER_SIGNATURE_REGION_LENGTH__ = DEFINED (__USER_SIGNATURE_REGION_LENGTH__)?__USER_SIGNATURE_REGION_LENGTH__:0x400

.hash
 *(.hash)

.dynsym
 *(.dynsym)

.dynstr
 *(.dynstr)

.gnu.version
 *(.gnu.version)

.gnu.version_d
 *(.gnu.version_d)

.gnu.version_r
 *(.gnu.version_r)

.rel.init
 *(.rel.init)

.rela.init
 *(.rela.init)

.rel.text
 *(.rel.text)
 *(.rel.text.*)
 *(.rel.gnu.linkonce.t*)

.rela.text
 *(.rela.text)
 *(.rela.text.*)
 *(.rela.gnu.linkonce.t*)

.rel.fini
 *(.rel.fini)

.rela.fini
 *(.rela.fini)

.rel.rodata
 *(.rel.rodata)
 *(.rel.rodata.*)
 *(.rel.gnu.linkonce.r*)

.rela.rodata
 *(.rela.rodata)
 *(.rela.rodata.*)
 *(.rela.gnu.linkonce.r*)

.rel.data
 *(.rel.data)
 *(.rel.data.*)
 *(.rel.gnu.linkonce.d*)

.rela.data
 *(.rela.data)
 *(.rela.data.*)
 *(.rela.gnu.linkonce.d*)

.rel.ctors
 *(.rel.ctors)

.rela.ctors
 *(.rela.ctors)

.rel.dtors
 *(.rel.dtors)

.rela.dtors
 *(.rela.dtors)

.rel.got
 *(.rel.got)

.rela.got
 *(.rela.got)

.rel.bss
 *(.rel.bss)

.rela.bss
 *(.rela.bss)

.rel.plt
 *(.rel.plt)

.rela.plt
 *(.rela.plt)

.text           0x00000000     0x1c3e
 *(.vectors)
 .vectors       0x00000000       0x8c D:/Program Files (x86)/Atmel/Studio/7.0/Packs/atmel/ATmega_DFP/1.0.106/gcc/dev/atmega1284/avr51/crtatmega1284.o
                0x00000000                __vector_default
                0x00000000                __vectors
 *(.vectors)
 *(.progmem.gcc*)
                0x0000008c                . = ALIGN (0x2)
                0x0000008c                __trampolines_start = .
 *(.trampolines)
 .trampolines   0x0000008c        0x0 linker stubs
 *(.trampolines*)
                0x0000008c                __trampolines_end = .
 *(.progmem*)
 .progmem.data.__c.2358
                0x0000008c       0x14 dss_0708.o
 .progmem.data.__c.2356
                0x000000a0       0x11 dss_0708.o
 .progmem.data.__c.2337
                0x000000b1        0xd dss_0708.o
 .progmem.data.__c.2335
                0x000000be        0xf dss_0708.o
 .progmem.data.__c.2333
                0x000000cd        0xb dss_0708.o
 .progmem.data.__c.2331
                0x000000d8       0x16 dss_0708.o
 .progmem.data.__c.2329
                0x000000ee        0xe dss_0708.o
 .progmem.data.raster
                0x000000fc      0x400 dss_0708.o
                0x000000fc                raster
 .progmem.data.font
                0x000004fc      0x600 includes/lcd.o
                0x000004fc                font
                0x00000afc                . = ALIGN (0x2)
 *(.jumptables)
 *(.jumptables*)
 *(.lowtext)
 *(.lowtext*)
                0x00000afc                __ctors_start = .
 *(.ctors)
                0x00000afc                __ctors_end = .
                0x00000afc                __dtors_start = .
 *(.dtors)
                0x00000afc                __dtors_end = .
 SORT(*)(.ctors)
 SORT(*)(.dtors)
 *(.init0)
 .init0         0x00000afc        0x0 D:/Program Files (x86)/Atmel/Studio/7.0/Packs/atmel/ATmega_DFP/1.0.106/gcc/dev/atmega1284/avr51/crtatmega1284.o
                0x00000afc                __init
 *(.init0)
 *(.init1)
 *(.init1)
 *(.init2)
 .init2         0x00000afc        0xc D:/Program Files (x86)/Atmel/Studio/7.0/Packs/atmel/ATmega_DFP/1.0.106/gcc/dev/atmega1284/avr51/crtatmega1284.o
 *(.init2)
 *(.init3)
 *(.init3)
 *(.init4)
 .init4         0x00000b08       0x1a d:/program files (x86)/atmel/studio/7.0/toolchain/avr8/avr8-gnu-toolchain/bin/../lib/gcc/avr/4.9.2/avr51\libgcc.a(_copy_data.o)
                0x00000b08                __do_copy_data
 .init4         0x00000b22       0x10 d:/program files (x86)/atmel/studio/7.0/toolchain/avr8/avr8-gnu-toolchain/bin/../lib/gcc/avr/4.9.2/avr51\libgcc.a(_clear_bss.o)
                0x00000b22                __do_clear_bss
 *(.init4)
 *(.init5)
 *(.init5)
 *(.init6)
 *(.init6)
 *(.init7)
 *(.init7)
 *(.init8)
 *(.init8)
 *(.init9)
 .init9         0x00000b32        0x6 D:/Program Files (x86)/Atmel/Studio/7.0/Packs/atmel/ATmega_DFP/1.0.106/gcc/dev/atmega1284/avr51/crtatmega1284.o
 *(.init9)
 *(.text)
 .text          0x00000b38        0x2 D:/Program Files (x86)/Atmel/Studio/7.0/Packs/atmel/ATmega_DFP/1.0.106/gcc/dev/atmega1284/avr51/crtatmega1284.o
                0x00000b38                __vector_1
                0x00000b38                __vector_32
                0x00000b38                __vector_34
                0x00000b38                __vector_24
                0x00000b38                __vector_12
                0x00000b38                __bad_interrupt
                0x00000b38                __vector_6
                0x00000b38                __vector_31
                0x00000b38                __vector_3
                0x00000b38                __vector_23
                0x00000b38                __vector_25
                0x00000b38                __vector_11
                0x00000b38                __vector_13
                0x00000b38                __vector_17
                0x00000b38                __vector_19
                0x00000b38                __vector_7
                0x00000b38                __vector_27
                0x00000b38                __vector_5
                0x00000b38                __vector_33
                0x00000b38                __vector_4
                0x00000b38                __vector_2
                0x00000b38                __vector_21
                0x00000b38                __vector_15
                0x00000b38                __vector_29
                0x00000b38                __vector_8
                0x00000b38                __vector_26
                0x00000b38                __vector_14
                0x00000b38                __vector_10
                0x00000b38                __vector_16
                0x00000b38                __vector_18
                0x00000b3a                . = ALIGN (0x2)
 *(.text.*)
 .text.start    0x00000b3a       0x50 dss_0708.o
                0x00000b3a                start
 .text.adc_init
                0x00000b8a       0x12 dss_0708.o
                0x00000b8a                adc_init
 .text.AD9850_setup
                0x00000b9c       0x1a dss_0708.o
                0x00000b9c                AD9850_setup
 .text.AD9850_reset
                0x00000bb6       0x62 dss_0708.o
                0x00000bb6                AD9850_reset
 .text.AD9850_Setfrequency
                0x00000c18       0x9e dss_0708.o
                0x00000c18                AD9850_Setfrequency
 .text.create_raster
                0x00000cb6       0x3c dss_0708.o
                0x00000cb6                create_raster
 .text.frequence_display
                0x00000cf2       0x5c dss_0708.o
                0x00000cf2                frequence_display
 .text.create_wave
                0x00000d4e       0x48 dss_0708.o
                0x00000d4e                create_wave
 .text.signal_display
                0x00000d96      0x362 dss_0708.o
                0x00000d96                signal_display
 .text.get_frequence
                0x000010f8       0xc8 dss_0708.o
                0x000010f8                get_frequence
 .text.main     0x000011c0       0x1a dss_0708.o
                0x000011c0                main
 .text.dataflash_init
                0x000011da        0x8 includes/dataflash.o
                0x000011da                dataflash_init
 .text.LCD_Update
                0x000011e2       0x96 includes/lcd.o
                0x000011e2                LCD_Update
 .text.LCD_Clear
                0x00001278       0x2c includes/lcd.o
                0x00001278                LCD_Clear
 .text.LCD_DrawPixel
                0x000012a4       0x90 includes/lcd.o
                0x000012a4                LCD_DrawPixel
 .text.LCD_PutChar
                0x00001334       0x94 includes/lcd.o
                0x00001334                LCD_PutChar
 .text.LCD_PutString
                0x000013c8       0x1c includes/lcd.o
                0x000013c8                LCD_PutString
 .text.LCD_PutString_P
                0x000013e4       0x22 includes/lcd.o
                0x000013e4                LCD_PutString_P
 .text.LCD_GotoXY
                0x00001406        0xa includes/lcd.o
                0x00001406                LCD_GotoXY
 .text.Backlight_Off
                0x00001410       0x22 includes/lcd.o
                0x00001410                Backlight_Off
 .text.LCD_Init
                0x00001432       0x48 includes/lcd.o
                0x00001432                LCD_Init
 .text.Backlight_LED
                0x0000147a       0x18 includes/lcd.o
                0x0000147a                Backlight_LED
 .text.SPI_MasterInit
                0x00001492       0x24 includes/spi.o
                0x00001492                SPI_MasterInit
 .text.SPI_MasterTransfer
                0x000014b6        0xa includes/spi.o
                0x000014b6                SPI_MasterTransfer
 .text.TWI_Init
                0x000014c0       0x28 includes/twi.o
                0x000014c0                TWI_Init
 .text.TWI_Start
                0x000014e8       0x36 includes/twi.o
                0x000014e8                TWI_Start
 .text.TWI_Address_RW
                0x0000151e       0x3a includes/twi.o
                0x0000151e                TWI_Address_RW
 .text.TWI_Write
                0x00001558       0x3a includes/twi.o
                0x00001558                TWI_Write
 .text.TWI_Stop
                0x00001592        0xe includes/twi.o
                0x00001592                TWI_Stop
 .text.__vector_9
                0x000015a0       0x44 includes/twi.o
                0x000015a0                __vector_9
 .text.__vector_20
                0x000015e4       0xa2 includes/uart.o
                0x000015e4                __vector_20
 .text.__vector_22
                0x00001686       0x9e includes/uart.o
                0x00001686                __vector_22
 .text.__vector_28
                0x00001724       0xaa includes/uart.o
                0x00001724                __vector_28
 .text.__vector_30
                0x000017ce       0x9e includes/uart.o
                0x000017ce                __vector_30
 .text.uart_init1
                0x0000186c       0x20 includes/uart.o
                0x0000186c                uart_init1
 .text.uart1_tx_byte
                0x0000188c       0x14 includes/uart.o
                0x0000188c                uart1_tx_byte
 .text.uart1_tx_frame
                0x000018a0        0xc includes/uart.o
                0x000018a0                uart1_tx_frame
 .text.avr-libc.fplib
                0x000018ac        0x4 d:/program files (x86)/atmel/studio/7.0/toolchain/avr8/avr8-gnu-toolchain/bin/../lib/gcc/avr/4.9.2/../../../../avr/lib/avr51\libm.a(divsf3.o)
                0x000018ac                __divsf3
 .text.avr-libc.fplib
                0x000018b0       0xcc d:/program files (x86)/atmel/studio/7.0/toolchain/avr8/avr8-gnu-toolchain/bin/../lib/gcc/avr/4.9.2/../../../../avr/lib/avr51\libm.a(divsf3x.o)
                0x000018c6                __divsf3x
                0x000018ca                __divsf3_pse
 .text.avr-libc.fplib
                0x0000197c       0x58 d:/program files (x86)/atmel/studio/7.0/toolchain/avr8/avr8-gnu-toolchain/bin/../lib/gcc/avr/4.9.2/../../../../avr/lib/avr51\libm.a(fixunssfsi.o)
                0x0000197c                __fixunssfsi
 .text.avr-libc.fplib
                0x000019d4       0x7a d:/program files (x86)/atmel/studio/7.0/toolchain/avr8/avr8-gnu-toolchain/bin/../lib/gcc/avr/4.9.2/../../../../avr/lib/avr51\libm.a(floatsisf.o)
                0x000019d4                __floatunsisf
                0x000019d8                __floatsisf
 .text.avr-libc.fplib
                0x00001a4e        0xc d:/program files (x86)/atmel/studio/7.0/toolchain/avr8/avr8-gnu-toolchain/bin/../lib/gcc/avr/4.9.2/../../../../avr/lib/avr51\libm.a(fp_inf.o)
                0x00001a4e                __fp_inf
 .text.avr-libc.fplib
                0x00001a5a        0x6 d:/program files (x86)/atmel/studio/7.0/toolchain/avr8/avr8-gnu-toolchain/bin/../lib/gcc/avr/4.9.2/../../../../avr/lib/avr51\libm.a(fp_nan.o)
                0x00001a5a                __fp_nan
 .text.avr-libc.fplib
                0x00001a60        0xe d:/program files (x86)/atmel/studio/7.0/toolchain/avr8/avr8-gnu-toolchain/bin/../lib/gcc/avr/4.9.2/../../../../avr/lib/avr51\libm.a(fp_pscA.o)
                0x00001a60                __fp_pscA
 .text.avr-libc.fplib
                0x00001a6e        0xe d:/program files (x86)/atmel/studio/7.0/toolchain/avr8/avr8-gnu-toolchain/bin/../lib/gcc/avr/4.9.2/../../../../avr/lib/avr51\libm.a(fp_pscB.o)
                0x00001a6e                __fp_pscB
 .text.avr-libc.fplib
                0x00001a7c       0x22 d:/program files (x86)/atmel/studio/7.0/toolchain/avr8/avr8-gnu-toolchain/bin/../lib/gcc/avr/4.9.2/../../../../avr/lib/avr51\libm.a(fp_round.o)
                0x00001a7c                __fp_round
 .text.avr-libc.fplib
                0x00001a9e       0x44 d:/program files (x86)/atmel/studio/7.0/toolchain/avr8/avr8-gnu-toolchain/bin/../lib/gcc/avr/4.9.2/../../../../avr/lib/avr51\libm.a(fp_split3.o)
                0x00001a9e                __fp_split3
                0x00001aae                __fp_splitA
 .text.avr-libc.fplib
                0x00001ae2        0xe d:/program files (x86)/atmel/studio/7.0/toolchain/avr8/avr8-gnu-toolchain/bin/../lib/gcc/avr/4.9.2/../../../../avr/lib/avr51\libm.a(fp_zero.o)
                0x00001ae2                __fp_zero
                0x00001ae4                __fp_szero
 .text.avr-libc.fplib
                0x00001af0        0x4 d:/program files (x86)/atmel/studio/7.0/toolchain/avr8/avr8-gnu-toolchain/bin/../lib/gcc/avr/4.9.2/../../../../avr/lib/avr51\libm.a(mulsf3.o)
                0x00001af0                __mulsf3
 .text.avr-libc.fplib
                0x00001af4       0xc2 d:/program files (x86)/atmel/studio/7.0/toolchain/avr8/avr8-gnu-toolchain/bin/../lib/gcc/avr/4.9.2/../../../../avr/lib/avr51\libm.a(mulsf3x.o)
                0x00001b08                __mulsf3x
                0x00001b0c                __mulsf3_pse
 .text.libgcc.mul
                0x00001bb6       0x1e d:/program files (x86)/atmel/studio/7.0/toolchain/avr8/avr8-gnu-toolchain/bin/../lib/gcc/avr/4.9.2/avr51\libgcc.a(_umulhisi3.o)
                0x00001bb6                __umulhisi3
 .text.avr-libc
                0x00001bd4       0x14 d:/program files (x86)/atmel/studio/7.0/toolchain/avr8/avr8-gnu-toolchain/bin/../lib/gcc/avr/4.9.2/../../../../avr/lib/avr51\libc.a(itoa_ncheck.o)
                0x00001bd4                __itoa_ncheck
 .text.avr-libc
                0x00001be8       0x32 d:/program files (x86)/atmel/studio/7.0/toolchain/avr8/avr8-gnu-toolchain/bin/../lib/gcc/avr/4.9.2/../../../../avr/lib/avr51\libc.a(utoa_ncheck.o)
                0x00001be8                __utoa_ncheck
                0x00001bea                __utoa_common
 .text.avr-libc
                0x00001c1a       0x20 d:/program files (x86)/atmel/studio/7.0/toolchain/avr8/avr8-gnu-toolchain/bin/../lib/gcc/avr/4.9.2/../../../../avr/lib/avr51\libc.a(strrev.o)
                0x00001c1a                strrev
                0x00001c3a                . = ALIGN (0x2)
 *(.fini9)
 .fini9         0x00001c3a        0x0 d:/program files (x86)/atmel/studio/7.0/toolchain/avr8/avr8-gnu-toolchain/bin/../lib/gcc/avr/4.9.2/avr51\libgcc.a(_exit.o)
                0x00001c3a                _exit
                0x00001c3a                exit
 *(.fini9)
 *(.fini8)
 *(.fini8)
 *(.fini7)
 *(.fini7)
 *(.fini6)
 *(.fini6)
 *(.fini5)
 *(.fini5)
 *(.fini4)
 *(.fini4)
 *(.fini3)
 *(.fini3)
 *(.fini2)
 *(.fini2)
 *(.fini1)
 *(.fini1)
 *(.fini0)
 .fini0         0x00001c3a        0x4 d:/program files (x86)/atmel/studio/7.0/toolchain/avr8/avr8-gnu-toolchain/bin/../lib/gcc/avr/4.9.2/avr51\libgcc.a(_exit.o)
 *(.fini0)
                0x00001c3e                _etext = .

.data           0x00800100       0xa6 load address 0x00001c3e
                0x00800100                PROVIDE (__data_start, .)
 *(.data)
 *(.data*)
 .data.AD_freq  0x00800100        0x4 dss_0708.o
                0x00800100                AD_freq
 .data.Ypos2    0x00800104        0x1 dss_0708.o
                0x00800104                Ypos2
 .data.lowLimit
                0x00800105        0x1 dss_0708.o
                0x00800105                lowLimit
 .data.data_frame_out
                0x00800106       0xa0 includes/uart.o
                0x00800106                data_frame_out
 *(.rodata)
 *(.rodata*)
 *(.gnu.linkonce.d*)
                0x008001a6                . = ALIGN (0x2)
                0x008001a6                _edata = .
                0x008001a6                PROVIDE (__data_end, .)

.bss            0x008001a6      0x52e
                0x008001a6                PROVIDE (__bss_start, .)
 *(.bss)
 *(.bss*)
 .bss.data2     0x008001a6        0x2 dss_0708.o
                0x008001a6                data2
 .bss.data1     0x008001a8        0x2 dss_0708.o
                0x008001a8                data1
 .bss.dataLcdBuffer
                0x008001aa       0x64 dss_0708.o
 .bss.position  0x0080020e        0x1 dss_0708.o
                0x0080020e                position
 .bss.complete  0x0080020f        0x1 dss_0708.o
                0x0080020f                complete
 .bss.prevADCvalue
                0x00800210        0x1 dss_0708.o
                0x00800210                prevADCvalue
 .bss.upLimit   0x00800211        0x1 dss_0708.o
                0x00800211                upLimit
 .bss.findZero  0x00800212        0x1 dss_0708.o
                0x00800212                findZero
 .bss.trigger   0x00800213        0x1 dss_0708.o
                0x00800213                trigger
 .bss.timeDiv   0x00800214        0x2 dss_0708.o
                0x00800214                timeDiv
 .bss.dataCounter
                0x00800216        0x2 dss_0708.o
                0x00800216                dataCounter
 .bss.lcd_texty
                0x00800218        0x1 includes/lcd.o
                0x00800218                lcd_texty
 .bss.lcd_textx
                0x00800219        0x1 includes/lcd.o
                0x00800219                lcd_textx
 .bss.lcd_frameupdate
                0x0080021a        0x1 includes/lcd.o
                0x0080021a                lcd_frameupdate
 .bss.SPI_flag  0x0080021b        0x2 includes/spi.o
                0x0080021b                SPI_flag
 .bss.twi_timeout
                0x0080021d        0x1 includes/twi.o
                0x0080021d                twi_timeout
 .bss.checksum.1741
                0x0080021e        0x1 includes/uart.o
 .bss.byte_cnt.1742
                0x0080021f        0x1 includes/uart.o
 .bss.checksum_in.1735
                0x00800220        0x1 includes/uart.o
 .bss.checksum.1734
                0x00800221        0x1 includes/uart.o
 .bss.address.1733
                0x00800222        0x1 includes/uart.o
 .bss.uart_rx_cnt.1732
                0x00800223        0x1 includes/uart.o
 .bss.checksum.1724
                0x00800224        0x1 includes/uart.o
 .bss.byte_cnt.1725
                0x00800225        0x1 includes/uart.o
 .bss.checksum_in.1718
                0x00800226        0x1 includes/uart.o
 .bss.checksum.1717
                0x00800227        0x1 includes/uart.o
 .bss.address.1716
                0x00800228        0x1 includes/uart.o
 .bss.uart_rx_cnt.1715
                0x00800229        0x1 includes/uart.o
 .bss.data_ok   0x0080022a        0x1 includes/uart.o
                0x0080022a                data_ok
 *(COMMON)
 COMMON         0x0080022b        0x9 dss_0708.o
                0x0080022b                frequency
                0x0080022c                hex2asciiBuffer
                0x00800230                voltage
                0x00800232                ADCvalue
 COMMON         0x00800234      0x400 includes/lcd.o
                0x00800234                lcd_framebuffer
 COMMON         0x00800634       0xa0 includes/uart.o
                0x00800634                data_frame_in
                0x008006d4                PROVIDE (__bss_end, .)
                0x00001c3e                __data_load_start = LOADADDR (.data)
                0x00001ce4                __data_load_end = (__data_load_start + SIZEOF (.data))

.noinit         0x008006d4        0x0
                [!provide]                PROVIDE (__noinit_start, .)
 *(.noinit*)
                [!provide]                PROVIDE (__noinit_end, .)
                0x008006d4                _end = .
                [!provide]                PROVIDE (__heap_start, .)

.eeprom         0x00810000        0x0
 *(.eeprom*)
                0x00810000                __eeprom_end = .

.fuse
 *(.fuse)
 *(.lfuse)
 *(.hfuse)
 *(.efuse)

.lock
 *(.lock*)

.signature
 *(.signature*)

.user_signatures
 *(.user_signatures*)

.stab
 *(.stab)

.stabstr
 *(.stabstr)

.stab.excl
 *(.stab.excl)

.stab.exclstr
 *(.stab.exclstr)

.stab.index
 *(.stab.index)

.stab.indexstr
 *(.stab.indexstr)

.comment        0x00000000       0x30
 *(.comment)
 .comment       0x00000000       0x30 dss_0708.o
                                 0x31 (size before relaxing)
 .comment       0x00000030       0x31 includes/dataflash.o
 .comment       0x00000030       0x31 includes/lcd.o
 .comment       0x00000030       0x31 includes/spi.o
 .comment       0x00000030       0x31 includes/twi.o
 .comment       0x00000030       0x31 includes/uart.o

.note.gnu.avr.deviceinfo
                0x00000000       0x40
 .note.gnu.avr.deviceinfo
                0x00000000       0x40 D:/Program Files (x86)/Atmel/Studio/7.0/Packs/atmel/ATmega_DFP/1.0.106/gcc/dev/atmega1284/avr51/crtatmega1284.o

.note.gnu.build-id
 *(.note.gnu.build-id)

.debug
 *(.debug)

.line
 *(.line)

.debug_srcinfo
 *(.debug_srcinfo)

.debug_sfnames
 *(.debug_sfnames)

.debug_aranges  0x00000000      0x2d0
 *(.debug_aranges)
 .debug_aranges
                0x00000000       0x80 dss_0708.o
 .debug_aranges
                0x00000080       0x60 includes/dataflash.o
 .debug_aranges
                0x000000e0       0xa0 includes/lcd.o
 .debug_aranges
                0x00000180       0x30 includes/spi.o
 .debug_aranges
                0x000001b0       0x48 includes/twi.o
 .debug_aranges
                0x000001f8       0xd8 includes/uart.o

.debug_pubnames
 *(.debug_pubnames)

.debug_info     0x00000000     0x30d2
 *(.debug_info .gnu.linkonce.wi.*)
 .debug_info    0x00000000      0xf66 dss_0708.o
 .debug_info    0x00000f66      0x53e includes/dataflash.o
 .debug_info    0x000014a4      0xd35 includes/lcd.o
 .debug_info    0x000021d9       0xee includes/spi.o
 .debug_info    0x000022c7      0x147 includes/twi.o
 .debug_info    0x0000240e      0xcc4 includes/uart.o

.debug_abbrev   0x00000000      0xb98
 *(.debug_abbrev)
 .debug_abbrev  0x00000000      0x408 dss_0708.o
 .debug_abbrev  0x00000408       0xf4 includes/dataflash.o
 .debug_abbrev  0x000004fc      0x27c includes/lcd.o
 .debug_abbrev  0x00000778       0xb6 includes/spi.o
 .debug_abbrev  0x0000082e       0xc6 includes/twi.o
 .debug_abbrev  0x000008f4      0x2a4 includes/uart.o

.debug_line     0x00000000     0x1fa7
 *(.debug_line .debug_line.* .debug_line_end)
 .debug_line    0x00000000      0x99b dss_0708.o
 .debug_line    0x0000099b      0x2bc includes/dataflash.o
 .debug_line    0x00000c57      0x5d1 includes/lcd.o
 .debug_line    0x00001228      0x111 includes/spi.o
 .debug_line    0x00001339      0x20d includes/twi.o
 .debug_line    0x00001546      0xa61 includes/uart.o

.debug_frame    0x00000000      0x8b8
 *(.debug_frame)
 .debug_frame   0x00000000      0x168 dss_0708.o
 .debug_frame   0x00000168      0x148 includes/dataflash.o
 .debug_frame   0x000002b0      0x24c includes/lcd.o
 .debug_frame   0x000004fc       0x44 includes/spi.o
 .debug_frame   0x00000540       0x90 includes/twi.o
 .debug_frame   0x000005d0      0x2e8 includes/uart.o

.debug_str      0x00000000      0x909
 *(.debug_str)
 .debug_str     0x00000000      0x437 dss_0708.o
                                0x4aa (size before relaxing)
 .debug_str     0x00000437      0x123 includes/dataflash.o
                                0x299 (size before relaxing)
 .debug_str     0x0000055a      0x107 includes/lcd.o
                                0x3b1 (size before relaxing)
 .debug_str     0x00000661       0x2e includes/spi.o
                                0x1ca (size before relaxing)
 .debug_str     0x0000068f       0x29 includes/twi.o
                                0x1d6 (size before relaxing)
 .debug_str     0x000006b8      0x251 includes/uart.o
                                0x430 (size before relaxing)

.debug_loc      0x00000000     0x2dac
 *(.debug_loc)
 .debug_loc     0x00000000      0x799 dss_0708.o
 .debug_loc     0x00000799      0x654 includes/dataflash.o
 .debug_loc     0x00000ded      0xc3f includes/lcd.o
 .debug_loc     0x00001a2c       0x1f includes/spi.o
 .debug_loc     0x00001a4b       0xb0 includes/twi.o
 .debug_loc     0x00001afb     0x12b1 includes/uart.o

.debug_macinfo
 *(.debug_macinfo)

.debug_weaknames
 *(.debug_weaknames)

.debug_funcnames
 *(.debug_funcnames)

.debug_typenames
 *(.debug_typenames)

.debug_varnames
 *(.debug_varnames)

.debug_pubtypes
 *(.debug_pubtypes)

.debug_ranges   0x00000000      0x2d0
 *(.debug_ranges)
 .debug_ranges  0x00000000       0x88 dss_0708.o
 .debug_ranges  0x00000088       0x50 includes/dataflash.o
 .debug_ranges  0x000000d8       0xa8 includes/lcd.o
 .debug_ranges  0x00000180       0x20 includes/spi.o
 .debug_ranges  0x000001a0       0x38 includes/twi.o
 .debug_ranges  0x000001d8       0xf8 includes/uart.o

.debug_macro
 *(.debug_macro)
OUTPUT(dss_0708.elf elf32-avr)
LOAD linker stubs
