Archive member included because of file (symbol)

c:/program files/atmel/atmel toolchain/avr8 gcc/native/3.4.1056/avr8-gnu-toolchain/bin/../lib/gcc/avr/4.8.1/../../../../avr/lib/avr51\libm.a(divsf3.o)
                              dmm_dds.o (__divsf3)
c:/program files/atmel/atmel toolchain/avr8 gcc/native/3.4.1056/avr8-gnu-toolchain/bin/../lib/gcc/avr/4.8.1/../../../../avr/lib/avr51\libm.a(divsf3x.o)
                              c:/program files/atmel/atmel toolchain/avr8 gcc/native/3.4.1056/avr8-gnu-toolchain/bin/../lib/gcc/avr/4.8.1/../../../../avr/lib/avr51\libm.a(divsf3.o) (__divsf3x)
c:/program files/atmel/atmel toolchain/avr8 gcc/native/3.4.1056/avr8-gnu-toolchain/bin/../lib/gcc/avr/4.8.1/../../../../avr/lib/avr51\libm.a(fixunssfsi.o)
                              dmm_dds.o (__fixunssfsi)
c:/program files/atmel/atmel toolchain/avr8 gcc/native/3.4.1056/avr8-gnu-toolchain/bin/../lib/gcc/avr/4.8.1/../../../../avr/lib/avr51\libm.a(floatsisf.o)
                              dmm_dds.o (__floatunsisf)
c:/program files/atmel/atmel toolchain/avr8 gcc/native/3.4.1056/avr8-gnu-toolchain/bin/../lib/gcc/avr/4.8.1/../../../../avr/lib/avr51\libm.a(fp_inf.o)
                              c:/program files/atmel/atmel toolchain/avr8 gcc/native/3.4.1056/avr8-gnu-toolchain/bin/../lib/gcc/avr/4.8.1/../../../../avr/lib/avr51\libm.a(divsf3x.o) (__fp_inf)
c:/program files/atmel/atmel toolchain/avr8 gcc/native/3.4.1056/avr8-gnu-toolchain/bin/../lib/gcc/avr/4.8.1/../../../../avr/lib/avr51\libm.a(fp_nan.o)
                              c:/program files/atmel/atmel toolchain/avr8 gcc/native/3.4.1056/avr8-gnu-toolchain/bin/../lib/gcc/avr/4.8.1/../../../../avr/lib/avr51\libm.a(divsf3x.o) (__fp_nan)
c:/program files/atmel/atmel toolchain/avr8 gcc/native/3.4.1056/avr8-gnu-toolchain/bin/../lib/gcc/avr/4.8.1/../../../../avr/lib/avr51\libm.a(fp_pscA.o)
                              c:/program files/atmel/atmel toolchain/avr8 gcc/native/3.4.1056/avr8-gnu-toolchain/bin/../lib/gcc/avr/4.8.1/../../../../avr/lib/avr51\libm.a(divsf3x.o) (__fp_pscA)
c:/program files/atmel/atmel toolchain/avr8 gcc/native/3.4.1056/avr8-gnu-toolchain/bin/../lib/gcc/avr/4.8.1/../../../../avr/lib/avr51\libm.a(fp_pscB.o)
                              c:/program files/atmel/atmel toolchain/avr8 gcc/native/3.4.1056/avr8-gnu-toolchain/bin/../lib/gcc/avr/4.8.1/../../../../avr/lib/avr51\libm.a(divsf3x.o) (__fp_pscB)
c:/program files/atmel/atmel toolchain/avr8 gcc/native/3.4.1056/avr8-gnu-toolchain/bin/../lib/gcc/avr/4.8.1/../../../../avr/lib/avr51\libm.a(fp_round.o)
                              c:/program files/atmel/atmel toolchain/avr8 gcc/native/3.4.1056/avr8-gnu-toolchain/bin/../lib/gcc/avr/4.8.1/../../../../avr/lib/avr51\libm.a(divsf3.o) (__fp_round)
c:/program files/atmel/atmel toolchain/avr8 gcc/native/3.4.1056/avr8-gnu-toolchain/bin/../lib/gcc/avr/4.8.1/../../../../avr/lib/avr51\libm.a(fp_split3.o)
                              c:/program files/atmel/atmel toolchain/avr8 gcc/native/3.4.1056/avr8-gnu-toolchain/bin/../lib/gcc/avr/4.8.1/../../../../avr/lib/avr51\libm.a(divsf3x.o) (__fp_split3)
c:/program files/atmel/atmel toolchain/avr8 gcc/native/3.4.1056/avr8-gnu-toolchain/bin/../lib/gcc/avr/4.8.1/../../../../avr/lib/avr51\libm.a(fp_zero.o)
                              c:/program files/atmel/atmel toolchain/avr8 gcc/native/3.4.1056/avr8-gnu-toolchain/bin/../lib/gcc/avr/4.8.1/../../../../avr/lib/avr51\libm.a(fixunssfsi.o) (__fp_zero)
c:/program files/atmel/atmel toolchain/avr8 gcc/native/3.4.1056/avr8-gnu-toolchain/bin/../lib/gcc/avr/4.8.1/../../../../avr/lib/avr51\libm.a(mulsf3.o)
                              dmm_dds.o (__mulsf3)
c:/program files/atmel/atmel toolchain/avr8 gcc/native/3.4.1056/avr8-gnu-toolchain/bin/../lib/gcc/avr/4.8.1/../../../../avr/lib/avr51\libm.a(mulsf3x.o)
                              c:/program files/atmel/atmel toolchain/avr8 gcc/native/3.4.1056/avr8-gnu-toolchain/bin/../lib/gcc/avr/4.8.1/../../../../avr/lib/avr51\libm.a(mulsf3.o) (__mulsf3x)
c:/program files/atmel/atmel toolchain/avr8 gcc/native/3.4.1056/avr8-gnu-toolchain/bin/../lib/gcc/avr/4.8.1/avr51\libgcc.a(_udivmodsi4.o)
                              dmm_dds.o (__udivmodsi4)
c:/program files/atmel/atmel toolchain/avr8 gcc/native/3.4.1056/avr8-gnu-toolchain/bin/../lib/gcc/avr/4.8.1/avr51\libgcc.a(_exit.o)
                              c:/program files/atmel/atmel toolchain/avr8 gcc/native/3.4.1056/avr8-gnu-toolchain/bin/../lib/gcc/avr/4.8.1/../../../../avr/lib/avr51/crtm1284.o (exit)
c:/program files/atmel/atmel toolchain/avr8 gcc/native/3.4.1056/avr8-gnu-toolchain/bin/../lib/gcc/avr/4.8.1/avr51\libgcc.a(_copy_data.o)
                              includes/uart.o (__do_copy_data)
c:/program files/atmel/atmel toolchain/avr8 gcc/native/3.4.1056/avr8-gnu-toolchain/bin/../lib/gcc/avr/4.8.1/avr51\libgcc.a(_clear_bss.o)
                              dmm_dds.o (__do_clear_bss)
c:/program files/atmel/atmel toolchain/avr8 gcc/native/3.4.1056/avr8-gnu-toolchain/bin/../lib/gcc/avr/4.8.1/../../../../avr/lib/avr51\libc.a(itoa_ncheck.o)
                              dmm_dds.o (__itoa_ncheck)
c:/program files/atmel/atmel toolchain/avr8 gcc/native/3.4.1056/avr8-gnu-toolchain/bin/../lib/gcc/avr/4.8.1/../../../../avr/lib/avr51\libc.a(utoa_ncheck.o)
                              c:/program files/atmel/atmel toolchain/avr8 gcc/native/3.4.1056/avr8-gnu-toolchain/bin/../lib/gcc/avr/4.8.1/../../../../avr/lib/avr51\libc.a(itoa_ncheck.o) (__utoa_common)
c:/program files/atmel/atmel toolchain/avr8 gcc/native/3.4.1056/avr8-gnu-toolchain/bin/../lib/gcc/avr/4.8.1/../../../../avr/lib/avr51\libc.a(strrev.o)
                              c:/program files/atmel/atmel toolchain/avr8 gcc/native/3.4.1056/avr8-gnu-toolchain/bin/../lib/gcc/avr/4.8.1/../../../../avr/lib/avr51\libc.a(utoa_ncheck.o) (strrev)

Allocating common symbols
Common symbol       size              file

data_frame_in       0xa0              includes/uart.o
lcd_framebuffer     0x400             includes/lcd.o

Discarded input sections

 .bss           0x00000000        0x0 c:/program files/atmel/atmel toolchain/avr8 gcc/native/3.4.1056/avr8-gnu-toolchain/bin/../lib/gcc/avr/4.8.1/../../../../avr/lib/avr51/crtm1284.o
 .text          0x00000000        0x0 dmm_dds.o
 .bss           0x00000000        0x0 dmm_dds.o
 .bss.freq      0x00000000        0x2 dmm_dds.o
 .text          0x00000000        0x0 includes/dataflash.o
 .bss           0x00000000        0x0 includes/dataflash.o
 .text.dataflash_opcode_and_address
                0x00000000       0x40 includes/dataflash.o
 .text.dataflash_wait
                0x00000000       0x16 includes/dataflash.o
 .text.dataflash_buffer_to_page
                0x00000000       0x38 includes/dataflash.o
 .text.dataflash_page_to_buffer
                0x00000000       0x38 includes/dataflash.o
 .text.dataflash_buffer_read
                0x00000000       0x6a includes/dataflash.o
 .text.dataflash_buffer_write
                0x00000000       0x68 includes/dataflash.o
 .text.dataflash_read
                0x00000000       0x58 includes/dataflash.o
 .text.dataflash_chip_erase
                0x00000000       0x22 includes/dataflash.o
 .text          0x00000000        0x0 includes/fifo.o
 .bss           0x00000000        0x0 includes/fifo.o
 .text._fifo_get
                0x00000000       0x2e includes/fifo.o
 .text.fifo_init
                0x00000000       0x14 includes/fifo.o
 .text.fifo_get_wait
                0x00000000       0x10 includes/fifo.o
 .text.fifo_get_nowait
                0x00000000       0x16 includes/fifo.o
 .text.fifo_put
                0x00000000       0x3a includes/fifo.o
 .text          0x00000000        0x0 includes/lcd.o
 .bss           0x00000000        0x0 includes/lcd.o
 .text.LCD_Send
                0x00000000        0x6 includes/lcd.o
 .text.LCD_DrawPixel
                0x00000000       0x90 includes/lcd.o
 .text.LCD_DrawLine
                0x00000000       0xf6 includes/lcd.o
 .text.LCD_DrawCircle
                0x00000000      0x110 includes/lcd.o
 .text.LCD_WipeLine
                0x00000000       0x38 includes/lcd.o
 .text.Backlight_PWM
                0x00000000       0x40 includes/lcd.o
 .text.LCD_SavePage
                0x00000000       0x52 includes/lcd.o
 .text.LCD_LoadPage
                0x00000000       0x54 includes/lcd.o
 .text          0x00000000        0x0 includes/spi.o
 .bss           0x00000000        0x0 includes/spi.o
 .text.SPI_MasterTransferRead
                0x00000000        0xc includes/spi.o
 .text          0x00000000        0x0 includes/twi.o
 .bss           0x00000000        0x0 includes/twi.o
 .text          0x00000000        0x0 includes/uart.o
 .bss           0x00000000        0x0 includes/uart.o
 .text.uart_init0
                0x00000000       0x20 includes/uart.o
 .text.get_num_from_ascii
                0x00000000      0x1b8 includes/uart.o
 .text.get_h_from_ascii
                0x00000000       0x18 includes/uart.o
 .text.get_min_from_ascii
                0x00000000       0x18 includes/uart.o
 .text.uart_tx_byte
                0x00000000       0x14 includes/uart.o
 .text.uart0_tx_frame
                0x00000000       0x10 includes/uart.o
 .text.uart_tx_string
                0x00000000       0x2c includes/uart.o
 .text.uart_tx_command
                0x00000000       0x12 includes/uart.o
 .text.uart_tx_hex8
                0x00000000       0x42 includes/uart.o
 .text.uart_tx_hex16
                0x00000000       0x92 includes/uart.o
 .text.uart_tx_num16
                0x00000000       0xa4 includes/uart.o
 .rodata.str1.1
                0x00000000        0xd includes/uart.o
 .text.uart_tx_number2
                0x00000000      0x138 includes/uart.o
 .text.uart_tx_number
                0x00000000      0x10e includes/uart.o
 .text.uart_tx_time
                0x00000000       0x60 includes/uart.o
 .text.uart_tx_temperature
                0x00000000       0xd4 includes/uart.o
 .text.uart_tx_line_break
                0x00000000        0xe includes/uart.o
 .text.print_string_flash
                0x00000000       0x24 includes/uart.o
 .rodata.device_address
                0x00000000        0x1 includes/uart.o
 .text          0x00000000        0x0 c:/program files/atmel/atmel toolchain/avr8 gcc/native/3.4.1056/avr8-gnu-toolchain/bin/../lib/gcc/avr/4.8.1/../../../../avr/lib/avr51\libm.a(divsf3.o)
 .bss           0x00000000        0x0 c:/program files/atmel/atmel toolchain/avr8 gcc/native/3.4.1056/avr8-gnu-toolchain/bin/../lib/gcc/avr/4.8.1/../../../../avr/lib/avr51\libm.a(divsf3.o)
 .text          0x00000000        0x0 c:/program files/atmel/atmel toolchain/avr8 gcc/native/3.4.1056/avr8-gnu-toolchain/bin/../lib/gcc/avr/4.8.1/../../../../avr/lib/avr51\libm.a(divsf3x.o)
 .bss           0x00000000        0x0 c:/program files/atmel/atmel toolchain/avr8 gcc/native/3.4.1056/avr8-gnu-toolchain/bin/../lib/gcc/avr/4.8.1/../../../../avr/lib/avr51\libm.a(divsf3x.o)
 .text          0x00000000        0x0 c:/program files/atmel/atmel toolchain/avr8 gcc/native/3.4.1056/avr8-gnu-toolchain/bin/../lib/gcc/avr/4.8.1/../../../../avr/lib/avr51\libm.a(fixunssfsi.o)
 .bss           0x00000000        0x0 c:/program files/atmel/atmel toolchain/avr8 gcc/native/3.4.1056/avr8-gnu-toolchain/bin/../lib/gcc/avr/4.8.1/../../../../avr/lib/avr51\libm.a(fixunssfsi.o)
 .text          0x00000000        0x0 c:/program files/atmel/atmel toolchain/avr8 gcc/native/3.4.1056/avr8-gnu-toolchain/bin/../lib/gcc/avr/4.8.1/../../../../avr/lib/avr51\libm.a(floatsisf.o)
 .bss           0x00000000        0x0 c:/program files/atmel/atmel toolchain/avr8 gcc/native/3.4.1056/avr8-gnu-toolchain/bin/../lib/gcc/avr/4.8.1/../../../../avr/lib/avr51\libm.a(floatsisf.o)
 .text          0x00000000        0x0 c:/program files/atmel/atmel toolchain/avr8 gcc/native/3.4.1056/avr8-gnu-toolchain/bin/../lib/gcc/avr/4.8.1/../../../../avr/lib/avr51\libm.a(fp_inf.o)
 .bss           0x00000000        0x0 c:/program files/atmel/atmel toolchain/avr8 gcc/native/3.4.1056/avr8-gnu-toolchain/bin/../lib/gcc/avr/4.8.1/../../../../avr/lib/avr51\libm.a(fp_inf.o)
 .text          0x00000000        0x0 c:/program files/atmel/atmel toolchain/avr8 gcc/native/3.4.1056/avr8-gnu-toolchain/bin/../lib/gcc/avr/4.8.1/../../../../avr/lib/avr51\libm.a(fp_nan.o)
 .bss           0x00000000        0x0 c:/program files/atmel/atmel toolchain/avr8 gcc/native/3.4.1056/avr8-gnu-toolchain/bin/../lib/gcc/avr/4.8.1/../../../../avr/lib/avr51\libm.a(fp_nan.o)
 .text          0x00000000        0x0 c:/program files/atmel/atmel toolchain/avr8 gcc/native/3.4.1056/avr8-gnu-toolchain/bin/../lib/gcc/avr/4.8.1/../../../../avr/lib/avr51\libm.a(fp_pscA.o)
 .bss           0x00000000        0x0 c:/program files/atmel/atmel toolchain/avr8 gcc/native/3.4.1056/avr8-gnu-toolchain/bin/../lib/gcc/avr/4.8.1/../../../../avr/lib/avr51\libm.a(fp_pscA.o)
 .text          0x00000000        0x0 c:/program files/atmel/atmel toolchain/avr8 gcc/native/3.4.1056/avr8-gnu-toolchain/bin/../lib/gcc/avr/4.8.1/../../../../avr/lib/avr51\libm.a(fp_pscB.o)
 .bss           0x00000000        0x0 c:/program files/atmel/atmel toolchain/avr8 gcc/native/3.4.1056/avr8-gnu-toolchain/bin/../lib/gcc/avr/4.8.1/../../../../avr/lib/avr51\libm.a(fp_pscB.o)
 .text          0x00000000        0x0 c:/program files/atmel/atmel toolchain/avr8 gcc/native/3.4.1056/avr8-gnu-toolchain/bin/../lib/gcc/avr/4.8.1/../../../../avr/lib/avr51\libm.a(fp_round.o)
 .bss           0x00000000        0x0 c:/program files/atmel/atmel toolchain/avr8 gcc/native/3.4.1056/avr8-gnu-toolchain/bin/../lib/gcc/avr/4.8.1/../../../../avr/lib/avr51\libm.a(fp_round.o)
 .text          0x00000000        0x0 c:/program files/atmel/atmel toolchain/avr8 gcc/native/3.4.1056/avr8-gnu-toolchain/bin/../lib/gcc/avr/4.8.1/../../../../avr/lib/avr51\libm.a(fp_split3.o)
 .bss           0x00000000        0x0 c:/program files/atmel/atmel toolchain/avr8 gcc/native/3.4.1056/avr8-gnu-toolchain/bin/../lib/gcc/avr/4.8.1/../../../../avr/lib/avr51\libm.a(fp_split3.o)
 .text          0x00000000        0x0 c:/program files/atmel/atmel toolchain/avr8 gcc/native/3.4.1056/avr8-gnu-toolchain/bin/../lib/gcc/avr/4.8.1/../../../../avr/lib/avr51\libm.a(fp_zero.o)
 .bss           0x00000000        0x0 c:/program files/atmel/atmel toolchain/avr8 gcc/native/3.4.1056/avr8-gnu-toolchain/bin/../lib/gcc/avr/4.8.1/../../../../avr/lib/avr51\libm.a(fp_zero.o)
 .text          0x00000000        0x0 c:/program files/atmel/atmel toolchain/avr8 gcc/native/3.4.1056/avr8-gnu-toolchain/bin/../lib/gcc/avr/4.8.1/../../../../avr/lib/avr51\libm.a(mulsf3.o)
 .bss           0x00000000        0x0 c:/program files/atmel/atmel toolchain/avr8 gcc/native/3.4.1056/avr8-gnu-toolchain/bin/../lib/gcc/avr/4.8.1/../../../../avr/lib/avr51\libm.a(mulsf3.o)
 .text          0x00000000        0x0 c:/program files/atmel/atmel toolchain/avr8 gcc/native/3.4.1056/avr8-gnu-toolchain/bin/../lib/gcc/avr/4.8.1/../../../../avr/lib/avr51\libm.a(mulsf3x.o)
 .bss           0x00000000        0x0 c:/program files/atmel/atmel toolchain/avr8 gcc/native/3.4.1056/avr8-gnu-toolchain/bin/../lib/gcc/avr/4.8.1/../../../../avr/lib/avr51\libm.a(mulsf3x.o)
 .text          0x00000000        0x0 c:/program files/atmel/atmel toolchain/avr8 gcc/native/3.4.1056/avr8-gnu-toolchain/bin/../lib/gcc/avr/4.8.1/avr51\libgcc.a(_udivmodsi4.o)
 .bss           0x00000000        0x0 c:/program files/atmel/atmel toolchain/avr8 gcc/native/3.4.1056/avr8-gnu-toolchain/bin/../lib/gcc/avr/4.8.1/avr51\libgcc.a(_udivmodsi4.o)
 .text.libgcc.mul
                0x00000000        0x0 c:/program files/atmel/atmel toolchain/avr8 gcc/native/3.4.1056/avr8-gnu-toolchain/bin/../lib/gcc/avr/4.8.1/avr51\libgcc.a(_udivmodsi4.o)
 .text.libgcc   0x00000000        0x0 c:/program files/atmel/atmel toolchain/avr8 gcc/native/3.4.1056/avr8-gnu-toolchain/bin/../lib/gcc/avr/4.8.1/avr51\libgcc.a(_udivmodsi4.o)
 .text.libgcc.prologue
                0x00000000        0x0 c:/program files/atmel/atmel toolchain/avr8 gcc/native/3.4.1056/avr8-gnu-toolchain/bin/../lib/gcc/avr/4.8.1/avr51\libgcc.a(_udivmodsi4.o)
 .text.libgcc.builtins
                0x00000000        0x0 c:/program files/atmel/atmel toolchain/avr8 gcc/native/3.4.1056/avr8-gnu-toolchain/bin/../lib/gcc/avr/4.8.1/avr51\libgcc.a(_udivmodsi4.o)
 .text.libgcc.fmul
                0x00000000        0x0 c:/program files/atmel/atmel toolchain/avr8 gcc/native/3.4.1056/avr8-gnu-toolchain/bin/../lib/gcc/avr/4.8.1/avr51\libgcc.a(_udivmodsi4.o)
 .text.libgcc.fixed
                0x00000000        0x0 c:/program files/atmel/atmel toolchain/avr8 gcc/native/3.4.1056/avr8-gnu-toolchain/bin/../lib/gcc/avr/4.8.1/avr51\libgcc.a(_udivmodsi4.o)
 .text          0x00000000        0x0 c:/program files/atmel/atmel toolchain/avr8 gcc/native/3.4.1056/avr8-gnu-toolchain/bin/../lib/gcc/avr/4.8.1/avr51\libgcc.a(_exit.o)
 .bss           0x00000000        0x0 c:/program files/atmel/atmel toolchain/avr8 gcc/native/3.4.1056/avr8-gnu-toolchain/bin/../lib/gcc/avr/4.8.1/avr51\libgcc.a(_exit.o)
 .text.libgcc.mul
                0x00000000        0x0 c:/program files/atmel/atmel toolchain/avr8 gcc/native/3.4.1056/avr8-gnu-toolchain/bin/../lib/gcc/avr/4.8.1/avr51\libgcc.a(_exit.o)
 .text.libgcc.div
                0x00000000        0x0 c:/program files/atmel/atmel toolchain/avr8 gcc/native/3.4.1056/avr8-gnu-toolchain/bin/../lib/gcc/avr/4.8.1/avr51\libgcc.a(_exit.o)
 .text.libgcc   0x00000000        0x0 c:/program files/atmel/atmel toolchain/avr8 gcc/native/3.4.1056/avr8-gnu-toolchain/bin/../lib/gcc/avr/4.8.1/avr51\libgcc.a(_exit.o)
 .text.libgcc.prologue
                0x00000000        0x0 c:/program files/atmel/atmel toolchain/avr8 gcc/native/3.4.1056/avr8-gnu-toolchain/bin/../lib/gcc/avr/4.8.1/avr51\libgcc.a(_exit.o)
 .text.libgcc.builtins
                0x00000000        0x0 c:/program files/atmel/atmel toolchain/avr8 gcc/native/3.4.1056/avr8-gnu-toolchain/bin/../lib/gcc/avr/4.8.1/avr51\libgcc.a(_exit.o)
 .text.libgcc.fmul
                0x00000000        0x0 c:/program files/atmel/atmel toolchain/avr8 gcc/native/3.4.1056/avr8-gnu-toolchain/bin/../lib/gcc/avr/4.8.1/avr51\libgcc.a(_exit.o)
 .text.libgcc.fixed
                0x00000000        0x0 c:/program files/atmel/atmel toolchain/avr8 gcc/native/3.4.1056/avr8-gnu-toolchain/bin/../lib/gcc/avr/4.8.1/avr51\libgcc.a(_exit.o)
 .text          0x00000000        0x0 c:/program files/atmel/atmel toolchain/avr8 gcc/native/3.4.1056/avr8-gnu-toolchain/bin/../lib/gcc/avr/4.8.1/avr51\libgcc.a(_copy_data.o)
 .bss           0x00000000        0x0 c:/program files/atmel/atmel toolchain/avr8 gcc/native/3.4.1056/avr8-gnu-toolchain/bin/../lib/gcc/avr/4.8.1/avr51\libgcc.a(_copy_data.o)
 .text.libgcc.mul
                0x00000000        0x0 c:/program files/atmel/atmel toolchain/avr8 gcc/native/3.4.1056/avr8-gnu-toolchain/bin/../lib/gcc/avr/4.8.1/avr51\libgcc.a(_copy_data.o)
 .text.libgcc.div
                0x00000000        0x0 c:/program files/atmel/atmel toolchain/avr8 gcc/native/3.4.1056/avr8-gnu-toolchain/bin/../lib/gcc/avr/4.8.1/avr51\libgcc.a(_copy_data.o)
 .text.libgcc   0x00000000        0x0 c:/program files/atmel/atmel toolchain/avr8 gcc/native/3.4.1056/avr8-gnu-toolchain/bin/../lib/gcc/avr/4.8.1/avr51\libgcc.a(_copy_data.o)
 .text.libgcc.prologue
                0x00000000        0x0 c:/program files/atmel/atmel toolchain/avr8 gcc/native/3.4.1056/avr8-gnu-toolchain/bin/../lib/gcc/avr/4.8.1/avr51\libgcc.a(_copy_data.o)
 .text.libgcc.builtins
                0x00000000        0x0 c:/program files/atmel/atmel toolchain/avr8 gcc/native/3.4.1056/avr8-gnu-toolchain/bin/../lib/gcc/avr/4.8.1/avr51\libgcc.a(_copy_data.o)
 .text.libgcc.fmul
                0x00000000        0x0 c:/program files/atmel/atmel toolchain/avr8 gcc/native/3.4.1056/avr8-gnu-toolchain/bin/../lib/gcc/avr/4.8.1/avr51\libgcc.a(_copy_data.o)
 .text.libgcc.fixed
                0x00000000        0x0 c:/program files/atmel/atmel toolchain/avr8 gcc/native/3.4.1056/avr8-gnu-toolchain/bin/../lib/gcc/avr/4.8.1/avr51\libgcc.a(_copy_data.o)
 .text          0x00000000        0x0 c:/program files/atmel/atmel toolchain/avr8 gcc/native/3.4.1056/avr8-gnu-toolchain/bin/../lib/gcc/avr/4.8.1/avr51\libgcc.a(_clear_bss.o)
 .bss           0x00000000        0x0 c:/program files/atmel/atmel toolchain/avr8 gcc/native/3.4.1056/avr8-gnu-toolchain/bin/../lib/gcc/avr/4.8.1/avr51\libgcc.a(_clear_bss.o)
 .text.libgcc.mul
                0x00000000        0x0 c:/program files/atmel/atmel toolchain/avr8 gcc/native/3.4.1056/avr8-gnu-toolchain/bin/../lib/gcc/avr/4.8.1/avr51\libgcc.a(_clear_bss.o)
 .text.libgcc.div
                0x00000000        0x0 c:/program files/atmel/atmel toolchain/avr8 gcc/native/3.4.1056/avr8-gnu-toolchain/bin/../lib/gcc/avr/4.8.1/avr51\libgcc.a(_clear_bss.o)
 .text.libgcc   0x00000000        0x0 c:/program files/atmel/atmel toolchain/avr8 gcc/native/3.4.1056/avr8-gnu-toolchain/bin/../lib/gcc/avr/4.8.1/avr51\libgcc.a(_clear_bss.o)
 .text.libgcc.prologue
                0x00000000        0x0 c:/program files/atmel/atmel toolchain/avr8 gcc/native/3.4.1056/avr8-gnu-toolchain/bin/../lib/gcc/avr/4.8.1/avr51\libgcc.a(_clear_bss.o)
 .text.libgcc.builtins
                0x00000000        0x0 c:/program files/atmel/atmel toolchain/avr8 gcc/native/3.4.1056/avr8-gnu-toolchain/bin/../lib/gcc/avr/4.8.1/avr51\libgcc.a(_clear_bss.o)
 .text.libgcc.fmul
                0x00000000        0x0 c:/program files/atmel/atmel toolchain/avr8 gcc/native/3.4.1056/avr8-gnu-toolchain/bin/../lib/gcc/avr/4.8.1/avr51\libgcc.a(_clear_bss.o)
 .text.libgcc.fixed
                0x00000000        0x0 c:/program files/atmel/atmel toolchain/avr8 gcc/native/3.4.1056/avr8-gnu-toolchain/bin/../lib/gcc/avr/4.8.1/avr51\libgcc.a(_clear_bss.o)
 .text          0x00000000        0x0 c:/program files/atmel/atmel toolchain/avr8 gcc/native/3.4.1056/avr8-gnu-toolchain/bin/../lib/gcc/avr/4.8.1/../../../../avr/lib/avr51\libc.a(itoa_ncheck.o)
 .bss           0x00000000        0x0 c:/program files/atmel/atmel toolchain/avr8 gcc/native/3.4.1056/avr8-gnu-toolchain/bin/../lib/gcc/avr/4.8.1/../../../../avr/lib/avr51\libc.a(itoa_ncheck.o)
 .text          0x00000000        0x0 c:/program files/atmel/atmel toolchain/avr8 gcc/native/3.4.1056/avr8-gnu-toolchain/bin/../lib/gcc/avr/4.8.1/../../../../avr/lib/avr51\libc.a(utoa_ncheck.o)
 .bss           0x00000000        0x0 c:/program files/atmel/atmel toolchain/avr8 gcc/native/3.4.1056/avr8-gnu-toolchain/bin/../lib/gcc/avr/4.8.1/../../../../avr/lib/avr51\libc.a(utoa_ncheck.o)
 .text          0x00000000        0x0 c:/program files/atmel/atmel toolchain/avr8 gcc/native/3.4.1056/avr8-gnu-toolchain/bin/../lib/gcc/avr/4.8.1/../../../../avr/lib/avr51\libc.a(strrev.o)
 .bss           0x00000000        0x0 c:/program files/atmel/atmel toolchain/avr8 gcc/native/3.4.1056/avr8-gnu-toolchain/bin/../lib/gcc/avr/4.8.1/../../../../avr/lib/avr51\libc.a(strrev.o)

Memory Configuration

Name             Origin             Length             Attributes
text             0x00000000         0x00020000         xr
data             0x00800100         0x0000ff00         rw !x
eeprom           0x00810000         0x00010000         rw !x
fuse             0x00820000         0x00000400         rw !x
lock             0x00830000         0x00000400         rw !x
signature        0x00840000         0x00000400         rw !x
user_signatures  0x00850000         0x00000400         rw !x
*default*        0x00000000         0xffffffff

Linker script and memory map

Address of section .data set to 0x800100
LOAD c:/program files/atmel/atmel toolchain/avr8 gcc/native/3.4.1056/avr8-gnu-toolchain/bin/../lib/gcc/avr/4.8.1/../../../../avr/lib/avr51/crtm1284.o
LOAD dmm_dds.o
LOAD includes/dataflash.o
LOAD includes/fifo.o
LOAD includes/lcd.o
LOAD includes/spi.o
LOAD includes/twi.o
LOAD includes/uart.o
START GROUP
LOAD c:/program files/atmel/atmel toolchain/avr8 gcc/native/3.4.1056/avr8-gnu-toolchain/bin/../lib/gcc/avr/4.8.1/../../../../avr/lib/avr51\libm.a
END GROUP
START GROUP
LOAD c:/program files/atmel/atmel toolchain/avr8 gcc/native/3.4.1056/avr8-gnu-toolchain/bin/../lib/gcc/avr/4.8.1/avr51\libgcc.a
LOAD c:/program files/atmel/atmel toolchain/avr8 gcc/native/3.4.1056/avr8-gnu-toolchain/bin/../lib/gcc/avr/4.8.1/../../../../avr/lib/avr51\libm.a
LOAD c:/program files/atmel/atmel toolchain/avr8 gcc/native/3.4.1056/avr8-gnu-toolchain/bin/../lib/gcc/avr/4.8.1/../../../../avr/lib/avr51\libc.a
END GROUP

.hash
 *(.hash)

.dynsym
 *(.dynsym)

.dynstr
 *(.dynstr)

.gnu.version
 *(.gnu.version)

.gnu.version_d
 *(.gnu.version_d)

.gnu.version_r
 *(.gnu.version_r)

.rel.init
 *(.rel.init)

.rela.init
 *(.rela.init)

.rel.text
 *(.rel.text)
 *(.rel.text.*)
 *(.rel.gnu.linkonce.t*)

.rela.text
 *(.rela.text)
 *(.rela.text.*)
 *(.rela.gnu.linkonce.t*)

.rel.fini
 *(.rel.fini)

.rela.fini
 *(.rela.fini)

.rel.rodata
 *(.rel.rodata)
 *(.rel.rodata.*)
 *(.rel.gnu.linkonce.r*)

.rela.rodata
 *(.rela.rodata)
 *(.rela.rodata.*)
 *(.rela.gnu.linkonce.r*)

.rel.data
 *(.rel.data)
 *(.rel.data.*)
 *(.rel.gnu.linkonce.d*)

.rela.data
 *(.rela.data)
 *(.rela.data.*)
 *(.rela.gnu.linkonce.d*)

.rel.ctors
 *(.rel.ctors)

.rela.ctors
 *(.rela.ctors)

.rel.dtors
 *(.rel.dtors)

.rela.dtors
 *(.rela.dtors)

.rel.got
 *(.rel.got)

.rela.got
 *(.rela.got)

.rel.bss
 *(.rel.bss)

.rela.bss
 *(.rela.bss)

.rel.plt
 *(.rel.plt)

.rela.plt
 *(.rela.plt)

.text           0x00000000     0x1504
 *(.vectors)
 .vectors       0x00000000       0x8c c:/program files/atmel/atmel toolchain/avr8 gcc/native/3.4.1056/avr8-gnu-toolchain/bin/../lib/gcc/avr/4.8.1/../../../../avr/lib/avr51/crtm1284.o
                0x00000000                __vector_default
                0x00000000                __vectors
 *(.vectors)
 *(.progmem.gcc*)
                0x0000008c                . = ALIGN (0x2)
                0x0000008c                __trampolines_start = .
 *(.trampolines)
 .trampolines   0x0000008c        0x0 linker stubs
 *(.trampolines*)
                0x0000008c                __trampolines_end = .
 *(.progmem*)
 .progmem.data.__c.2282
                0x0000008c        0xa dmm_dds.o
 .progmem.data.__c.2280
                0x00000096       0x18 dmm_dds.o
 .progmem.data.__c.2247
                0x000000ae       0x10 dmm_dds.o
 .progmem.data.__c.2245
                0x000000be        0xf dmm_dds.o
 .progmem.data.__c.2228
                0x000000cd        0xd dmm_dds.o
 .progmem.data.__c.2226
                0x000000da        0xf dmm_dds.o
 .progmem.data.__c.2224
                0x000000e9        0xb dmm_dds.o
 .progmem.data.__c.2222
                0x000000f4       0x16 dmm_dds.o
 .progmem.data.__c.2220
                0x0000010a        0xe dmm_dds.o
 .progmem.data.font
                0x00000118      0x600 includes/lcd.o
                0x00000118                font
                0x00000718                . = ALIGN (0x2)
 *(.jumptables)
 *(.jumptables*)
 *(.lowtext)
 *(.lowtext*)
                0x00000718                __ctors_start = .
 *(.ctors)
                0x00000718                __ctors_end = .
                0x00000718                __dtors_start = .
 *(.dtors)
                0x00000718                __dtors_end = .
 SORT(*)(.ctors)
 SORT(*)(.dtors)
 *(.init0)
 .init0         0x00000718        0x0 c:/program files/atmel/atmel toolchain/avr8 gcc/native/3.4.1056/avr8-gnu-toolchain/bin/../lib/gcc/avr/4.8.1/../../../../avr/lib/avr51/crtm1284.o
                0x00000718                __init
 *(.init0)
 *(.init1)
 *(.init1)
 *(.init2)
 .init2         0x00000718        0xc c:/program files/atmel/atmel toolchain/avr8 gcc/native/3.4.1056/avr8-gnu-toolchain/bin/../lib/gcc/avr/4.8.1/../../../../avr/lib/avr51/crtm1284.o
 *(.init2)
 *(.init3)
 *(.init3)
 *(.init4)
 .init4         0x00000724       0x1a c:/program files/atmel/atmel toolchain/avr8 gcc/native/3.4.1056/avr8-gnu-toolchain/bin/../lib/gcc/avr/4.8.1/avr51\libgcc.a(_copy_data.o)
                0x00000724                __do_copy_data
 .init4         0x0000073e       0x10 c:/program files/atmel/atmel toolchain/avr8 gcc/native/3.4.1056/avr8-gnu-toolchain/bin/../lib/gcc/avr/4.8.1/avr51\libgcc.a(_clear_bss.o)
                0x0000073e                __do_clear_bss
 *(.init4)
 *(.init5)
 *(.init5)
 *(.init6)
 *(.init6)
 *(.init7)
 *(.init7)
 *(.init8)
 *(.init8)
 *(.init9)
 .init9         0x0000074e        0x4 c:/program files/atmel/atmel toolchain/avr8 gcc/native/3.4.1056/avr8-gnu-toolchain/bin/../lib/gcc/avr/4.8.1/../../../../avr/lib/avr51/crtm1284.o
 *(.init9)
 *(.text)
 .text          0x00000752        0x2 c:/program files/atmel/atmel toolchain/avr8 gcc/native/3.4.1056/avr8-gnu-toolchain/bin/../lib/gcc/avr/4.8.1/../../../../avr/lib/avr51/crtm1284.o
                0x00000752                __vector_1
                0x00000752                __vector_32
                0x00000752                __vector_34
                0x00000752                __vector_24
                0x00000752                __vector_12
                0x00000752                __bad_interrupt
                0x00000752                __vector_6
                0x00000752                __vector_31
                0x00000752                __vector_3
                0x00000752                __vector_23
                0x00000752                __vector_25
                0x00000752                __vector_11
                0x00000752                __vector_13
                0x00000752                __vector_17
                0x00000752                __vector_19
                0x00000752                __vector_7
                0x00000752                __vector_27
                0x00000752                __vector_5
                0x00000752                __vector_33
                0x00000752                __vector_4
                0x00000752                __vector_2
                0x00000752                __vector_21
                0x00000752                __vector_15
                0x00000752                __vector_29
                0x00000752                __vector_8
                0x00000752                __vector_26
                0x00000752                __vector_14
                0x00000752                __vector_10
                0x00000752                __vector_16
                0x00000752                __vector_18
                0x00000754                . = ALIGN (0x2)
 *(.text.*)
 .text.start    0x00000754       0x50 dmm_dds.o
                0x00000754                start
 .text.AD9850_setup
                0x000007a4        0xe dmm_dds.o
                0x000007a4                AD9850_setup
 .text.AD9850_reset
                0x000007b2       0x64 dmm_dds.o
                0x000007b2                AD9850_reset
 .text.get_frequence
                0x00000816       0x8c dmm_dds.o
                0x00000816                get_frequence
 .text.AD9850_Setfrequency
                0x000008a2       0xae dmm_dds.o
                0x000008a2                AD9850_Setfrequency
 .text.frequence_display
                0x00000950       0x7e dmm_dds.o
                0x00000950                frequence_display
 .text.main     0x000009ce      0x136 dmm_dds.o
                0x000009ce                main
 .text.dataflash_init
                0x00000b04        0x8 includes/dataflash.o
                0x00000b04                dataflash_init
 .text.LCD_Update
                0x00000b0c       0x90 includes/lcd.o
                0x00000b0c                LCD_Update
 .text.LCD_Clear
                0x00000b9c       0x2c includes/lcd.o
                0x00000b9c                LCD_Clear
 .text.LCD_PutChar
                0x00000bc8       0xa0 includes/lcd.o
                0x00000bc8                LCD_PutChar
 .text.LCD_PutString
                0x00000c68       0x1c includes/lcd.o
                0x00000c68                LCD_PutString
 .text.LCD_PutString_P
                0x00000c84       0x22 includes/lcd.o
                0x00000c84                LCD_PutString_P
 .text.LCD_GotoXY
                0x00000ca6        0xa includes/lcd.o
                0x00000ca6                LCD_GotoXY
 .text.Backlight_Off
                0x00000cb0       0x22 includes/lcd.o
                0x00000cb0                Backlight_Off
 .text.LCD_Init
                0x00000cd2       0x48 includes/lcd.o
                0x00000cd2                LCD_Init
 .text.Backlight_LED
                0x00000d1a       0x18 includes/lcd.o
                0x00000d1a                Backlight_LED
 .text.SPI_MasterInit
                0x00000d32       0x24 includes/spi.o
                0x00000d32                SPI_MasterInit
 .text.SPI_MasterTransfer
                0x00000d56        0xa includes/spi.o
                0x00000d56                SPI_MasterTransfer
 .text.TWI_Init
                0x00000d60       0x28 includes/twi.o
                0x00000d60                TWI_Init
 .text.TWI_Start
                0x00000d88       0x36 includes/twi.o
                0x00000d88                TWI_Start
 .text.TWI_Address_RW
                0x00000dbe       0x3a includes/twi.o
                0x00000dbe                TWI_Address_RW
 .text.TWI_Write
                0x00000df8       0x3a includes/twi.o
                0x00000df8                TWI_Write
 .text.TWI_Stop
                0x00000e32        0xe includes/twi.o
                0x00000e32                TWI_Stop
 .text.__vector_9
                0x00000e40       0x44 includes/twi.o
                0x00000e40                __vector_9
 .text.__vector_20
                0x00000e84       0xa2 includes/uart.o
                0x00000e84                __vector_20
 .text.__vector_22
                0x00000f26       0x9e includes/uart.o
                0x00000f26                __vector_22
 .text.__vector_28
                0x00000fc4       0xaa includes/uart.o
                0x00000fc4                __vector_28
 .text.__vector_30
                0x0000106e       0x9e includes/uart.o
                0x0000106e                __vector_30
 .text.uart_init1
                0x0000110c       0x20 includes/uart.o
                0x0000110c                uart_init1
 .text.uart1_tx_byte
                0x0000112c       0x14 includes/uart.o
                0x0000112c                uart1_tx_byte
 .text.uart1_tx_frame
                0x00001140        0xc includes/uart.o
                0x00001140                uart1_tx_frame
 .text.avr-libc.fplib
                0x0000114c        0x4 c:/program files/atmel/atmel toolchain/avr8 gcc/native/3.4.1056/avr8-gnu-toolchain/bin/../lib/gcc/avr/4.8.1/../../../../avr/lib/avr51\libm.a(divsf3.o)
                0x0000114c                __divsf3
 .text.avr-libc.fplib
                0x00001150       0xcc c:/program files/atmel/atmel toolchain/avr8 gcc/native/3.4.1056/avr8-gnu-toolchain/bin/../lib/gcc/avr/4.8.1/../../../../avr/lib/avr51\libm.a(divsf3x.o)
                0x00001166                __divsf3x
                0x0000116a                __divsf3_pse
 .text.avr-libc.fplib
                0x0000121c       0x58 c:/program files/atmel/atmel toolchain/avr8 gcc/native/3.4.1056/avr8-gnu-toolchain/bin/../lib/gcc/avr/4.8.1/../../../../avr/lib/avr51\libm.a(fixunssfsi.o)
                0x0000121c                __fixunssfsi
 .text.avr-libc.fplib
                0x00001274       0x7a c:/program files/atmel/atmel toolchain/avr8 gcc/native/3.4.1056/avr8-gnu-toolchain/bin/../lib/gcc/avr/4.8.1/../../../../avr/lib/avr51\libm.a(floatsisf.o)
                0x00001274                __floatunsisf
                0x00001278                __floatsisf
 .text.avr-libc.fplib
                0x000012ee        0xc c:/program files/atmel/atmel toolchain/avr8 gcc/native/3.4.1056/avr8-gnu-toolchain/bin/../lib/gcc/avr/4.8.1/../../../../avr/lib/avr51\libm.a(fp_inf.o)
                0x000012ee                __fp_inf
 .text.avr-libc.fplib
                0x000012fa        0x6 c:/program files/atmel/atmel toolchain/avr8 gcc/native/3.4.1056/avr8-gnu-toolchain/bin/../lib/gcc/avr/4.8.1/../../../../avr/lib/avr51\libm.a(fp_nan.o)
                0x000012fa                __fp_nan
 .text.avr-libc.fplib
                0x00001300        0xe c:/program files/atmel/atmel toolchain/avr8 gcc/native/3.4.1056/avr8-gnu-toolchain/bin/../lib/gcc/avr/4.8.1/../../../../avr/lib/avr51\libm.a(fp_pscA.o)
                0x00001300                __fp_pscA
 .text.avr-libc.fplib
                0x0000130e        0xe c:/program files/atmel/atmel toolchain/avr8 gcc/native/3.4.1056/avr8-gnu-toolchain/bin/../lib/gcc/avr/4.8.1/../../../../avr/lib/avr51\libm.a(fp_pscB.o)
                0x0000130e                __fp_pscB
 .text.avr-libc.fplib
                0x0000131c       0x22 c:/program files/atmel/atmel toolchain/avr8 gcc/native/3.4.1056/avr8-gnu-toolchain/bin/../lib/gcc/avr/4.8.1/../../../../avr/lib/avr51\libm.a(fp_round.o)
                0x0000131c                __fp_round
 .text.avr-libc.fplib
                0x0000133e       0x44 c:/program files/atmel/atmel toolchain/avr8 gcc/native/3.4.1056/avr8-gnu-toolchain/bin/../lib/gcc/avr/4.8.1/../../../../avr/lib/avr51\libm.a(fp_split3.o)
                0x0000133e                __fp_split3
                0x0000134e                __fp_splitA
 .text.avr-libc.fplib
                0x00001382        0xe c:/program files/atmel/atmel toolchain/avr8 gcc/native/3.4.1056/avr8-gnu-toolchain/bin/../lib/gcc/avr/4.8.1/../../../../avr/lib/avr51\libm.a(fp_zero.o)
                0x00001382                __fp_zero
                0x00001384                __fp_szero
 .text.avr-libc.fplib
                0x00001390        0x4 c:/program files/atmel/atmel toolchain/avr8 gcc/native/3.4.1056/avr8-gnu-toolchain/bin/../lib/gcc/avr/4.8.1/../../../../avr/lib/avr51\libm.a(mulsf3.o)
                0x00001390                __mulsf3
 .text.avr-libc.fplib
                0x00001394       0xc2 c:/program files/atmel/atmel toolchain/avr8 gcc/native/3.4.1056/avr8-gnu-toolchain/bin/../lib/gcc/avr/4.8.1/../../../../avr/lib/avr51\libm.a(mulsf3x.o)
                0x000013a8                __mulsf3x
                0x000013ac                __mulsf3_pse
 .text.libgcc.div
                0x00001456       0x44 c:/program files/atmel/atmel toolchain/avr8 gcc/native/3.4.1056/avr8-gnu-toolchain/bin/../lib/gcc/avr/4.8.1/avr51\libgcc.a(_udivmodsi4.o)
                0x00001456                __udivmodsi4
 .text.avr-libc
                0x0000149a       0x14 c:/program files/atmel/atmel toolchain/avr8 gcc/native/3.4.1056/avr8-gnu-toolchain/bin/../lib/gcc/avr/4.8.1/../../../../avr/lib/avr51\libc.a(itoa_ncheck.o)
                0x0000149a                __itoa_ncheck
 .text.avr-libc
                0x000014ae       0x32 c:/program files/atmel/atmel toolchain/avr8 gcc/native/3.4.1056/avr8-gnu-toolchain/bin/../lib/gcc/avr/4.8.1/../../../../avr/lib/avr51\libc.a(utoa_ncheck.o)
                0x000014ae                __utoa_ncheck
                0x000014b0                __utoa_common
 .text.avr-libc
                0x000014e0       0x20 c:/program files/atmel/atmel toolchain/avr8 gcc/native/3.4.1056/avr8-gnu-toolchain/bin/../lib/gcc/avr/4.8.1/../../../../avr/lib/avr51\libc.a(strrev.o)
                0x000014e0                strrev
                0x00001500                . = ALIGN (0x2)
 *(.fini9)
 .fini9         0x00001500        0x0 c:/program files/atmel/atmel toolchain/avr8 gcc/native/3.4.1056/avr8-gnu-toolchain/bin/../lib/gcc/avr/4.8.1/avr51\libgcc.a(_exit.o)
                0x00001500                _exit
                0x00001500                exit
 *(.fini9)
 *(.fini8)
 *(.fini8)
 *(.fini7)
 *(.fini7)
 *(.fini6)
 *(.fini6)
 *(.fini5)
 *(.fini5)
 *(.fini4)
 *(.fini4)
 *(.fini3)
 *(.fini3)
 *(.fini2)
 *(.fini2)
 *(.fini1)
 *(.fini1)
 *(.fini0)
 .fini0         0x00001500        0x4 c:/program files/atmel/atmel toolchain/avr8 gcc/native/3.4.1056/avr8-gnu-toolchain/bin/../lib/gcc/avr/4.8.1/avr51\libgcc.a(_exit.o)
 *(.fini0)
                0x00001504                _etext = .

.data           0x00800100       0xa0 load address 0x00001504
                0x00800100                PROVIDE (__data_start, .)
 *(.data)
 .data          0x00800100        0x0 c:/program files/atmel/atmel toolchain/avr8 gcc/native/3.4.1056/avr8-gnu-toolchain/bin/../lib/gcc/avr/4.8.1/../../../../avr/lib/avr51/crtm1284.o
 .data          0x00800100        0x0 dmm_dds.o
 .data          0x00800100        0x0 includes/dataflash.o
 .data          0x00800100        0x0 includes/fifo.o
 .data          0x00800100        0x0 includes/lcd.o
 .data          0x00800100        0x0 includes/spi.o
 .data          0x00800100        0x0 includes/twi.o
 .data          0x00800100        0x0 includes/uart.o
 .data          0x00800100        0x0 c:/program files/atmel/atmel toolchain/avr8 gcc/native/3.4.1056/avr8-gnu-toolchain/bin/../lib/gcc/avr/4.8.1/../../../../avr/lib/avr51\libm.a(divsf3.o)
 .data          0x00800100        0x0 c:/program files/atmel/atmel toolchain/avr8 gcc/native/3.4.1056/avr8-gnu-toolchain/bin/../lib/gcc/avr/4.8.1/../../../../avr/lib/avr51\libm.a(divsf3x.o)
 .data          0x00800100        0x0 c:/program files/atmel/atmel toolchain/avr8 gcc/native/3.4.1056/avr8-gnu-toolchain/bin/../lib/gcc/avr/4.8.1/../../../../avr/lib/avr51\libm.a(fixunssfsi.o)
 .data          0x00800100        0x0 c:/program files/atmel/atmel toolchain/avr8 gcc/native/3.4.1056/avr8-gnu-toolchain/bin/../lib/gcc/avr/4.8.1/../../../../avr/lib/avr51\libm.a(floatsisf.o)
 .data          0x00800100        0x0 c:/program files/atmel/atmel toolchain/avr8 gcc/native/3.4.1056/avr8-gnu-toolchain/bin/../lib/gcc/avr/4.8.1/../../../../avr/lib/avr51\libm.a(fp_inf.o)
 .data          0x00800100        0x0 c:/program files/atmel/atmel toolchain/avr8 gcc/native/3.4.1056/avr8-gnu-toolchain/bin/../lib/gcc/avr/4.8.1/../../../../avr/lib/avr51\libm.a(fp_nan.o)
 .data          0x00800100        0x0 c:/program files/atmel/atmel toolchain/avr8 gcc/native/3.4.1056/avr8-gnu-toolchain/bin/../lib/gcc/avr/4.8.1/../../../../avr/lib/avr51\libm.a(fp_pscA.o)
 .data          0x00800100        0x0 c:/program files/atmel/atmel toolchain/avr8 gcc/native/3.4.1056/avr8-gnu-toolchain/bin/../lib/gcc/avr/4.8.1/../../../../avr/lib/avr51\libm.a(fp_pscB.o)
 .data          0x00800100        0x0 c:/program files/atmel/atmel toolchain/avr8 gcc/native/3.4.1056/avr8-gnu-toolchain/bin/../lib/gcc/avr/4.8.1/../../../../avr/lib/avr51\libm.a(fp_round.o)
 .data          0x00800100        0x0 c:/program files/atmel/atmel toolchain/avr8 gcc/native/3.4.1056/avr8-gnu-toolchain/bin/../lib/gcc/avr/4.8.1/../../../../avr/lib/avr51\libm.a(fp_split3.o)
 .data          0x00800100        0x0 c:/program files/atmel/atmel toolchain/avr8 gcc/native/3.4.1056/avr8-gnu-toolchain/bin/../lib/gcc/avr/4.8.1/../../../../avr/lib/avr51\libm.a(fp_zero.o)
 .data          0x00800100        0x0 c:/program files/atmel/atmel toolchain/avr8 gcc/native/3.4.1056/avr8-gnu-toolchain/bin/../lib/gcc/avr/4.8.1/../../../../avr/lib/avr51\libm.a(mulsf3.o)
 .data          0x00800100        0x0 c:/program files/atmel/atmel toolchain/avr8 gcc/native/3.4.1056/avr8-gnu-toolchain/bin/../lib/gcc/avr/4.8.1/../../../../avr/lib/avr51\libm.a(mulsf3x.o)
 .data          0x00800100        0x0 c:/program files/atmel/atmel toolchain/avr8 gcc/native/3.4.1056/avr8-gnu-toolchain/bin/../lib/gcc/avr/4.8.1/avr51\libgcc.a(_udivmodsi4.o)
 .data          0x00800100        0x0 c:/program files/atmel/atmel toolchain/avr8 gcc/native/3.4.1056/avr8-gnu-toolchain/bin/../lib/gcc/avr/4.8.1/avr51\libgcc.a(_exit.o)
 .data          0x00800100        0x0 c:/program files/atmel/atmel toolchain/avr8 gcc/native/3.4.1056/avr8-gnu-toolchain/bin/../lib/gcc/avr/4.8.1/avr51\libgcc.a(_copy_data.o)
 .data          0x00800100        0x0 c:/program files/atmel/atmel toolchain/avr8 gcc/native/3.4.1056/avr8-gnu-toolchain/bin/../lib/gcc/avr/4.8.1/avr51\libgcc.a(_clear_bss.o)
 .data          0x00800100        0x0 c:/program files/atmel/atmel toolchain/avr8 gcc/native/3.4.1056/avr8-gnu-toolchain/bin/../lib/gcc/avr/4.8.1/../../../../avr/lib/avr51\libc.a(itoa_ncheck.o)
 .data          0x00800100        0x0 c:/program files/atmel/atmel toolchain/avr8 gcc/native/3.4.1056/avr8-gnu-toolchain/bin/../lib/gcc/avr/4.8.1/../../../../avr/lib/avr51\libc.a(utoa_ncheck.o)
 .data          0x00800100        0x0 c:/program files/atmel/atmel toolchain/avr8 gcc/native/3.4.1056/avr8-gnu-toolchain/bin/../lib/gcc/avr/4.8.1/../../../../avr/lib/avr51\libc.a(strrev.o)
 *(.data*)
 .data.data_frame_out
                0x00800100       0xa0 includes/uart.o
                0x00800100                data_frame_out
 *(.rodata)
 *(.rodata*)
 *(.gnu.linkonce.d*)
                0x008001a0                . = ALIGN (0x2)
                0x008001a0                _edata = .
                0x008001a0                PROVIDE (__data_end, .)

.bss            0x008001a0      0x4bb
                0x008001a0                PROVIDE (__bss_start, .)
 *(.bss)
 *(.bss*)
 .bss.data2     0x008001a0        0x2 dmm_dds.o
                0x008001a0                data2
 .bss.data1     0x008001a2        0x2 dmm_dds.o
                0x008001a2                data1
 .bss.AD_freq   0x008001a4        0x4 dmm_dds.o
                0x008001a4                AD_freq
 .bss.lcd_texty
                0x008001a8        0x1 includes/lcd.o
                0x008001a8                lcd_texty
 .bss.lcd_textx
                0x008001a9        0x1 includes/lcd.o
                0x008001a9                lcd_textx
 .bss.lcd_frameupdate
                0x008001aa        0x1 includes/lcd.o
                0x008001aa                lcd_frameupdate
 .bss.SPI_flag  0x008001ab        0x2 includes/spi.o
                0x008001ab                SPI_flag
 .bss.twi_timeout
                0x008001ad        0x1 includes/twi.o
                0x008001ad                twi_timeout
 .bss.checksum.1723
                0x008001ae        0x1 includes/uart.o
 .bss.byte_cnt.1724
                0x008001af        0x1 includes/uart.o
 .bss.checksum_in.1717
                0x008001b0        0x1 includes/uart.o
 .bss.checksum.1716
                0x008001b1        0x1 includes/uart.o
 .bss.address.1715
                0x008001b2        0x1 includes/uart.o
 .bss.uart_rx_cnt.1714
                0x008001b3        0x1 includes/uart.o
 .bss.checksum.1706
                0x008001b4        0x1 includes/uart.o
 .bss.byte_cnt.1707
                0x008001b5        0x1 includes/uart.o
 .bss.checksum_in.1700
                0x008001b6        0x1 includes/uart.o
 .bss.checksum.1699
                0x008001b7        0x1 includes/uart.o
 .bss.address.1698
                0x008001b8        0x1 includes/uart.o
 .bss.uart_rx_cnt.1697
                0x008001b9        0x1 includes/uart.o
 .bss.data_ok   0x008001ba        0x1 includes/uart.o
                0x008001ba                data_ok
 *(COMMON)
 COMMON         0x008001bb      0x400 includes/lcd.o
                0x008001bb                lcd_framebuffer
 COMMON         0x008005bb       0xa0 includes/uart.o
                0x008005bb                data_frame_in
                0x0080065b                PROVIDE (__bss_end, .)
                0x00001504                __data_load_start = LOADADDR (.data)
                0x000015a4                __data_load_end = (__data_load_start + SIZEOF (.data))

.noinit         0x0080065b        0x0
                0x0080065b                PROVIDE (__noinit_start, .)
 *(.noinit*)
                0x0080065b                PROVIDE (__noinit_end, .)
                0x0080065b                _end = .
                0x0080065b                PROVIDE (__heap_start, .)

.eeprom         0x00810000        0x0
 *(.eeprom*)
                0x00810000                __eeprom_end = .

.fuse
 *(.fuse)
 *(.lfuse)
 *(.hfuse)
 *(.efuse)

.lock
 *(.lock*)

.signature
 *(.signature*)

.user_signatures
 *(.user_signatures*)

.stab
 *(.stab)

.stabstr
 *(.stabstr)

.stab.excl
 *(.stab.excl)

.stab.exclstr
 *(.stab.exclstr)

.stab.index
 *(.stab.index)

.stab.indexstr
 *(.stab.indexstr)

.comment        0x00000000       0x30
 *(.comment)
 .comment       0x00000000       0x30 dmm_dds.o
                                 0x31 (size before relaxing)
 .comment       0x00000000       0x31 includes/dataflash.o
 .comment       0x00000000       0x31 includes/fifo.o
 .comment       0x00000000       0x31 includes/lcd.o
 .comment       0x00000000       0x31 includes/spi.o
 .comment       0x00000000       0x31 includes/twi.o
 .comment       0x00000000       0x31 includes/uart.o

.note.gnu.build-id
 *(.note.gnu.build-id)

.debug
 *(.debug)

.line
 *(.line)

.debug_srcinfo
 *(.debug_srcinfo)

.debug_sfnames
 *(.debug_sfnames)

.debug_aranges  0x00000000      0x2e0
 *(.debug_aranges)
 .debug_aranges
                0x00000000       0x50 dmm_dds.o
 .debug_aranges
                0x00000050       0x60 includes/dataflash.o
 .debug_aranges
                0x000000b0       0x40 includes/fifo.o
 .debug_aranges
                0x000000f0       0xa0 includes/lcd.o
 .debug_aranges
                0x00000190       0x30 includes/spi.o
 .debug_aranges
                0x000001c0       0x48 includes/twi.o
 .debug_aranges
                0x00000208       0xd8 includes/uart.o

.debug_pubnames
 *(.debug_pubnames)

.debug_info     0x00000000     0x2e85
 *(.debug_info .gnu.linkonce.wi.*)
 .debug_info    0x00000000      0xa8c dmm_dds.o
 .debug_info    0x00000a8c      0x53e includes/dataflash.o
 .debug_info    0x00000fca      0x289 includes/fifo.o
 .debug_info    0x00001253      0xd31 includes/lcd.o
 .debug_info    0x00001f84       0xee includes/spi.o
 .debug_info    0x00002072      0x147 includes/twi.o
 .debug_info    0x000021b9      0xccc includes/uart.o

.debug_abbrev   0x00000000      0xc02
 *(.debug_abbrev)
 .debug_abbrev  0x00000000      0x33a dmm_dds.o
 .debug_abbrev  0x0000033a       0xf4 includes/dataflash.o
 .debug_abbrev  0x0000042e      0x138 includes/fifo.o
 .debug_abbrev  0x00000566      0x289 includes/lcd.o
 .debug_abbrev  0x000007ef       0xb6 includes/spi.o
 .debug_abbrev  0x000008a5       0xc6 includes/twi.o
 .debug_abbrev  0x0000096b      0x297 includes/uart.o

.debug_line     0x00000000     0x1e23
 *(.debug_line .debug_line.* .debug_line_end)
 .debug_line    0x00000000      0x558 dmm_dds.o
 .debug_line    0x00000558      0x2cd includes/dataflash.o
 .debug_line    0x00000825      0x1e1 includes/fifo.o
 .debug_line    0x00000a06      0x5dc includes/lcd.o
 .debug_line    0x00000fe2      0x11a includes/spi.o
 .debug_line    0x000010fc      0x216 includes/twi.o
 .debug_line    0x00001312      0xb11 includes/uart.o

.debug_frame    0x00000000      0x83c
 *(.debug_frame)
 .debug_frame   0x00000000       0x94 dmm_dds.o
 .debug_frame   0x00000094      0x148 includes/dataflash.o
 .debug_frame   0x000001dc       0x64 includes/fifo.o
 .debug_frame   0x00000240      0x244 includes/lcd.o
 .debug_frame   0x00000484       0x44 includes/spi.o
 .debug_frame   0x000004c8       0x90 includes/twi.o
 .debug_frame   0x00000558      0x2e4 includes/uart.o

.debug_str      0x00000000      0x870
 *(.debug_str)
 .debug_str     0x00000000      0x2cc dmm_dds.o
                                0x30f (size before relaxing)
 .debug_str     0x000002cc      0x12a includes/dataflash.o
                                0x264 (size before relaxing)
 .debug_str     0x000003f6       0x8a includes/fifo.o
                                0x1c7 (size before relaxing)
 .debug_str     0x00000480      0x148 includes/lcd.o
                                0x37c (size before relaxing)
 .debug_str     0x000005c8       0x2e includes/spi.o
                                0x195 (size before relaxing)
 .debug_str     0x000005f6       0x29 includes/twi.o
                                0x1a1 (size before relaxing)
 .debug_str     0x0000061f      0x251 includes/uart.o
                                0x3fb (size before relaxing)

.debug_loc      0x00000000     0x280b
 *(.debug_loc)
 .debug_loc     0x00000000      0x217 dmm_dds.o
 .debug_loc     0x00000217      0x654 includes/dataflash.o
 .debug_loc     0x0000086b      0x185 includes/fifo.o
 .debug_loc     0x000009f0      0xc0f includes/lcd.o
 .debug_loc     0x000015ff       0x1f includes/spi.o
 .debug_loc     0x0000161e       0xb0 includes/twi.o
 .debug_loc     0x000016ce     0x113d includes/uart.o

.debug_macinfo
 *(.debug_macinfo)

.debug_weaknames
 *(.debug_weaknames)

.debug_funcnames
 *(.debug_funcnames)

.debug_typenames
 *(.debug_typenames)

.debug_varnames
 *(.debug_varnames)

.debug_pubtypes
 *(.debug_pubtypes)

.debug_ranges   0x00000000      0x2b8
 *(.debug_ranges)
 .debug_ranges  0x00000000       0x40 dmm_dds.o
 .debug_ranges  0x00000040       0x50 includes/dataflash.o
 .debug_ranges  0x00000090       0x30 includes/fifo.o
 .debug_ranges  0x000000c0       0xa8 includes/lcd.o
 .debug_ranges  0x00000168       0x20 includes/spi.o
 .debug_ranges  0x00000188       0x38 includes/twi.o
 .debug_ranges  0x000001c0       0xf8 includes/uart.o

.debug_macro
 *(.debug_macro)
OUTPUT(dmm_dds.elf elf32-avr)
LOAD linker stubs
