Archive member included to satisfy reference by file (symbol)

d:/program files (x86)/atmel/studio/7.0/toolchain/avr8/avr8-gnu-toolchain/bin/../lib/gcc/avr/4.9.2/../../../../avr/lib/avr51\libm.a(divsf3.o)
                              003.o (__divsf3)
d:/program files (x86)/atmel/studio/7.0/toolchain/avr8/avr8-gnu-toolchain/bin/../lib/gcc/avr/4.9.2/../../../../avr/lib/avr51\libm.a(divsf3x.o)
                              d:/program files (x86)/atmel/studio/7.0/toolchain/avr8/avr8-gnu-toolchain/bin/../lib/gcc/avr/4.9.2/../../../../avr/lib/avr51\libm.a(divsf3.o) (__divsf3x)
d:/program files (x86)/atmel/studio/7.0/toolchain/avr8/avr8-gnu-toolchain/bin/../lib/gcc/avr/4.9.2/../../../../avr/lib/avr51\libm.a(fixunssfsi.o)
                              003.o (__fixunssfsi)
d:/program files (x86)/atmel/studio/7.0/toolchain/avr8/avr8-gnu-toolchain/bin/../lib/gcc/avr/4.9.2/../../../../avr/lib/avr51\libm.a(floatsisf.o)
                              003.o (__floatunsisf)
d:/program files (x86)/atmel/studio/7.0/toolchain/avr8/avr8-gnu-toolchain/bin/../lib/gcc/avr/4.9.2/../../../../avr/lib/avr51\libm.a(fp_inf.o)
                              d:/program files (x86)/atmel/studio/7.0/toolchain/avr8/avr8-gnu-toolchain/bin/../lib/gcc/avr/4.9.2/../../../../avr/lib/avr51\libm.a(divsf3x.o) (__fp_inf)
d:/program files (x86)/atmel/studio/7.0/toolchain/avr8/avr8-gnu-toolchain/bin/../lib/gcc/avr/4.9.2/../../../../avr/lib/avr51\libm.a(fp_nan.o)
                              d:/program files (x86)/atmel/studio/7.0/toolchain/avr8/avr8-gnu-toolchain/bin/../lib/gcc/avr/4.9.2/../../../../avr/lib/avr51\libm.a(divsf3x.o) (__fp_nan)
d:/program files (x86)/atmel/studio/7.0/toolchain/avr8/avr8-gnu-toolchain/bin/../lib/gcc/avr/4.9.2/../../../../avr/lib/avr51\libm.a(fp_pscA.o)
                              d:/program files (x86)/atmel/studio/7.0/toolchain/avr8/avr8-gnu-toolchain/bin/../lib/gcc/avr/4.9.2/../../../../avr/lib/avr51\libm.a(divsf3x.o) (__fp_pscA)
d:/program files (x86)/atmel/studio/7.0/toolchain/avr8/avr8-gnu-toolchain/bin/../lib/gcc/avr/4.9.2/../../../../avr/lib/avr51\libm.a(fp_pscB.o)
                              d:/program files (x86)/atmel/studio/7.0/toolchain/avr8/avr8-gnu-toolchain/bin/../lib/gcc/avr/4.9.2/../../../../avr/lib/avr51\libm.a(divsf3x.o) (__fp_pscB)
d:/program files (x86)/atmel/studio/7.0/toolchain/avr8/avr8-gnu-toolchain/bin/../lib/gcc/avr/4.9.2/../../../../avr/lib/avr51\libm.a(fp_round.o)
                              d:/program files (x86)/atmel/studio/7.0/toolchain/avr8/avr8-gnu-toolchain/bin/../lib/gcc/avr/4.9.2/../../../../avr/lib/avr51\libm.a(divsf3.o) (__fp_round)
d:/program files (x86)/atmel/studio/7.0/toolchain/avr8/avr8-gnu-toolchain/bin/../lib/gcc/avr/4.9.2/../../../../avr/lib/avr51\libm.a(fp_split3.o)
                              d:/program files (x86)/atmel/studio/7.0/toolchain/avr8/avr8-gnu-toolchain/bin/../lib/gcc/avr/4.9.2/../../../../avr/lib/avr51\libm.a(divsf3x.o) (__fp_split3)
d:/program files (x86)/atmel/studio/7.0/toolchain/avr8/avr8-gnu-toolchain/bin/../lib/gcc/avr/4.9.2/../../../../avr/lib/avr51\libm.a(fp_zero.o)
                              d:/program files (x86)/atmel/studio/7.0/toolchain/avr8/avr8-gnu-toolchain/bin/../lib/gcc/avr/4.9.2/../../../../avr/lib/avr51\libm.a(fixunssfsi.o) (__fp_zero)
d:/program files (x86)/atmel/studio/7.0/toolchain/avr8/avr8-gnu-toolchain/bin/../lib/gcc/avr/4.9.2/../../../../avr/lib/avr51\libm.a(mulsf3.o)
                              003.o (__mulsf3)
d:/program files (x86)/atmel/studio/7.0/toolchain/avr8/avr8-gnu-toolchain/bin/../lib/gcc/avr/4.9.2/../../../../avr/lib/avr51\libm.a(mulsf3x.o)
                              d:/program files (x86)/atmel/studio/7.0/toolchain/avr8/avr8-gnu-toolchain/bin/../lib/gcc/avr/4.9.2/../../../../avr/lib/avr51\libm.a(mulsf3.o) (__mulsf3x)
d:/program files (x86)/atmel/studio/7.0/toolchain/avr8/avr8-gnu-toolchain/bin/../lib/gcc/avr/4.9.2/avr51\libgcc.a(_exit.o)
                              D:/Program Files (x86)/Atmel/Studio/7.0/Packs/atmel/ATmega_DFP/1.0.106/gcc/dev/atmega1284/avr51/crtatmega1284.o (exit)
d:/program files (x86)/atmel/studio/7.0/toolchain/avr8/avr8-gnu-toolchain/bin/../lib/gcc/avr/4.9.2/avr51\libgcc.a(_copy_data.o)
                              003.o (__do_copy_data)
d:/program files (x86)/atmel/studio/7.0/toolchain/avr8/avr8-gnu-toolchain/bin/../lib/gcc/avr/4.9.2/avr51\libgcc.a(_clear_bss.o)
                              003.o (__do_clear_bss)
d:/program files (x86)/atmel/studio/7.0/toolchain/avr8/avr8-gnu-toolchain/bin/../lib/gcc/avr/4.9.2/avr51\libgcc.a(_umulhisi3.o)
                              003.o (__umulhisi3)

Allocating common symbols
Common symbol       size              file

frequency           0x1               003.o
hex2asciiBuffer     0x4               003.o
voltage             0x2               003.o
data_frame_in       0xa0              includes/uart.o
lcd_framebuffer     0x400             includes/lcd.o
ADCvalue            0x2               003.o

Discarded input sections

 .data          0x00000000        0x0 D:/Program Files (x86)/Atmel/Studio/7.0/Packs/atmel/ATmega_DFP/1.0.106/gcc/dev/atmega1284/avr51/crtatmega1284.o
 .bss           0x00000000        0x0 D:/Program Files (x86)/Atmel/Studio/7.0/Packs/atmel/ATmega_DFP/1.0.106/gcc/dev/atmega1284/avr51/crtatmega1284.o
 .text          0x00000000        0x0 003.o
 .data          0x00000000        0x0 003.o
 .bss           0x00000000        0x0 003.o
 .text.get_frequence
                0x00000000       0x9c 003.o
 .text.fillDataLcdBuffer
                0x00000000        0xc 003.o
 .text.create_raster
                0x00000000       0x46 003.o
 .progmem.data.__c.2145
                0x00000000        0xe 003.o
 .progmem.data.__c.2143
                0x00000000       0x11 003.o
 .progmem.data.__c.2141
                0x00000000        0xf 003.o
 .bss.data2     0x00000000        0x2 003.o
 .bss.data1     0x00000000        0x2 003.o
 .bss.freq      0x00000000        0x4 003.o
 .progmem.data.raster
                0x00000000      0x400 003.o
 .bss.Ypos      0x00000000        0x1 003.o
 .bss.voltageType
                0x00000000        0x1 003.o
 .text          0x00000000        0x0 includes/dataflash.o
 .data          0x00000000        0x0 includes/dataflash.o
 .bss           0x00000000        0x0 includes/dataflash.o
 .text.dataflash_opcode_and_address
                0x00000000       0x40 includes/dataflash.o
 .text.dataflash_wait
                0x00000000       0x16 includes/dataflash.o
 .text.dataflash_buffer_to_page
                0x00000000       0x38 includes/dataflash.o
 .text.dataflash_page_to_buffer
                0x00000000       0x38 includes/dataflash.o
 .text.dataflash_buffer_read
                0x00000000       0x68 includes/dataflash.o
 .text.dataflash_buffer_write
                0x00000000       0x66 includes/dataflash.o
 .text.dataflash_read
                0x00000000       0x56 includes/dataflash.o
 .text.dataflash_chip_erase
                0x00000000       0x22 includes/dataflash.o
 .text          0x00000000        0x0 includes/fifo.o
 .data          0x00000000        0x0 includes/fifo.o
 .bss           0x00000000        0x0 includes/fifo.o
 .text._fifo_get
                0x00000000       0x2e includes/fifo.o
 .text.fifo_init
                0x00000000       0x14 includes/fifo.o
 .text.fifo_get_wait
                0x00000000       0x10 includes/fifo.o
 .text.fifo_get_nowait
                0x00000000       0x16 includes/fifo.o
 .text.fifo_put
                0x00000000       0x3c includes/fifo.o
 .debug_info    0x00000000      0x289 includes/fifo.o
 .debug_abbrev  0x00000000      0x138 includes/fifo.o
 .debug_loc     0x00000000      0x179 includes/fifo.o
 .debug_aranges
                0x00000000       0x40 includes/fifo.o
 .debug_ranges  0x00000000       0x30 includes/fifo.o
 .debug_line    0x00000000      0x1d8 includes/fifo.o
 .debug_str     0x00000000      0x1d3 includes/fifo.o
 .comment       0x00000000       0x31 includes/fifo.o
 .debug_frame   0x00000000       0x64 includes/fifo.o
 .text          0x00000000        0x0 includes/lcd.o
 .data          0x00000000        0x0 includes/lcd.o
 .bss           0x00000000        0x0 includes/lcd.o
 .text.LCD_Send
                0x00000000        0x6 includes/lcd.o
 .text.LCD_DrawLine
                0x00000000       0xf8 includes/lcd.o
 .text.LCD_DrawCircle
                0x00000000      0x114 includes/lcd.o
 .text.LCD_PutString
                0x00000000       0x1e includes/lcd.o
 .text.LCD_WipeLine
                0x00000000       0x46 includes/lcd.o
 .text.Backlight_PWM
                0x00000000       0x40 includes/lcd.o
 .text.LCD_SavePage
                0x00000000       0x52 includes/lcd.o
 .text.LCD_LoadPage
                0x00000000       0x54 includes/lcd.o
 .text          0x00000000        0x0 includes/spi.o
 .data          0x00000000        0x0 includes/spi.o
 .bss           0x00000000        0x0 includes/spi.o
 .text.SPI_MasterTransferRead
                0x00000000        0xc includes/spi.o
 .text          0x00000000        0x0 includes/twi.o
 .data          0x00000000        0x0 includes/twi.o
 .bss           0x00000000        0x0 includes/twi.o
 .text          0x00000000        0x0 includes/uart.o
 .data          0x00000000        0x0 includes/uart.o
 .bss           0x00000000        0x0 includes/uart.o
 .text.uart_init0
                0x00000000       0x20 includes/uart.o
 .text.get_num_from_ascii
                0x00000000      0x1c6 includes/uart.o
 .text.get_h_from_ascii
                0x00000000       0x1a includes/uart.o
 .text.get_min_from_ascii
                0x00000000       0x1a includes/uart.o
 .text.uart_tx_byte
                0x00000000       0x14 includes/uart.o
 .text.uart0_tx_frame
                0x00000000       0x10 includes/uart.o
 .text.uart1_tx_byte
                0x00000000       0x14 includes/uart.o
 .text.uart1_tx_frame
                0x00000000       0x10 includes/uart.o
 .text.uart_tx_string
                0x00000000       0x2c includes/uart.o
 .text.uart_tx_command
                0x00000000       0x12 includes/uart.o
 .text.uart_tx_hex8
                0x00000000       0x42 includes/uart.o
 .text.uart_tx_hex16
                0x00000000       0x92 includes/uart.o
 .text.uart_tx_num16
                0x00000000       0xa4 includes/uart.o
 .rodata.str1.1
                0x00000000        0xd includes/uart.o
 .text.uart_tx_number2
                0x00000000      0x13c includes/uart.o
 .text.uart_tx_number
                0x00000000      0x10e includes/uart.o
 .text.uart_tx_time
                0x00000000       0x60 includes/uart.o
 .text.uart_tx_temperature
                0x00000000       0xd4 includes/uart.o
 .text.uart_tx_line_break
                0x00000000        0xe includes/uart.o
 .text.print_string_flash
                0x00000000       0x24 includes/uart.o
 .rodata.device_address
                0x00000000        0x1 includes/uart.o
 .text          0x00000000        0x0 d:/program files (x86)/atmel/studio/7.0/toolchain/avr8/avr8-gnu-toolchain/bin/../lib/gcc/avr/4.9.2/../../../../avr/lib/avr51\libm.a(divsf3.o)
 .data          0x00000000        0x0 d:/program files (x86)/atmel/studio/7.0/toolchain/avr8/avr8-gnu-toolchain/bin/../lib/gcc/avr/4.9.2/../../../../avr/lib/avr51\libm.a(divsf3.o)
 .bss           0x00000000        0x0 d:/program files (x86)/atmel/studio/7.0/toolchain/avr8/avr8-gnu-toolchain/bin/../lib/gcc/avr/4.9.2/../../../../avr/lib/avr51\libm.a(divsf3.o)
 .text          0x00000000        0x0 d:/program files (x86)/atmel/studio/7.0/toolchain/avr8/avr8-gnu-toolchain/bin/../lib/gcc/avr/4.9.2/../../../../avr/lib/avr51\libm.a(divsf3x.o)
 .data          0x00000000        0x0 d:/program files (x86)/atmel/studio/7.0/toolchain/avr8/avr8-gnu-toolchain/bin/../lib/gcc/avr/4.9.2/../../../../avr/lib/avr51\libm.a(divsf3x.o)
 .bss           0x00000000        0x0 d:/program files (x86)/atmel/studio/7.0/toolchain/avr8/avr8-gnu-toolchain/bin/../lib/gcc/avr/4.9.2/../../../../avr/lib/avr51\libm.a(divsf3x.o)
 .text          0x00000000        0x0 d:/program files (x86)/atmel/studio/7.0/toolchain/avr8/avr8-gnu-toolchain/bin/../lib/gcc/avr/4.9.2/../../../../avr/lib/avr51\libm.a(fixunssfsi.o)
 .data          0x00000000        0x0 d:/program files (x86)/atmel/studio/7.0/toolchain/avr8/avr8-gnu-toolchain/bin/../lib/gcc/avr/4.9.2/../../../../avr/lib/avr51\libm.a(fixunssfsi.o)
 .bss           0x00000000        0x0 d:/program files (x86)/atmel/studio/7.0/toolchain/avr8/avr8-gnu-toolchain/bin/../lib/gcc/avr/4.9.2/../../../../avr/lib/avr51\libm.a(fixunssfsi.o)
 .text          0x00000000        0x0 d:/program files (x86)/atmel/studio/7.0/toolchain/avr8/avr8-gnu-toolchain/bin/../lib/gcc/avr/4.9.2/../../../../avr/lib/avr51\libm.a(floatsisf.o)
 .data          0x00000000        0x0 d:/program files (x86)/atmel/studio/7.0/toolchain/avr8/avr8-gnu-toolchain/bin/../lib/gcc/avr/4.9.2/../../../../avr/lib/avr51\libm.a(floatsisf.o)
 .bss           0x00000000        0x0 d:/program files (x86)/atmel/studio/7.0/toolchain/avr8/avr8-gnu-toolchain/bin/../lib/gcc/avr/4.9.2/../../../../avr/lib/avr51\libm.a(floatsisf.o)
 .text          0x00000000        0x0 d:/program files (x86)/atmel/studio/7.0/toolchain/avr8/avr8-gnu-toolchain/bin/../lib/gcc/avr/4.9.2/../../../../avr/lib/avr51\libm.a(fp_inf.o)
 .data          0x00000000        0x0 d:/program files (x86)/atmel/studio/7.0/toolchain/avr8/avr8-gnu-toolchain/bin/../lib/gcc/avr/4.9.2/../../../../avr/lib/avr51\libm.a(fp_inf.o)
 .bss           0x00000000        0x0 d:/program files (x86)/atmel/studio/7.0/toolchain/avr8/avr8-gnu-toolchain/bin/../lib/gcc/avr/4.9.2/../../../../avr/lib/avr51\libm.a(fp_inf.o)
 .text          0x00000000        0x0 d:/program files (x86)/atmel/studio/7.0/toolchain/avr8/avr8-gnu-toolchain/bin/../lib/gcc/avr/4.9.2/../../../../avr/lib/avr51\libm.a(fp_nan.o)
 .data          0x00000000        0x0 d:/program files (x86)/atmel/studio/7.0/toolchain/avr8/avr8-gnu-toolchain/bin/../lib/gcc/avr/4.9.2/../../../../avr/lib/avr51\libm.a(fp_nan.o)
 .bss           0x00000000        0x0 d:/program files (x86)/atmel/studio/7.0/toolchain/avr8/avr8-gnu-toolchain/bin/../lib/gcc/avr/4.9.2/../../../../avr/lib/avr51\libm.a(fp_nan.o)
 .text          0x00000000        0x0 d:/program files (x86)/atmel/studio/7.0/toolchain/avr8/avr8-gnu-toolchain/bin/../lib/gcc/avr/4.9.2/../../../../avr/lib/avr51\libm.a(fp_pscA.o)
 .data          0x00000000        0x0 d:/program files (x86)/atmel/studio/7.0/toolchain/avr8/avr8-gnu-toolchain/bin/../lib/gcc/avr/4.9.2/../../../../avr/lib/avr51\libm.a(fp_pscA.o)
 .bss           0x00000000        0x0 d:/program files (x86)/atmel/studio/7.0/toolchain/avr8/avr8-gnu-toolchain/bin/../lib/gcc/avr/4.9.2/../../../../avr/lib/avr51\libm.a(fp_pscA.o)
 .text          0x00000000        0x0 d:/program files (x86)/atmel/studio/7.0/toolchain/avr8/avr8-gnu-toolchain/bin/../lib/gcc/avr/4.9.2/../../../../avr/lib/avr51\libm.a(fp_pscB.o)
 .data          0x00000000        0x0 d:/program files (x86)/atmel/studio/7.0/toolchain/avr8/avr8-gnu-toolchain/bin/../lib/gcc/avr/4.9.2/../../../../avr/lib/avr51\libm.a(fp_pscB.o)
 .bss           0x00000000        0x0 d:/program files (x86)/atmel/studio/7.0/toolchain/avr8/avr8-gnu-toolchain/bin/../lib/gcc/avr/4.9.2/../../../../avr/lib/avr51\libm.a(fp_pscB.o)
 .text          0x00000000        0x0 d:/program files (x86)/atmel/studio/7.0/toolchain/avr8/avr8-gnu-toolchain/bin/../lib/gcc/avr/4.9.2/../../../../avr/lib/avr51\libm.a(fp_round.o)
 .data          0x00000000        0x0 d:/program files (x86)/atmel/studio/7.0/toolchain/avr8/avr8-gnu-toolchain/bin/../lib/gcc/avr/4.9.2/../../../../avr/lib/avr51\libm.a(fp_round.o)
 .bss           0x00000000        0x0 d:/program files (x86)/atmel/studio/7.0/toolchain/avr8/avr8-gnu-toolchain/bin/../lib/gcc/avr/4.9.2/../../../../avr/lib/avr51\libm.a(fp_round.o)
 .text          0x00000000        0x0 d:/program files (x86)/atmel/studio/7.0/toolchain/avr8/avr8-gnu-toolchain/bin/../lib/gcc/avr/4.9.2/../../../../avr/lib/avr51\libm.a(fp_split3.o)
 .data          0x00000000        0x0 d:/program files (x86)/atmel/studio/7.0/toolchain/avr8/avr8-gnu-toolchain/bin/../lib/gcc/avr/4.9.2/../../../../avr/lib/avr51\libm.a(fp_split3.o)
 .bss           0x00000000        0x0 d:/program files (x86)/atmel/studio/7.0/toolchain/avr8/avr8-gnu-toolchain/bin/../lib/gcc/avr/4.9.2/../../../../avr/lib/avr51\libm.a(fp_split3.o)
 .text          0x00000000        0x0 d:/program files (x86)/atmel/studio/7.0/toolchain/avr8/avr8-gnu-toolchain/bin/../lib/gcc/avr/4.9.2/../../../../avr/lib/avr51\libm.a(fp_zero.o)
 .data          0x00000000        0x0 d:/program files (x86)/atmel/studio/7.0/toolchain/avr8/avr8-gnu-toolchain/bin/../lib/gcc/avr/4.9.2/../../../../avr/lib/avr51\libm.a(fp_zero.o)
 .bss           0x00000000        0x0 d:/program files (x86)/atmel/studio/7.0/toolchain/avr8/avr8-gnu-toolchain/bin/../lib/gcc/avr/4.9.2/../../../../avr/lib/avr51\libm.a(fp_zero.o)
 .text          0x00000000        0x0 d:/program files (x86)/atmel/studio/7.0/toolchain/avr8/avr8-gnu-toolchain/bin/../lib/gcc/avr/4.9.2/../../../../avr/lib/avr51\libm.a(mulsf3.o)
 .data          0x00000000        0x0 d:/program files (x86)/atmel/studio/7.0/toolchain/avr8/avr8-gnu-toolchain/bin/../lib/gcc/avr/4.9.2/../../../../avr/lib/avr51\libm.a(mulsf3.o)
 .bss           0x00000000        0x0 d:/program files (x86)/atmel/studio/7.0/toolchain/avr8/avr8-gnu-toolchain/bin/../lib/gcc/avr/4.9.2/../../../../avr/lib/avr51\libm.a(mulsf3.o)
 .text          0x00000000        0x0 d:/program files (x86)/atmel/studio/7.0/toolchain/avr8/avr8-gnu-toolchain/bin/../lib/gcc/avr/4.9.2/../../../../avr/lib/avr51\libm.a(mulsf3x.o)
 .data          0x00000000        0x0 d:/program files (x86)/atmel/studio/7.0/toolchain/avr8/avr8-gnu-toolchain/bin/../lib/gcc/avr/4.9.2/../../../../avr/lib/avr51\libm.a(mulsf3x.o)
 .bss           0x00000000        0x0 d:/program files (x86)/atmel/studio/7.0/toolchain/avr8/avr8-gnu-toolchain/bin/../lib/gcc/avr/4.9.2/../../../../avr/lib/avr51\libm.a(mulsf3x.o)
 .text          0x00000000        0x0 d:/program files (x86)/atmel/studio/7.0/toolchain/avr8/avr8-gnu-toolchain/bin/../lib/gcc/avr/4.9.2/avr51\libgcc.a(_exit.o)
 .data          0x00000000        0x0 d:/program files (x86)/atmel/studio/7.0/toolchain/avr8/avr8-gnu-toolchain/bin/../lib/gcc/avr/4.9.2/avr51\libgcc.a(_exit.o)
 .bss           0x00000000        0x0 d:/program files (x86)/atmel/studio/7.0/toolchain/avr8/avr8-gnu-toolchain/bin/../lib/gcc/avr/4.9.2/avr51\libgcc.a(_exit.o)
 .text.libgcc.mul
                0x00000000        0x0 d:/program files (x86)/atmel/studio/7.0/toolchain/avr8/avr8-gnu-toolchain/bin/../lib/gcc/avr/4.9.2/avr51\libgcc.a(_exit.o)
 .text.libgcc.div
                0x00000000        0x0 d:/program files (x86)/atmel/studio/7.0/toolchain/avr8/avr8-gnu-toolchain/bin/../lib/gcc/avr/4.9.2/avr51\libgcc.a(_exit.o)
 .text.libgcc   0x00000000        0x0 d:/program files (x86)/atmel/studio/7.0/toolchain/avr8/avr8-gnu-toolchain/bin/../lib/gcc/avr/4.9.2/avr51\libgcc.a(_exit.o)
 .text.libgcc.prologue
                0x00000000        0x0 d:/program files (x86)/atmel/studio/7.0/toolchain/avr8/avr8-gnu-toolchain/bin/../lib/gcc/avr/4.9.2/avr51\libgcc.a(_exit.o)
 .text.libgcc.builtins
                0x00000000        0x0 d:/program files (x86)/atmel/studio/7.0/toolchain/avr8/avr8-gnu-toolchain/bin/../lib/gcc/avr/4.9.2/avr51\libgcc.a(_exit.o)
 .text.libgcc.fmul
                0x00000000        0x0 d:/program files (x86)/atmel/studio/7.0/toolchain/avr8/avr8-gnu-toolchain/bin/../lib/gcc/avr/4.9.2/avr51\libgcc.a(_exit.o)
 .text.libgcc.fixed
                0x00000000        0x0 d:/program files (x86)/atmel/studio/7.0/toolchain/avr8/avr8-gnu-toolchain/bin/../lib/gcc/avr/4.9.2/avr51\libgcc.a(_exit.o)
 .text          0x00000000        0x0 d:/program files (x86)/atmel/studio/7.0/toolchain/avr8/avr8-gnu-toolchain/bin/../lib/gcc/avr/4.9.2/avr51\libgcc.a(_copy_data.o)
 .data          0x00000000        0x0 d:/program files (x86)/atmel/studio/7.0/toolchain/avr8/avr8-gnu-toolchain/bin/../lib/gcc/avr/4.9.2/avr51\libgcc.a(_copy_data.o)
 .bss           0x00000000        0x0 d:/program files (x86)/atmel/studio/7.0/toolchain/avr8/avr8-gnu-toolchain/bin/../lib/gcc/avr/4.9.2/avr51\libgcc.a(_copy_data.o)
 .text.libgcc.mul
                0x00000000        0x0 d:/program files (x86)/atmel/studio/7.0/toolchain/avr8/avr8-gnu-toolchain/bin/../lib/gcc/avr/4.9.2/avr51\libgcc.a(_copy_data.o)
 .text.libgcc.div
                0x00000000        0x0 d:/program files (x86)/atmel/studio/7.0/toolchain/avr8/avr8-gnu-toolchain/bin/../lib/gcc/avr/4.9.2/avr51\libgcc.a(_copy_data.o)
 .text.libgcc   0x00000000        0x0 d:/program files (x86)/atmel/studio/7.0/toolchain/avr8/avr8-gnu-toolchain/bin/../lib/gcc/avr/4.9.2/avr51\libgcc.a(_copy_data.o)
 .text.libgcc.prologue
                0x00000000        0x0 d:/program files (x86)/atmel/studio/7.0/toolchain/avr8/avr8-gnu-toolchain/bin/../lib/gcc/avr/4.9.2/avr51\libgcc.a(_copy_data.o)
 .text.libgcc.builtins
                0x00000000        0x0 d:/program files (x86)/atmel/studio/7.0/toolchain/avr8/avr8-gnu-toolchain/bin/../lib/gcc/avr/4.9.2/avr51\libgcc.a(_copy_data.o)
 .text.libgcc.fmul
                0x00000000        0x0 d:/program files (x86)/atmel/studio/7.0/toolchain/avr8/avr8-gnu-toolchain/bin/../lib/gcc/avr/4.9.2/avr51\libgcc.a(_copy_data.o)
 .text.libgcc.fixed
                0x00000000        0x0 d:/program files (x86)/atmel/studio/7.0/toolchain/avr8/avr8-gnu-toolchain/bin/../lib/gcc/avr/4.9.2/avr51\libgcc.a(_copy_data.o)
 .text          0x00000000        0x0 d:/program files (x86)/atmel/studio/7.0/toolchain/avr8/avr8-gnu-toolchain/bin/../lib/gcc/avr/4.9.2/avr51\libgcc.a(_clear_bss.o)
 .data          0x00000000        0x0 d:/program files (x86)/atmel/studio/7.0/toolchain/avr8/avr8-gnu-toolchain/bin/../lib/gcc/avr/4.9.2/avr51\libgcc.a(_clear_bss.o)
 .bss           0x00000000        0x0 d:/program files (x86)/atmel/studio/7.0/toolchain/avr8/avr8-gnu-toolchain/bin/../lib/gcc/avr/4.9.2/avr51\libgcc.a(_clear_bss.o)
 .text.libgcc.mul
                0x00000000        0x0 d:/program files (x86)/atmel/studio/7.0/toolchain/avr8/avr8-gnu-toolchain/bin/../lib/gcc/avr/4.9.2/avr51\libgcc.a(_clear_bss.o)
 .text.libgcc.div
                0x00000000        0x0 d:/program files (x86)/atmel/studio/7.0/toolchain/avr8/avr8-gnu-toolchain/bin/../lib/gcc/avr/4.9.2/avr51\libgcc.a(_clear_bss.o)
 .text.libgcc   0x00000000        0x0 d:/program files (x86)/atmel/studio/7.0/toolchain/avr8/avr8-gnu-toolchain/bin/../lib/gcc/avr/4.9.2/avr51\libgcc.a(_clear_bss.o)
 .text.libgcc.prologue
                0x00000000        0x0 d:/program files (x86)/atmel/studio/7.0/toolchain/avr8/avr8-gnu-toolchain/bin/../lib/gcc/avr/4.9.2/avr51\libgcc.a(_clear_bss.o)
 .text.libgcc.builtins
                0x00000000        0x0 d:/program files (x86)/atmel/studio/7.0/toolchain/avr8/avr8-gnu-toolchain/bin/../lib/gcc/avr/4.9.2/avr51\libgcc.a(_clear_bss.o)
 .text.libgcc.fmul
                0x00000000        0x0 d:/program files (x86)/atmel/studio/7.0/toolchain/avr8/avr8-gnu-toolchain/bin/../lib/gcc/avr/4.9.2/avr51\libgcc.a(_clear_bss.o)
 .text.libgcc.fixed
                0x00000000        0x0 d:/program files (x86)/atmel/studio/7.0/toolchain/avr8/avr8-gnu-toolchain/bin/../lib/gcc/avr/4.9.2/avr51\libgcc.a(_clear_bss.o)
 .text          0x00000000        0x0 d:/program files (x86)/atmel/studio/7.0/toolchain/avr8/avr8-gnu-toolchain/bin/../lib/gcc/avr/4.9.2/avr51\libgcc.a(_umulhisi3.o)
 .data          0x00000000        0x0 d:/program files (x86)/atmel/studio/7.0/toolchain/avr8/avr8-gnu-toolchain/bin/../lib/gcc/avr/4.9.2/avr51\libgcc.a(_umulhisi3.o)
 .bss           0x00000000        0x0 d:/program files (x86)/atmel/studio/7.0/toolchain/avr8/avr8-gnu-toolchain/bin/../lib/gcc/avr/4.9.2/avr51\libgcc.a(_umulhisi3.o)
 .text.libgcc.div
                0x00000000        0x0 d:/program files (x86)/atmel/studio/7.0/toolchain/avr8/avr8-gnu-toolchain/bin/../lib/gcc/avr/4.9.2/avr51\libgcc.a(_umulhisi3.o)
 .text.libgcc   0x00000000        0x0 d:/program files (x86)/atmel/studio/7.0/toolchain/avr8/avr8-gnu-toolchain/bin/../lib/gcc/avr/4.9.2/avr51\libgcc.a(_umulhisi3.o)
 .text.libgcc.prologue
                0x00000000        0x0 d:/program files (x86)/atmel/studio/7.0/toolchain/avr8/avr8-gnu-toolchain/bin/../lib/gcc/avr/4.9.2/avr51\libgcc.a(_umulhisi3.o)
 .text.libgcc.builtins
                0x00000000        0x0 d:/program files (x86)/atmel/studio/7.0/toolchain/avr8/avr8-gnu-toolchain/bin/../lib/gcc/avr/4.9.2/avr51\libgcc.a(_umulhisi3.o)
 .text.libgcc.fmul
                0x00000000        0x0 d:/program files (x86)/atmel/studio/7.0/toolchain/avr8/avr8-gnu-toolchain/bin/../lib/gcc/avr/4.9.2/avr51\libgcc.a(_umulhisi3.o)
 .text.libgcc.fixed
                0x00000000        0x0 d:/program files (x86)/atmel/studio/7.0/toolchain/avr8/avr8-gnu-toolchain/bin/../lib/gcc/avr/4.9.2/avr51\libgcc.a(_umulhisi3.o)

Memory Configuration

Name             Origin             Length             Attributes
text             0x00000000         0x00020000         xr
data             0x00800100         0x0000ff00         rw !x
eeprom           0x00810000         0x00010000         rw !x
fuse             0x00820000         0x00000400         rw !x
lock             0x00830000         0x00000400         rw !x
signature        0x00840000         0x00000400         rw !x
user_signatures  0x00850000         0x00000400         rw !x
*default*        0x00000000         0xffffffff

Linker script and memory map

Address of section .data set to 0x800100
LOAD D:/Program Files (x86)/Atmel/Studio/7.0/Packs/atmel/ATmega_DFP/1.0.106/gcc/dev/atmega1284/avr51/crtatmega1284.o
LOAD 003.o
LOAD includes/dataflash.o
LOAD includes/fifo.o
LOAD includes/lcd.o
LOAD includes/spi.o
LOAD includes/twi.o
LOAD includes/uart.o
START GROUP
LOAD d:/program files (x86)/atmel/studio/7.0/toolchain/avr8/avr8-gnu-toolchain/bin/../lib/gcc/avr/4.9.2/../../../../avr/lib/avr51\libm.a
END GROUP
START GROUP
LOAD d:/program files (x86)/atmel/studio/7.0/toolchain/avr8/avr8-gnu-toolchain/bin/../lib/gcc/avr/4.9.2/avr51\libgcc.a
LOAD d:/program files (x86)/atmel/studio/7.0/toolchain/avr8/avr8-gnu-toolchain/bin/../lib/gcc/avr/4.9.2/../../../../avr/lib/avr51\libm.a
LOAD d:/program files (x86)/atmel/studio/7.0/toolchain/avr8/avr8-gnu-toolchain/bin/../lib/gcc/avr/4.9.2/../../../../avr/lib/avr51\libc.a
LOAD D:/Program Files (x86)/Atmel/Studio/7.0/Packs/atmel/ATmega_DFP/1.0.106/gcc/dev/atmega1284/avr51\libatmega1284.a
END GROUP
                0x00020000                __TEXT_REGION_LENGTH__ = DEFINED (__TEXT_REGION_LENGTH__)?__TEXT_REGION_LENGTH__:0x20000
                0x0000ff00                __DATA_REGION_LENGTH__ = DEFINED (__DATA_REGION_LENGTH__)?__DATA_REGION_LENGTH__:0xff00
                0x00010000                __EEPROM_REGION_LENGTH__ = DEFINED (__EEPROM_REGION_LENGTH__)?__EEPROM_REGION_LENGTH__:0x10000
                0x00000400                __FUSE_REGION_LENGTH__ = DEFINED (__FUSE_REGION_LENGTH__)?__FUSE_REGION_LENGTH__:0x400
                0x00000400                __LOCK_REGION_LENGTH__ = DEFINED (__LOCK_REGION_LENGTH__)?__LOCK_REGION_LENGTH__:0x400
                0x00000400                __SIGNATURE_REGION_LENGTH__ = DEFINED (__SIGNATURE_REGION_LENGTH__)?__SIGNATURE_REGION_LENGTH__:0x400
                0x00000400                __USER_SIGNATURE_REGION_LENGTH__ = DEFINED (__USER_SIGNATURE_REGION_LENGTH__)?__USER_SIGNATURE_REGION_LENGTH__:0x400

.hash
 *(.hash)

.dynsym
 *(.dynsym)

.dynstr
 *(.dynstr)

.gnu.version
 *(.gnu.version)

.gnu.version_d
 *(.gnu.version_d)

.gnu.version_r
 *(.gnu.version_r)

.rel.init
 *(.rel.init)

.rela.init
 *(.rela.init)

.rel.text
 *(.rel.text)
 *(.rel.text.*)
 *(.rel.gnu.linkonce.t*)

.rela.text
 *(.rela.text)
 *(.rela.text.*)
 *(.rela.gnu.linkonce.t*)

.rel.fini
 *(.rel.fini)

.rela.fini
 *(.rela.fini)

.rel.rodata
 *(.rel.rodata)
 *(.rel.rodata.*)
 *(.rel.gnu.linkonce.r*)

.rela.rodata
 *(.rela.rodata)
 *(.rela.rodata.*)
 *(.rela.gnu.linkonce.r*)

.rel.data
 *(.rel.data)
 *(.rel.data.*)
 *(.rel.gnu.linkonce.d*)

.rela.data
 *(.rela.data)
 *(.rela.data.*)
 *(.rela.gnu.linkonce.d*)

.rel.ctors
 *(.rel.ctors)

.rela.ctors
 *(.rela.ctors)

.rel.dtors
 *(.rel.dtors)

.rela.dtors
 *(.rela.dtors)

.rel.got
 *(.rel.got)

.rela.got
 *(.rela.got)

.rel.bss
 *(.rel.bss)

.rela.bss
 *(.rela.bss)

.rel.plt
 *(.rel.plt)

.rela.plt
 *(.rela.plt)

.text           0x00000000     0x177c
 *(.vectors)
 .vectors       0x00000000       0x8c D:/Program Files (x86)/Atmel/Studio/7.0/Packs/atmel/ATmega_DFP/1.0.106/gcc/dev/atmega1284/avr51/crtatmega1284.o
                0x00000000                __vector_default
                0x00000000                __vectors
 *(.vectors)
 *(.progmem.gcc*)
                0x0000008c                . = ALIGN (0x2)
                0x0000008c                __trampolines_start = .
 *(.trampolines)
 .trampolines   0x0000008c        0x0 linker stubs
 *(.trampolines*)
                0x0000008c                __trampolines_end = .
 *(.progmem*)
 .progmem.data.__c.2124
                0x0000008c        0xd 003.o
 .progmem.data.__c.2122
                0x00000099        0xf 003.o
 .progmem.data.__c.2120
                0x000000a8        0xb 003.o
 .progmem.data.__c.2118
                0x000000b3       0x16 003.o
 .progmem.data.__c.2116
                0x000000c9        0xe 003.o
 .progmem.data.font
                0x000000d7      0x600 includes/lcd.o
                0x000000d7                font
                0x000006d8                . = ALIGN (0x2)
 *fill*         0x000006d7        0x1 
 *(.jumptables)
 *(.jumptables*)
 *(.lowtext)
 *(.lowtext*)
                0x000006d8                __ctors_start = .
 *(.ctors)
                0x000006d8                __ctors_end = .
                0x000006d8                __dtors_start = .
 *(.dtors)
                0x000006d8                __dtors_end = .
 SORT(*)(.ctors)
 SORT(*)(.dtors)
 *(.init0)
 .init0         0x000006d8        0x0 D:/Program Files (x86)/Atmel/Studio/7.0/Packs/atmel/ATmega_DFP/1.0.106/gcc/dev/atmega1284/avr51/crtatmega1284.o
                0x000006d8                __init
 *(.init0)
 *(.init1)
 *(.init1)
 *(.init2)
 .init2         0x000006d8        0xc D:/Program Files (x86)/Atmel/Studio/7.0/Packs/atmel/ATmega_DFP/1.0.106/gcc/dev/atmega1284/avr51/crtatmega1284.o
 *(.init2)
 *(.init3)
 *(.init3)
 *(.init4)
 .init4         0x000006e4       0x1a d:/program files (x86)/atmel/studio/7.0/toolchain/avr8/avr8-gnu-toolchain/bin/../lib/gcc/avr/4.9.2/avr51\libgcc.a(_copy_data.o)
                0x000006e4                __do_copy_data
 .init4         0x000006fe       0x10 d:/program files (x86)/atmel/studio/7.0/toolchain/avr8/avr8-gnu-toolchain/bin/../lib/gcc/avr/4.9.2/avr51\libgcc.a(_clear_bss.o)
                0x000006fe                __do_clear_bss
 *(.init4)
 *(.init5)
 *(.init5)
 *(.init6)
 *(.init6)
 *(.init7)
 *(.init7)
 *(.init8)
 *(.init8)
 *(.init9)
 .init9         0x0000070e        0x8 D:/Program Files (x86)/Atmel/Studio/7.0/Packs/atmel/ATmega_DFP/1.0.106/gcc/dev/atmega1284/avr51/crtatmega1284.o
 *(.init9)
 *(.text)
 .text          0x00000716        0x4 D:/Program Files (x86)/Atmel/Studio/7.0/Packs/atmel/ATmega_DFP/1.0.106/gcc/dev/atmega1284/avr51/crtatmega1284.o
                0x00000716                __vector_1
                0x00000716                __vector_32
                0x00000716                __vector_34
                0x00000716                __vector_24
                0x00000716                __vector_12
                0x00000716                __bad_interrupt
                0x00000716                __vector_6
                0x00000716                __vector_31
                0x00000716                __vector_3
                0x00000716                __vector_23
                0x00000716                __vector_25
                0x00000716                __vector_11
                0x00000716                __vector_13
                0x00000716                __vector_17
                0x00000716                __vector_19
                0x00000716                __vector_7
                0x00000716                __vector_27
                0x00000716                __vector_5
                0x00000716                __vector_33
                0x00000716                __vector_4
                0x00000716                __vector_2
                0x00000716                __vector_21
                0x00000716                __vector_15
                0x00000716                __vector_29
                0x00000716                __vector_8
                0x00000716                __vector_26
                0x00000716                __vector_14
                0x00000716                __vector_10
                0x00000716                __vector_16
                0x00000716                __vector_18
                0x0000071a                . = ALIGN (0x2)
 *(.text.*)
 .text.start    0x0000071a       0x64 003.o
                0x0000071a                start
 .text.AD9850_setup
                0x0000077e        0xe 003.o
                0x0000077e                AD9850_setup
 .text.AD9850_reset
                0x0000078c       0x64 003.o
                0x0000078c                AD9850_reset
 .text.AD9850_Setfrequency
                0x000007f0       0xa4 003.o
                0x000007f0                AD9850_Setfrequency
 .text.adc_init
                0x00000894       0x12 003.o
                0x00000894                adc_init
 .text.create_wave
                0x000008a6       0x3e 003.o
                0x000008a6                create_wave
 .text.signal_display
                0x000008e4      0x320 003.o
                0x000008e4                signal_display
 .text.main     0x00000c04      0x14a 003.o
                0x00000c04                main
 .text.dataflash_init
                0x00000d4e        0xa includes/dataflash.o
                0x00000d4e                dataflash_init
 .text.LCD_Update
                0x00000d58       0x9e includes/lcd.o
                0x00000d58                LCD_Update
 .text.LCD_Clear
                0x00000df6       0x2e includes/lcd.o
                0x00000df6                LCD_Clear
 .text.LCD_DrawPixel
                0x00000e24       0x90 includes/lcd.o
                0x00000e24                LCD_DrawPixel
 .text.LCD_PutChar
                0x00000eb4       0x94 includes/lcd.o
                0x00000eb4                LCD_PutChar
 .text.LCD_PutString_P
                0x00000f48       0x24 includes/lcd.o
                0x00000f48                LCD_PutString_P
 .text.LCD_GotoXY
                0x00000f6c        0xa includes/lcd.o
                0x00000f6c                LCD_GotoXY
 .text.Backlight_Off
                0x00000f76       0x34 includes/lcd.o
                0x00000f76                Backlight_Off
 .text.LCD_Init
                0x00000faa       0x64 includes/lcd.o
                0x00000faa                LCD_Init
 .text.Backlight_LED
                0x0000100e       0x22 includes/lcd.o
                0x0000100e                Backlight_LED
 .text.SPI_MasterInit
                0x00001030       0x24 includes/spi.o
                0x00001030                SPI_MasterInit
 .text.SPI_MasterTransfer
                0x00001054        0xa includes/spi.o
                0x00001054                SPI_MasterTransfer
 .text.TWI_Init
                0x0000105e       0x28 includes/twi.o
                0x0000105e                TWI_Init
 .text.TWI_Start
                0x00001086       0x36 includes/twi.o
                0x00001086                TWI_Start
 .text.TWI_Address_RW
                0x000010bc       0x3a includes/twi.o
                0x000010bc                TWI_Address_RW
 .text.TWI_Write
                0x000010f6       0x3a includes/twi.o
                0x000010f6                TWI_Write
 .text.TWI_Stop
                0x00001130        0xe includes/twi.o
                0x00001130                TWI_Stop
 .text.__vector_9
                0x0000113e       0x44 includes/twi.o
                0x0000113e                __vector_9
 .text.__vector_20
                0x00001182       0xa2 includes/uart.o
                0x00001182                __vector_20
 .text.__vector_22
                0x00001224       0x9e includes/uart.o
                0x00001224                __vector_22
 .text.__vector_28
                0x000012c2       0xa2 includes/uart.o
                0x000012c2                __vector_28
 .text.__vector_30
                0x00001364       0x9e includes/uart.o
                0x00001364                __vector_30
 .text.uart_init1
                0x00001402       0x20 includes/uart.o
                0x00001402                uart_init1
 .text.avr-libc.fplib
                0x00001422        0x8 d:/program files (x86)/atmel/studio/7.0/toolchain/avr8/avr8-gnu-toolchain/bin/../lib/gcc/avr/4.9.2/../../../../avr/lib/avr51\libm.a(divsf3.o)
                0x00001422                __divsf3
 .text.avr-libc.fplib
                0x0000142a       0xdc d:/program files (x86)/atmel/studio/7.0/toolchain/avr8/avr8-gnu-toolchain/bin/../lib/gcc/avr/4.9.2/../../../../avr/lib/avr51\libm.a(divsf3x.o)
                0x0000144a                __divsf3x
                0x00001450                __divsf3_pse
 .text.avr-libc.fplib
                0x00001506       0x5e d:/program files (x86)/atmel/studio/7.0/toolchain/avr8/avr8-gnu-toolchain/bin/../lib/gcc/avr/4.9.2/../../../../avr/lib/avr51\libm.a(fixunssfsi.o)
                0x00001506                __fixunssfsi
 .text.avr-libc.fplib
                0x00001564       0x7a d:/program files (x86)/atmel/studio/7.0/toolchain/avr8/avr8-gnu-toolchain/bin/../lib/gcc/avr/4.9.2/../../../../avr/lib/avr51\libm.a(floatsisf.o)
                0x00001564                __floatunsisf
                0x00001568                __floatsisf
 .text.avr-libc.fplib
                0x000015de        0xc d:/program files (x86)/atmel/studio/7.0/toolchain/avr8/avr8-gnu-toolchain/bin/../lib/gcc/avr/4.9.2/../../../../avr/lib/avr51\libm.a(fp_inf.o)
                0x000015de                __fp_inf
 .text.avr-libc.fplib
                0x000015ea        0x6 d:/program files (x86)/atmel/studio/7.0/toolchain/avr8/avr8-gnu-toolchain/bin/../lib/gcc/avr/4.9.2/../../../../avr/lib/avr51\libm.a(fp_nan.o)
                0x000015ea                __fp_nan
 .text.avr-libc.fplib
                0x000015f0        0xe d:/program files (x86)/atmel/studio/7.0/toolchain/avr8/avr8-gnu-toolchain/bin/../lib/gcc/avr/4.9.2/../../../../avr/lib/avr51\libm.a(fp_pscA.o)
                0x000015f0                __fp_pscA
 .text.avr-libc.fplib
                0x000015fe        0xe d:/program files (x86)/atmel/studio/7.0/toolchain/avr8/avr8-gnu-toolchain/bin/../lib/gcc/avr/4.9.2/../../../../avr/lib/avr51\libm.a(fp_pscB.o)
                0x000015fe                __fp_pscB
 .text.avr-libc.fplib
                0x0000160c       0x22 d:/program files (x86)/atmel/studio/7.0/toolchain/avr8/avr8-gnu-toolchain/bin/../lib/gcc/avr/4.9.2/../../../../avr/lib/avr51\libm.a(fp_round.o)
                0x0000160c                __fp_round
 .text.avr-libc.fplib
                0x0000162e       0x44 d:/program files (x86)/atmel/studio/7.0/toolchain/avr8/avr8-gnu-toolchain/bin/../lib/gcc/avr/4.9.2/../../../../avr/lib/avr51\libm.a(fp_split3.o)
                0x0000162e                __fp_split3
                0x0000163e                __fp_splitA
 .text.avr-libc.fplib
                0x00001672        0xe d:/program files (x86)/atmel/studio/7.0/toolchain/avr8/avr8-gnu-toolchain/bin/../lib/gcc/avr/4.9.2/../../../../avr/lib/avr51\libm.a(fp_zero.o)
                0x00001672                __fp_zero
                0x00001674                __fp_szero
 .text.avr-libc.fplib
                0x00001680        0x8 d:/program files (x86)/atmel/studio/7.0/toolchain/avr8/avr8-gnu-toolchain/bin/../lib/gcc/avr/4.9.2/../../../../avr/lib/avr51\libm.a(mulsf3.o)
                0x00001680                __mulsf3
 .text.avr-libc.fplib
                0x00001688       0xd2 d:/program files (x86)/atmel/studio/7.0/toolchain/avr8/avr8-gnu-toolchain/bin/../lib/gcc/avr/4.9.2/../../../../avr/lib/avr51\libm.a(mulsf3x.o)
                0x000016a6                __mulsf3x
                0x000016ac                __mulsf3_pse
 .text.libgcc.mul
                0x0000175a       0x1e d:/program files (x86)/atmel/studio/7.0/toolchain/avr8/avr8-gnu-toolchain/bin/../lib/gcc/avr/4.9.2/avr51\libgcc.a(_umulhisi3.o)
                0x0000175a                __umulhisi3
                0x00001778                . = ALIGN (0x2)
 *(.fini9)
 .fini9         0x00001778        0x0 d:/program files (x86)/atmel/studio/7.0/toolchain/avr8/avr8-gnu-toolchain/bin/../lib/gcc/avr/4.9.2/avr51\libgcc.a(_exit.o)
                0x00001778                _exit
                0x00001778                exit
 *(.fini9)
 *(.fini8)
 *(.fini8)
 *(.fini7)
 *(.fini7)
 *(.fini6)
 *(.fini6)
 *(.fini5)
 *(.fini5)
 *(.fini4)
 *(.fini4)
 *(.fini3)
 *(.fini3)
 *(.fini2)
 *(.fini2)
 *(.fini1)
 *(.fini1)
 *(.fini0)
 .fini0         0x00001778        0x4 d:/program files (x86)/atmel/studio/7.0/toolchain/avr8/avr8-gnu-toolchain/bin/../lib/gcc/avr/4.9.2/avr51\libgcc.a(_exit.o)
 *(.fini0)
                0x0000177c                _etext = .

.data           0x00800100       0xa2 load address 0x0000177c
                0x00800100                PROVIDE (__data_start, .)
 *(.data)
 *(.data*)
 .data.lowLimit
                0x00800100        0x1 003.o
                0x00800100                lowLimit
 .data.data_frame_out
                0x00800101       0xa0 includes/uart.o
                0x00800101                data_frame_out
 *(.rodata)
 *(.rodata*)
 *(.gnu.linkonce.d*)
                0x008001a2                . = ALIGN (0x2)
 *fill*         0x008001a1        0x1 
                0x008001a2                _edata = .
                0x008001a2                PROVIDE (__data_end, .)

.bss            0x008001a2      0x52f
                0x008001a2                PROVIDE (__bss_start, .)
 *(.bss)
 *(.bss*)
 .bss.AD_freq   0x008001a2        0x4 003.o
                0x008001a2                AD_freq
 .bss.dataLcdBuffer
                0x008001a6       0x64 003.o
 .bss.position  0x0080020a        0x1 003.o
                0x0080020a                position
 .bss.Ypos2     0x0080020b        0x1 003.o
                0x0080020b                Ypos2
 .bss.complete  0x0080020c        0x1 003.o
                0x0080020c                complete
 .bss.prevADCvalue
                0x0080020d        0x1 003.o
                0x0080020d                prevADCvalue
 .bss.upLimit   0x0080020e        0x1 003.o
                0x0080020e                upLimit
 .bss.findZero  0x0080020f        0x1 003.o
                0x0080020f                findZero
 .bss.trigger   0x00800210        0x1 003.o
                0x00800210                trigger
 .bss.timeDiv   0x00800211        0x2 003.o
                0x00800211                timeDiv
 .bss.dataCounter
                0x00800213        0x2 003.o
                0x00800213                dataCounter
 .bss.lcd_texty
                0x00800215        0x1 includes/lcd.o
                0x00800215                lcd_texty
 .bss.lcd_textx
                0x00800216        0x1 includes/lcd.o
                0x00800216                lcd_textx
 .bss.lcd_frameupdate
                0x00800217        0x1 includes/lcd.o
                0x00800217                lcd_frameupdate
 .bss.SPI_flag  0x00800218        0x2 includes/spi.o
                0x00800218                SPI_flag
 .bss.twi_timeout
                0x0080021a        0x1 includes/twi.o
                0x0080021a                twi_timeout
 .bss.checksum.1741
                0x0080021b        0x1 includes/uart.o
 .bss.byte_cnt.1742
                0x0080021c        0x1 includes/uart.o
 .bss.checksum_in.1735
                0x0080021d        0x1 includes/uart.o
 .bss.checksum.1734
                0x0080021e        0x1 includes/uart.o
 .bss.address.1733
                0x0080021f        0x1 includes/uart.o
 .bss.uart_rx_cnt.1732
                0x00800220        0x1 includes/uart.o
 .bss.checksum.1724
                0x00800221        0x1 includes/uart.o
 .bss.byte_cnt.1725
                0x00800222        0x1 includes/uart.o
 .bss.checksum_in.1718
                0x00800223        0x1 includes/uart.o
 .bss.checksum.1717
                0x00800224        0x1 includes/uart.o
 .bss.address.1716
                0x00800225        0x1 includes/uart.o
 .bss.uart_rx_cnt.1715
                0x00800226        0x1 includes/uart.o
 .bss.data_ok   0x00800227        0x1 includes/uart.o
                0x00800227                data_ok
 *(COMMON)
 COMMON         0x00800228        0x9 003.o
                0x00800228                frequency
                0x00800229                hex2asciiBuffer
                0x0080022d                voltage
                0x0080022f                ADCvalue
 COMMON         0x00800231      0x400 includes/lcd.o
                0x00800231                lcd_framebuffer
 COMMON         0x00800631       0xa0 includes/uart.o
                0x00800631                data_frame_in
                0x008006d1                PROVIDE (__bss_end, .)
                0x0000177c                __data_load_start = LOADADDR (.data)
                0x0000181e                __data_load_end = (__data_load_start + SIZEOF (.data))

.noinit         0x008006d1        0x0
                [!provide]                PROVIDE (__noinit_start, .)
 *(.noinit*)
                [!provide]                PROVIDE (__noinit_end, .)
                0x008006d1                _end = .
                [!provide]                PROVIDE (__heap_start, .)

.eeprom         0x00810000        0x0
 *(.eeprom*)
                0x00810000                __eeprom_end = .

.fuse
 *(.fuse)
 *(.lfuse)
 *(.hfuse)
 *(.efuse)

.lock
 *(.lock*)

.signature
 *(.signature*)

.user_signatures
 *(.user_signatures*)

.stab
 *(.stab)

.stabstr
 *(.stabstr)

.stab.excl
 *(.stab.excl)

.stab.exclstr
 *(.stab.exclstr)

.stab.index
 *(.stab.index)

.stab.indexstr
 *(.stab.indexstr)

.comment        0x00000000       0x30
 *(.comment)
 .comment       0x00000000       0x30 003.o
                                 0x31 (size before relaxing)
 .comment       0x00000030       0x31 includes/dataflash.o
 .comment       0x00000030       0x31 includes/lcd.o
 .comment       0x00000030       0x31 includes/spi.o
 .comment       0x00000030       0x31 includes/twi.o
 .comment       0x00000030       0x31 includes/uart.o

.note.gnu.avr.deviceinfo
                0x00000000       0x40
 .note.gnu.avr.deviceinfo
                0x00000000       0x40 D:/Program Files (x86)/Atmel/Studio/7.0/Packs/atmel/ATmega_DFP/1.0.106/gcc/dev/atmega1284/avr51/crtatmega1284.o

.note.gnu.build-id
 *(.note.gnu.build-id)

.debug
 *(.debug)

.line
 *(.line)

.debug_srcinfo
 *(.debug_srcinfo)

.debug_sfnames
 *(.debug_sfnames)

.debug_aranges  0x00000000      0x2c0
 *(.debug_aranges)
 .debug_aranges
                0x00000000       0x70 003.o
 .debug_aranges
                0x00000070       0x60 includes/dataflash.o
 .debug_aranges
                0x000000d0       0xa0 includes/lcd.o
 .debug_aranges
                0x00000170       0x30 includes/spi.o
 .debug_aranges
                0x000001a0       0x48 includes/twi.o
 .debug_aranges
                0x000001e8       0xd8 includes/uart.o

.debug_pubnames
 *(.debug_pubnames)

.debug_info     0x00000000     0x2d84
 *(.debug_info .gnu.linkonce.wi.*)
 .debug_info    0x00000000      0xc18 003.o
 .debug_info    0x00000c18      0x53e includes/dataflash.o
 .debug_info    0x00001156      0xd35 includes/lcd.o
 .debug_info    0x00001e8b       0xee includes/spi.o
 .debug_info    0x00001f79      0x147 includes/twi.o
 .debug_info    0x000020c0      0xcc4 includes/uart.o

.debug_abbrev   0x00000000      0xae3
 *(.debug_abbrev)
 .debug_abbrev  0x00000000      0x353 003.o
 .debug_abbrev  0x00000353       0xf4 includes/dataflash.o
 .debug_abbrev  0x00000447      0x27c includes/lcd.o
 .debug_abbrev  0x000006c3       0xb6 includes/spi.o
 .debug_abbrev  0x00000779       0xc6 includes/twi.o
 .debug_abbrev  0x0000083f      0x2a4 includes/uart.o

.debug_line     0x00000000     0x1eda
 *(.debug_line .debug_line.* .debug_line_end)
 .debug_line    0x00000000      0x8da 003.o
 .debug_line    0x000008da      0x2bc includes/dataflash.o
 .debug_line    0x00000b96      0x5d1 includes/lcd.o
 .debug_line    0x00001167      0x111 includes/spi.o
 .debug_line    0x00001278      0x20d includes/twi.o
 .debug_line    0x00001485      0xa55 includes/uart.o

.debug_frame    0x00000000      0x834
 *(.debug_frame)
 .debug_frame   0x00000000       0xe4 003.o
 .debug_frame   0x000000e4      0x148 includes/dataflash.o
 .debug_frame   0x0000022c      0x24c includes/lcd.o
 .debug_frame   0x00000478       0x44 includes/spi.o
 .debug_frame   0x000004bc       0x90 includes/twi.o
 .debug_frame   0x0000054c      0x2e8 includes/uart.o

.debug_str      0x00000000      0x88d
 *(.debug_str)
 .debug_str     0x00000000      0x3ad 003.o
                                0x414 (size before relaxing)
 .debug_str     0x000003ad      0x123 includes/dataflash.o
                                0x270 (size before relaxing)
 .debug_str     0x000004d0      0x115 includes/lcd.o
                                0x388 (size before relaxing)
 .debug_str     0x000005e5       0x2e includes/spi.o
                                0x1a1 (size before relaxing)
 .debug_str     0x00000613       0x29 includes/twi.o
                                0x1ad (size before relaxing)
 .debug_str     0x0000063c      0x251 includes/uart.o
                                0x407 (size before relaxing)

.debug_loc      0x00000000     0x2b7c
 *(.debug_loc)
 .debug_loc     0x00000000      0x569 003.o
 .debug_loc     0x00000569      0x654 includes/dataflash.o
 .debug_loc     0x00000bbd      0xc3f includes/lcd.o
 .debug_loc     0x000017fc       0x1f includes/spi.o
 .debug_loc     0x0000181b       0xb0 includes/twi.o
 .debug_loc     0x000018cb     0x12b1 includes/uart.o

.debug_macinfo
 *(.debug_macinfo)

.debug_weaknames
 *(.debug_weaknames)

.debug_funcnames
 *(.debug_funcnames)

.debug_typenames
 *(.debug_typenames)

.debug_varnames
 *(.debug_varnames)

.debug_pubtypes
 *(.debug_pubtypes)

.debug_ranges   0x00000000      0x2c0
 *(.debug_ranges)
 .debug_ranges  0x00000000       0x78 003.o
 .debug_ranges  0x00000078       0x50 includes/dataflash.o
 .debug_ranges  0x000000c8       0xa8 includes/lcd.o
 .debug_ranges  0x00000170       0x20 includes/spi.o
 .debug_ranges  0x00000190       0x38 includes/twi.o
 .debug_ranges  0x000001c8       0xf8 includes/uart.o

.debug_macro
 *(.debug_macro)
OUTPUT(003.elf elf32-avr)
LOAD linker stubs
